Archive member included because of file (symbol)

c:/program files/atollic/truestudio for stmicroelectronics stm32 lite 2.2.0/armtools/bin/../lib/gcc/arm-atollic-eabi/4.5.1/../../../../arm-atollic-eabi/lib/thumb/thumb2\libc.a(lib_a-init.o)
                              TrueSTUDIO\startup_stm32f4xx.o (__libc_init_array)

Allocating common symbols
Common symbol       size              file

TIM_TimeBaseStructure
                    0xc               User\main.o
XOffset             0x1               User\main.o
Buffer              0x6               User\main.o
YOffset             0x1               User\main.o
NVIC_InitStructure  0x4               STM32F4-Discovery\stm32f4_discovery.o

Discarded input sections

 .text          0x00000000        0x0 c:/program files/atollic/truestudio for stmicroelectronics stm32 lite 2.2.0/armtools/bin/../lib/gcc/arm-atollic-eabi/4.5.1/thumb/thumb2/crti.o
 .data          0x00000000        0x0 c:/program files/atollic/truestudio for stmicroelectronics stm32 lite 2.2.0/armtools/bin/../lib/gcc/arm-atollic-eabi/4.5.1/thumb/thumb2/crti.o
 .bss           0x00000000        0x0 c:/program files/atollic/truestudio for stmicroelectronics stm32 lite 2.2.0/armtools/bin/../lib/gcc/arm-atollic-eabi/4.5.1/thumb/thumb2/crti.o
 .data          0x00000000        0x4 c:/program files/atollic/truestudio for stmicroelectronics stm32 lite 2.2.0/armtools/bin/../lib/gcc/arm-atollic-eabi/4.5.1/thumb/thumb2/crtbegin.o
 .text          0x00000000        0x0 User\system_stm32f4xx.o
 .data          0x00000000        0x0 User\system_stm32f4xx.o
 .bss           0x00000000        0x0 User\system_stm32f4xx.o
 .text.SystemCoreClockUpdate
                0x00000000       0x90 User\system_stm32f4xx.o
 .data.AHBPrescTable
                0x00000000       0x10 User\system_stm32f4xx.o
 .text          0x00000000        0x0 User\stm32f4xx_it.o
 .data          0x00000000        0x0 User\stm32f4xx_it.o
 .bss           0x00000000        0x0 User\stm32f4xx_it.o
 .text          0x00000000        0x0 User\main.o
 .data          0x00000000        0x0 User\main.o
 .bss           0x00000000        0x0 User\main.o
 .text          0x00000000       0x14 TrueSTUDIO\startup_stm32f4xx.o
 .data          0x00000000        0x0 TrueSTUDIO\startup_stm32f4xx.o
 .bss           0x00000000        0x0 TrueSTUDIO\startup_stm32f4xx.o
 .text          0x00000000        0x0 STM32F4xx_StdPeriph_Driver\stm32f4xx_tim.o
 .data          0x00000000        0x0 STM32F4xx_StdPeriph_Driver\stm32f4xx_tim.o
 .bss           0x00000000        0x0 STM32F4xx_StdPeriph_Driver\stm32f4xx_tim.o
 .text.TI1_Config
                0x00000000       0x38 STM32F4xx_StdPeriph_Driver\stm32f4xx_tim.o
 .text.TI2_Config
                0x00000000       0x3c STM32F4xx_StdPeriph_Driver\stm32f4xx_tim.o
 .text.TIM_DeInit
                0x00000000      0x154 STM32F4xx_StdPeriph_Driver\stm32f4xx_tim.o
 .text.TIM_TimeBaseStructInit
                0x00000000       0x12 STM32F4xx_StdPeriph_Driver\stm32f4xx_tim.o
 .text.TIM_PrescalerConfig
                0x00000000        0x6 STM32F4xx_StdPeriph_Driver\stm32f4xx_tim.o
 .text.TIM_CounterModeConfig
                0x00000000       0x12 STM32F4xx_StdPeriph_Driver\stm32f4xx_tim.o
 .text.TIM_SetCounter
                0x00000000        0x4 STM32F4xx_StdPeriph_Driver\stm32f4xx_tim.o
 .text.TIM_GetCounter
                0x00000000        0x4 STM32F4xx_StdPeriph_Driver\stm32f4xx_tim.o
 .text.TIM_GetPrescaler
                0x00000000        0x6 STM32F4xx_StdPeriph_Driver\stm32f4xx_tim.o
 .text.TIM_UpdateDisableConfig
                0x00000000       0x1a STM32F4xx_StdPeriph_Driver\stm32f4xx_tim.o
 .text.TIM_UpdateRequestConfig
                0x00000000       0x1a STM32F4xx_StdPeriph_Driver\stm32f4xx_tim.o
 .text.TIM_SelectOnePulseMode
                0x00000000       0x18 STM32F4xx_StdPeriph_Driver\stm32f4xx_tim.o
 .text.TIM_SetClockDivision
                0x00000000       0x18 STM32F4xx_StdPeriph_Driver\stm32f4xx_tim.o
 .text.TIM_OCStructInit
                0x00000000       0x14 STM32F4xx_StdPeriph_Driver\stm32f4xx_tim.o
 .text.TIM_SelectOCxM
                0x00000000       0x4c STM32F4xx_StdPeriph_Driver\stm32f4xx_tim.o
 .text.TIM_ForcedOC1Config
                0x00000000       0x12 STM32F4xx_StdPeriph_Driver\stm32f4xx_tim.o
 .text.TIM_ForcedOC2Config
                0x00000000       0x14 STM32F4xx_StdPeriph_Driver\stm32f4xx_tim.o
 .text.TIM_ForcedOC3Config
                0x00000000       0x12 STM32F4xx_StdPeriph_Driver\stm32f4xx_tim.o
 .text.TIM_ForcedOC4Config
                0x00000000       0x14 STM32F4xx_StdPeriph_Driver\stm32f4xx_tim.o
 .text.TIM_OC1FastConfig
                0x00000000       0x12 STM32F4xx_StdPeriph_Driver\stm32f4xx_tim.o
 .text.TIM_OC2FastConfig
                0x00000000       0x14 STM32F4xx_StdPeriph_Driver\stm32f4xx_tim.o
 .text.TIM_OC3FastConfig
[...]
Memory Configuration

Name             Origin             Length             Attributes
FLASH            0x08000000         0x00100000         xr
RAM              0x20000000         0x00030000         xrw
MEMORY_B1        0x60000000         0x00000000         xr
*default*        0x00000000         0xffffffff

Linker script and memory map

LOAD c:/program files/atollic/truestudio for stmicroelectronics stm32 lite 2.2.0/armtools/bin/../lib/gcc/arm-atollic-eabi/4.5.1/thumb/thumb2/crti.o
LOAD c:/program files/atollic/truestudio for stmicroelectronics stm32 lite 2.2.0/armtools/bin/../lib/gcc/arm-atollic-eabi/4.5.1/thumb/thumb2/crtbegin.o
LOAD User\system_stm32f4xx.o
LOAD User\stm32f4xx_it.o
LOAD User\main.o
LOAD TrueSTUDIO\startup_stm32f4xx.o
LOAD STM32F4xx_StdPeriph_Driver\stm32f4xx_tim.o
LOAD STM32F4xx_StdPeriph_Driver\stm32f4xx_spi.o
LOAD STM32F4xx_StdPeriph_Driver\stm32f4xx_rcc.o
LOAD STM32F4xx_StdPeriph_Driver\stm32f4xx_gpio.o
LOAD STM32F4xx_StdPeriph_Driver\stm32f4xx_dma.o
LOAD STM32F4xx_StdPeriph_Driver\stm32f4xx_adc.o
LOAD STM32F4xx_StdPeriph_Driver\misc.o
LOAD STM32F4-Discovery\stm32f4_discovery_lis302dl.o
LOAD STM32F4-Discovery\stm32f4_discovery.o
                0x00001000                malloc_getpagesize_P = 0x1000
START GROUP
LOAD c:/program files/atollic/truestudio for stmicroelectronics stm32 lite 2.2.0/armtools/bin/../lib/gcc/arm-atollic-eabi/4.5.1/thumb/thumb2\libgcc.a
LOAD c:/program files/atollic/truestudio for stmicroelectronics stm32 lite 2.2.0/armtools/bin/../lib/gcc/arm-atollic-eabi/4.5.1/../../../../arm-atollic-eabi/lib/thumb/thumb2\libc.a
END GROUP
LOAD c:/program files/atollic/truestudio for stmicroelectronics stm32 lite 2.2.0/armtools/bin/../lib/gcc/arm-atollic-eabi/4.5.1/thumb/thumb2/crtend.o
LOAD c:/program files/atollic/truestudio for stmicroelectronics stm32 lite 2.2.0/armtools/bin/../lib/gcc/arm-atollic-eabi/4.5.1/thumb/thumb2/crtn.o
                0x20020000                _estack = 0x20020000
                0x00000000                _Min_Heap_Size = 0x0
                0x00000400                _Min_Stack_Size = 0x400

.isr_vector     0x08000000      0x188
                0x08000000                . = ALIGN (0x4)
 *(.isr_vector)
 .isr_vector    0x08000000      0x188 TrueSTUDIO\startup_stm32f4xx.o
                0x08000000                g_pfnVectors
                0x08000188                . = ALIGN (0x4)

.text           0x08000188      0xe4c
                0x08000188                . = ALIGN (0x4)
 *(.text)
 .text          0x08000188       0x30 c:/program files/atollic/truestudio for stmicroelectronics stm32 lite 2.2.0/armtools/bin/../lib/gcc/arm-atollic-eabi/4.5.1/thumb/thumb2/crtbegin.o
 *(.text*)
 .text.SystemInit
                0x080001b8       0xec User\system_stm32f4xx.o
                0x080001b8                SystemInit
 .text.NMI_Handler
                0x080002a4        0x2 User\stm32f4xx_it.o
                0x080002a4                NMI_Handler
 .text.HardFault_Handler
                0x080002a6        0x2 User\stm32f4xx_it.o
                0x080002a6                HardFault_Handler
 .text.MemManage_Handler
                0x080002a8        0x2 User\stm32f4xx_it.o
                0x080002a8                MemManage_Handler
 .text.BusFault_Handler
                0x080002aa        0x2 User\stm32f4xx_it.o
                0x080002aa                BusFault_Handler
 .text.UsageFault_Handler
                0x080002ac        0x2 User\stm32f4xx_it.o
                0x080002ac                UsageFault_Handler
 .text.SVC_Handler
                0x080002ae        0x2 User\stm32f4xx_it.o
                0x080002ae                SVC_Handler
 .text.DebugMon_Handler
                0x080002b0        0x2 User\stm32f4xx_it.o
                0x080002b0                DebugMon_Handler
 .text.PendSV_Handler
                0x080002b2        0x2 User\stm32f4xx_it.o
                0x080002b2                PendSV_Handler
 .text.SysTick_Handler
                0x080002b4      0x170 User\stm32f4xx_it.o
                0x080002b4                SysTick_Handler
 .text.Delay    0x08000424       0x18 User\main.o
                0x08000424                Delay
 .text.main     0x0800043c      0x308 User\main.o
                0x0800043c                main
 .text.TimingDelay_Decrement
                0x08000744       0x14 User\main.o
                0x08000744                TimingDelay_Decrement
 .text.LIS302DL_TIMEOUT_UserCallback
                0x08000758        0x2 User\main.o
                0x08000758                LIS302DL_TIMEOUT_UserCallback
 *fill*         0x0800075a        0x2 00
 .text.Reset_Handler
                0x0800075c       0x48 TrueSTUDIO\startup_stm32f4xx.o
                0x0800075c                Reset_Handler
 .text.Default_Handler
                0x080007a4        0x2 TrueSTUDIO\startup_stm32f4xx.o
                0x080007a4                RTC_Alarm_IRQHandler
                0x080007a4                HASH_RNG_IRQHandler
                0x080007a4                EXTI2_IRQHandler
                0x080007a4                TIM8_CC_IRQHandler
                0x080007a4                TIM1_CC_IRQHandler
                0x080007a4                DMA2_Stream5_IRQHandler
                0x080007a4                DMA1_Stream5_IRQHandler
                0x080007a4                PVD_IRQHandler
                0x080007a4                SDIO_IRQHandler
                0x080007a4                TAMP_STAMP_IRQHandler
                0x080007a4                CAN2_RX1_IRQHandler
                0x080007a4                EXTI3_IRQHandler
                0x080007a4                TIM8_TRG_COM_TIM14_IRQHandler
                0x080007a4                TIM1_UP_TIM10_IRQHandler
                0x080007a4                TIM8_UP_TIM13_IRQHandler
                0x080007a4                I2C3_ER_IRQHandler
                0x080007a4                EXTI0_IRQHandler
                0x080007a4                I2C2_EV_IRQHandler
                0x080007a4                DMA1_Stream2_IRQHandler
                0x080007a4                CAN1_RX0_IRQHandler
                0x080007a4                FPU_IRQHandler
                0x080007a4                OTG_HS_WKUP_IRQHandler
                0x080007a4                CAN2_SCE_IRQHandler
                0x080007a4                DMA2_Stream2_IRQHandler
                0x080007a4                SPI1_IRQHandler
                0x080007a4                TIM6_DAC_IRQHandler
                0x080007a4                TIM1_BRK_TIM9_IRQHandler
                0x080007a4                DCMI_IRQHandler
                0x080007a4                CAN2_RX0_IRQHandler
                0x080007a4                DMA2_Stream3_IRQHandler
                0x080007a4                USART6_IRQHandler
                0x080007a4                USART3_IRQHandler
                0x080007a4                CRYP_IRQHandler
                0x080007a4                CAN1_RX1_IRQHandler
                0x080007a4                UART5_IRQHandler
                0x080007a4                DMA2_Stream0_IRQHandler
                0x080007a4                TIM4_IRQHandler
                0x080007a4                I2C1_EV_IRQHandler
                0x080007a4                DMA1_Stream6_IRQHandler
                0x080007a4                DMA1_Stream1_IRQHandler
                0x080007a4                UART4_IRQHandler
                0x080007a4                TIM3_IRQHandler
                0x080007a4                RCC_IRQHandler
                0x080007a4                TIM8_BRK_TIM12_IRQHandler
                0x080007a4                Default_Handler
                0x080007a4                EXTI15_10_IRQHandler
                0x080007a4                ADC_IRQHandler
                0x080007a4                DMA1_Stream7_IRQHandler
                0x080007a4                TIM7_IRQHandler
                0x080007a4                CAN2_TX_IRQHandler
                0x080007a4                TIM5_IRQHandler
                0x080007a4                DMA2_Stream7_IRQHandler
                0x080007a4                I2C3_EV_IRQHandler
                0x080007a4                EXTI9_5_IRQHandler
                0x080007a4                RTC_WKUP_IRQHandler
                0x080007a4                ETH_WKUP_IRQHandler
                0x080007a4                SPI2_IRQHandler
                0x080007a4                OTG_HS_EP1_IN_IRQHandler
                0x080007a4                DMA1_Stream0_IRQHandler
                0x080007a4                CAN1_TX_IRQHandler
                0x080007a4                EXTI4_IRQHandler
                0x080007a4                FSMC_IRQHandler
                0x080007a4                ETH_IRQHandler
                0x080007a4                OTG_HS_EP1_OUT_IRQHandler
                0x080007a4                WWDG_IRQHandler
                0x080007a4                TIM2_IRQHandler
                0x080007a4                OTG_FS_WKUP_IRQHandler
                0x080007a4                TIM1_TRG_COM_TIM11_IRQHandler
                0x080007a4                OTG_HS_IRQHandler
                0x080007a4                EXTI1_IRQHandler
                0x080007a4                USART2_IRQHandler
                0x080007a4                I2C2_ER_IRQHandler
                0x080007a4                DMA2_Stream1_IRQHandler
                0x080007a4                CAN1_SCE_IRQHandler
                0x080007a4                FLASH_IRQHandler
                0x080007a4                DMA2_Stream4_IRQHandler
                0x080007a4                USART1_IRQHandler
                0x080007a4                OTG_FS_IRQHandler
                0x080007a4                SPI3_IRQHandler
                0x080007a4                DMA1_Stream4_IRQHandler
                0x080007a4                I2C1_ER_IRQHandler
                0x080007a4                DMA2_Stream6_IRQHandler
                0x080007a4                DMA1_Stream3_IRQHandler
 *fill*         0x080007a6        0x2 00
 .text.TIM_TimeBaseInit
                0x080007a8       0x8c STM32F4xx_StdPeriph_Driver\stm32f4xx_tim.o
                0x080007a8                TIM_TimeBaseInit
 .text.TIM_SetAutoreload
                0x08000834        0x4 STM32F4xx_StdPeriph_Driver\stm32f4xx_tim.o
                0x08000834                TIM_SetAutoreload
 .text.TIM_ARRPreloadConfig
                0x08000838       0x1a STM32F4xx_StdPeriph_Driver\stm32f4xx_tim.o
                0x08000838                TIM_ARRPreloadConfig
 .text.TIM_Cmd  0x08000852       0x1a STM32F4xx_StdPeriph_Driver\stm32f4xx_tim.o
                0x08000852                TIM_Cmd
 .text.TIM_OC1Init
                0x0800086c       0x84 STM32F4xx_StdPeriph_Driver\stm32f4xx_tim.o
                0x0800086c                TIM_OC1Init
 .text.TIM_OC2Init
                0x080008f0       0x90 STM32F4xx_StdPeriph_Driver\stm32f4xx_tim.o
                0x080008f0                TIM_OC2Init
 .text.TIM_OC3Init
                0x08000980       0x8c STM32F4xx_StdPeriph_Driver\stm32f4xx_tim.o
                0x08000980                TIM_OC3Init
 .text.TIM_OC4Init
                0x08000a0c       0x6c STM32F4xx_StdPeriph_Driver\stm32f4xx_tim.o
                0x08000a0c                TIM_OC4Init
 .text.TIM_SetCompare1
                0x08000a78        0x4 STM32F4xx_StdPeriph_Driver\stm32f4xx_tim.o
                0x08000a78                TIM_SetCompare1
 .text.TIM_SetCompare2
                0x08000a7c        0x4 STM32F4xx_StdPeriph_Driver\stm32f4xx_tim.o
                0x08000a7c                TIM_SetCompare2
 .text.TIM_SetCompare3
                0x08000a80        0x4 STM32F4xx_StdPeriph_Driver\stm32f4xx_tim.o
                0x08000a80                TIM_SetCompare3
 .text.TIM_SetCompare4
                0x08000a84        0x4 STM32F4xx_StdPeriph_Driver\stm32f4xx_tim.o
                0x08000a84                TIM_SetCompare4
 .text.TIM_OC1PreloadConfig
                0x08000a88       0x12 STM32F4xx_StdPeriph_Driver\stm32f4xx_tim.o
                0x08000a88                TIM_OC1PreloadConfig
 .text.TIM_OC2PreloadConfig
                0x08000a9a       0x14 STM32F4xx_StdPeriph_Driver\stm32f4xx_tim.o
                0x08000a9a                TIM_OC2PreloadConfig
 .text.TIM_OC3PreloadConfig
                0x08000aae       0x12 STM32F4xx_StdPeriph_Driver\stm32f4xx_tim.o
                0x08000aae                TIM_OC3PreloadConfig
 .text.TIM_OC4PreloadConfig
                0x08000ac0       0x14 STM32F4xx_StdPeriph_Driver\stm32f4xx_tim.o
                0x08000ac0                TIM_OC4PreloadConfig
 .text.TIM_CCxCmd
                0x08000ad4       0x20 STM32F4xx_StdPeriph_Driver\stm32f4xx_tim.o
                0x08000ad4                TIM_CCxCmd
 .text.SPI_I2S_DeInit
                0x08000af4       0x64 STM32F4xx_StdPeriph_Driver\stm32f4xx_spi.o
                0x08000af4                SPI_I2S_DeInit
 .text.SPI_Init
                0x08000b58       0x42 STM32F4xx_StdPeriph_Driver\stm32f4xx_spi.o
                0x08000b58                SPI_Init
 .text.SPI_Cmd  0x08000b9a       0x1a STM32F4xx_StdPeriph_Driver\stm32f4xx_spi.o
                0x08000b9a                SPI_Cmd
 .text.SPI_I2S_ReceiveData
                0x08000bb4        0x6 STM32F4xx_StdPeriph_Driver\stm32f4xx_spi.o
                0x08000bb4                SPI_I2S_ReceiveData
 .text.SPI_I2S_SendData
                0x08000bba        0x4 STM32F4xx_StdPeriph_Driver\stm32f4xx_spi.o
                0x08000bba                SPI_I2S_SendData
 .text.SPI_I2S_GetFlagStatus
                0x08000bbe        0xc STM32F4xx_StdPeriph_Driver\stm32f4xx_spi.o
                0x08000bbe                SPI_I2S_GetFlagStatus
 *fill*         0x08000bca        0x2 00
 .text.RCC_AHB1PeriphClockCmd
                0x08000bcc       0x18 STM32F4xx_StdPeriph_Driver\stm32f4xx_rcc.o
                0x08000bcc                RCC_AHB1PeriphClockCmd
 .text.RCC_APB1PeriphClockCmd
                0x08000be4       0x18 STM32F4xx_StdPeriph_Driver\stm32f4xx_rcc.o
                0x08000be4                RCC_APB1PeriphClockCmd
 .text.RCC_APB2PeriphClockCmd
                0x08000bfc       0x18 STM32F4xx_StdPeriph_Driver\stm32f4xx_rcc.o
                0x08000bfc                RCC_APB2PeriphClockCmd
 .text.RCC_APB1PeriphResetCmd
                0x08000c14       0x18 STM32F4xx_StdPeriph_Driver\stm32f4xx_rcc.o
                0x08000c14                RCC_APB1PeriphResetCmd
 .text.RCC_APB2PeriphResetCmd
                0x08000c2c       0x18 STM32F4xx_StdPeriph_Driver\stm32f4xx_rcc.o
                0x08000c2c                RCC_APB2PeriphResetCmd
 .text.GPIO_Init
                0x08000c44       0x86 STM32F4xx_StdPeriph_Driver\stm32f4xx_gpio.o
                0x08000c44                GPIO_Init
 .text.GPIO_SetBits
                0x08000cca        0x4 STM32F4xx_StdPeriph_Driver\stm32f4xx_gpio.o
                0x08000cca                GPIO_SetBits
 .text.GPIO_ResetBits
                0x08000cce        0x4 STM32F4xx_StdPeriph_Driver\stm32f4xx_gpio.o
                0x08000cce                GPIO_ResetBits
 .text.GPIO_PinAFConfig
                0x08000cd2       0x2e STM32F4xx_StdPeriph_Driver\stm32f4xx_gpio.o
                0x08000cd2                GPIO_PinAFConfig
 .text.LIS302DL_SendByte
                0x08000d00       0x60 STM32F4-Discovery\stm32f4_discovery_lis302dl.o
 .text.LIS302DL_Write
                0x08000d60       0x40 STM32F4-Discovery\stm32f4_discovery_lis302dl.o
                0x08000d60                LIS302DL_Write
 .text.LIS302DL_Init
                0x08000da0      0x15c STM32F4-Discovery\stm32f4_discovery_lis302dl.o
                0x08000da0                LIS302DL_Init
 .text.LIS302DL_Read
                0x08000efc       0x44 STM32F4-Discovery\stm32f4_discovery_lis302dl.o
                0x08000efc                LIS302DL_Read
 .text.LIS302DL_InterruptConfig
                0x08000f40       0x32 STM32F4-Discovery\stm32f4_discovery_lis302dl.o
                0x08000f40                LIS302DL_InterruptConfig
 *fill*         0x08000f72        0x2 00
 .text.__libc_init_array
                0x08000f74       0x48 c:/program files/atollic/truestudio for stmicroelectronics stm32 lite 2.2.0/armtools/bin/../lib/gcc/arm-atollic-eabi/4.5.1/../../../../arm-atollic-eabi/lib/thumb/thumb2\libc.a(lib_a-init.o)
                0x08000f74                __libc_init_array
 *(.rodata)
 *(.rodata*)
 *(.glue_7)
 .glue_7        0x00000000        0x0 linker stubs
 *(.glue_7t)
 .glue_7t       0x00000000        0x0 linker stubs
 *(.eh_frame)
 *(.init)
 .init          0x08000fbc        0x4 c:/program files/atollic/truestudio for stmicroelectronics stm32 lite 2.2.0/armtools/bin/../lib/gcc/arm-atollic-eabi/4.5.1/thumb/thumb2/crti.o
                0x08000fbc                _init
 .init          0x08000fc0        0x8 c:/program files/atollic/truestudio for stmicroelectronics stm32 lite 2.2.0/armtools/bin/../lib/gcc/arm-atollic-eabi/4.5.1/thumb/thumb2/crtn.o
 *(.fini)
 .fini          0x08000fc8        0x4 c:/program files/atollic/truestudio for stmicroelectronics stm32 lite 2.2.0/armtools/bin/../lib/gcc/arm-atollic-eabi/4.5.1/thumb/thumb2/crti.o
                0x08000fc8                _fini
 .fini          0x08000fcc        0x8 c:/program files/atollic/truestudio for stmicroelectronics stm32 lite 2.2.0/armtools/bin/../lib/gcc/arm-atollic-eabi/4.5.1/thumb/thumb2/crtn.o
                0x08000fd4                . = ALIGN (0x4)
                0x08000fd4                _etext = .

.vfp11_veneer   0x08000fd4        0x0
 .vfp11_veneer  0x00000000        0x0 linker stubs

.v4_bx          0x08000fd4        0x0
 .v4_bx         0x00000000        0x0 linker stubs

.ARM.extab
 *(.ARM.extab* .gnu.linkonce.armextab.*)

.ARM            0x08000fd4        0x0
                0x08000fd4                __exidx_start = .
 *(.ARM.exidx*)
                0x08000fd4                __exidx_end = .

.preinit_array  0x08000fd4        0x0
                0x08000fd4                PROVIDE (__preinit_array_start, .)
 *(.preinit_array*)
                0x08000fd4                PROVIDE (__preinit_array_end, .)

.init_array     0x08000fd4        0x4
                0x08000fd4                PROVIDE (__init_array_start, .)
 *(SORT(.init_array.*))
 *(.init_array*)
 .init_array    0x08000fd4        0x4 c:/program files/atollic/truestudio for stmicroelectronics stm32 lite 2.2.0/armtools/bin/../lib/gcc/arm-atollic-eabi/4.5.1/thumb/thumb2/crtbegin.o
                0x08000fd8                PROVIDE (__init_array_end, .)

.fini_array     0x08000fd8        0x4
                0x08000fd8                PROVIDE (__fini_array_start, .)
 *(.fini_array*)
 .fini_array    0x08000fd8        0x4 c:/program files/atollic/truestudio for stmicroelectronics stm32 lite 2.2.0/armtools/bin/../lib/gcc/arm-atollic-eabi/4.5.1/thumb/thumb2/crtbegin.o
 *(SORT(.fini_array.*))
                0x08000fdc                PROVIDE (__fini_array_end, .)
                0x08000fdc                _sidata = .

.data           0x20000000        0x8 load address 0x08000fdc
                0x20000000                . = ALIGN (0x4)
                0x20000000                _sdata = .
 *(.data)
 *(.data*)
 .data.SystemCoreClock
                0x20000000        0x4 User\system_stm32f4xx.o
                0x20000000                SystemCoreClock
 .data.LIS302DLTimeout
                0x20000004        0x4 STM32F4-Discovery\stm32f4_discovery_lis302dl.o
                0x20000004                LIS302DLTimeout
                0x20000008                . = ALIGN (0x4)
                0x20000008                _edata = .

.jcr            0x20000008        0x0 load address 0x08000fe4
 .jcr           0x20000008        0x0 c:/program files/atollic/truestudio for stmicroelectronics stm32 lite 2.2.0/armtools/bin/../lib/gcc/arm-atollic-eabi/4.5.1/thumb/thumb2/crtbegin.o
                0x20000008                . = ALIGN (0x4)

.bss            0x20000008       0x20 load address 0x08000fe4
                0x20000008                _sbss = .
                0x20000008                __bss_start__ = _sbss
 *(.bss)
 .bss           0x20000008        0x1 c:/program files/atollic/truestudio for stmicroelectronics stm32 lite 2.2.0/armtools/bin/../lib/gcc/arm-atollic-eabi/4.5.1/thumb/thumb2/crtbegin.o
 *(.bss*)
 .bss.ClickReg  0x20000009        0x1 User\stm32f4xx_it.o
                0x20000009                ClickReg
 .bss.TempAcceleration
                0x2000000a        0x1 User\stm32f4xx_it.o
                0x2000000a                TempAcceleration
 .bss.Counter   0x2000000b        0x1 User\stm32f4xx_it.o
                0x2000000b                Counter
 .bss.SingleClickDetect
                0x2000000c        0x1 User\main.o
                0x2000000c                SingleClickDetect
 *fill*         0x2000000d        0x1 00
 .bss.PrescalerValue
                0x2000000e        0x2 User\main.o
                0x2000000e                PrescalerValue
 .bss.TimingDelay
                0x20000010        0x4 User\main.o
                0x20000010                TimingDelay
 *(COMMON)
 COMMON         0x20000014       0x14 User\main.o
                0x20000014                TIM_TimeBaseStructure
                0x20000020                XOffset
                0x20000021                Buffer
                0x20000027                YOffset
                0x20000028                . = ALIGN (0x4)
                0x20000028                _ebss = .
                0x20000028                __bss_end__ = _ebss

._user_heap_stack
                0x20000028      0x400 load address 0x08001004
                0x20000028                . = ALIGN (0x4)
                0x20000028                PROVIDE (end, .)
                0x20000028                PROVIDE (_end, .)
                0x20000028                . = (. + _Min_Heap_Size)
                0x20000428                . = (. + _Min_Stack_Size)
 *fill*         0x20000028      0x400 00
                0x20000428                . = ALIGN (0x4)

.memory_b1_text
 *(.mb1text)
 *(.mb1text*)
 *(.mb1rodata)
 *(.mb1rodata*)

/DISCARD/
 libc.a(*)
 libm.a(*)
 libgcc.a(*)

.ARM.attributes
                0x00000000       0x2d
 *(.ARM.attributes)
 .ARM.attributes
                0x00000000       0x19 c:/program files/atollic/truestudio for stmicroelectronics stm32 lite 2.2.0/armtools/bin/../lib/gcc/arm-atollic-eabi/4.5.1/thumb/thumb2/crti.o
 .ARM.attributes
                0x00000019       0x29 c:/program files/atollic/truestudio for stmicroelectronics stm32 lite 2.2.0/armtools/bin/../lib/gcc/arm-atollic-eabi/4.5.1/thumb/thumb2/crtbegin.o
 .ARM.attributes
                0x00000042       0x31 User\system_stm32f4xx.o
 .ARM.attributes
                0x00000073       0x31 User\stm32f4xx_it.o
 .ARM.attributes
                0x000000a4       0x31 User\main.o
 .ARM.attributes
                0x000000d5       0x21 TrueSTUDIO\startup_stm32f4xx.o
 .ARM.attributes
                0x000000f6       0x31 STM32F4xx_StdPeriph_Driver\stm32f4xx_tim.o
 .ARM.attributes
                0x00000127       0x31 STM32F4xx_StdPeriph_Driver\stm32f4xx_spi.o
 .ARM.attributes
                0x00000158       0x31 STM32F4xx_StdPeriph_Driver\stm32f4xx_rcc.o
 .ARM.attributes
                0x00000189       0x31 STM32F4xx_StdPeriph_Driver\stm32f4xx_gpio.o
 .ARM.attributes
                0x000001ba       0x31 STM32F4xx_StdPeriph_Driver\stm32f4xx_dma.o
 .ARM.attributes
                0x000001eb       0x31 STM32F4xx_StdPeriph_Driver\stm32f4xx_adc.o
 .ARM.attributes
                0x0000021c       0x31 STM32F4xx_StdPeriph_Driver\misc.o
 .ARM.attributes
                0x0000024d       0x31 STM32F4-Discovery\stm32f4_discovery_lis302dl.o
 .ARM.attributes
                0x0000027e       0x31 STM32F4-Discovery\stm32f4_discovery.o
 .ARM.attributes
                0x000002af       0x29 c:/program files/atollic/truestudio for stmicroelectronics stm32 lite 2.2.0/armtools/bin/../lib/gcc/arm-atollic-eabi/4.5.1/../../../../arm-atollic-eabi/lib/thumb/thumb2\libc.a(lib_a-init.o)
 .ARM.attributes
                0x000002d8       0x29 c:/program files/atollic/truestudio for stmicroelectronics stm32 lite 2.2.0/armtools/bin/../lib/gcc/arm-atollic-eabi/4.5.1/thumb/thumb2/crtend.o
 .ARM.attributes
                0x00000301       0x19 c:/program files/atollic/truestudio for stmicroelectronics stm32 lite 2.2.0/armtools/bin/../lib/gcc/arm-atollic-eabi/4.5.1/thumb/thumb2/crtn.o
OUTPUT(LIS302DL.elf elf32-littlearm)

.debug_line     0x00000000     0x32e9
 .debug_line    0x00000000       0x6d c:/program files/atollic/truestudio for stmicroelectronics stm32 lite 2.2.0/armtools/bin/../lib/gcc/arm-atollic-eabi/4.5.1/thumb/thumb2/crti.o
 .debug_line    0x0000006d      0x1d4 User\system_stm32f4xx.o
 .debug_line    0x00000241      0x234 User\stm32f4xx_it.o
 .debug_line    0x00000475      0x319 User\main.o
 .debug_line    0x0000078e       0xb4 TrueSTUDIO\startup_stm32f4xx.o
 .debug_line    0x00000842      0xac4 STM32F4xx_StdPeriph_Driver\stm32f4xx_tim.o
 .debug_line    0x00001306      0x480 STM32F4xx_StdPeriph_Driver\stm32f4xx_spi.o
 .debug_line    0x00001786      0x576 STM32F4xx_StdPeriph_Driver\stm32f4xx_rcc.o
 .debug_line    0x00001cfc      0x333 STM32F4xx_StdPeriph_Driver\stm32f4xx_gpio.o
 .debug_line    0x0000202f      0x3c8 STM32F4xx_StdPeriph_Driver\stm32f4xx_dma.o
 .debug_line    0x000023f7      0x565 STM32F4xx_StdPeriph_Driver\stm32f4xx_adc.o
 .debug_line    0x0000295c      0x249 STM32F4xx_StdPeriph_Driver\misc.o
 .debug_line    0x00002ba5      0x3fc STM32F4-Discovery\stm32f4_discovery_lis302dl.o
 .debug_line    0x00002fa1      0x2d8 STM32F4-Discovery\stm32f4_discovery.o
 .debug_line    0x00003279       0x70 c:/program files/atollic/truestudio for stmicroelectronics stm32 lite 2.2.0/armtools/bin/../lib/gcc/arm-atollic-eabi/4.5.1/thumb/thumb2/crtn.o

.debug_info     0x00000000     0x8484
 .debug_info    0x00000000       0x7e c:/program files/atollic/truestudio for stmicroelectronics stm32 lite 2.2.0/armtools/bin/../lib/gcc/arm-atollic-eabi/4.5.1/thumb/thumb2/crti.o
 .debug_info    0x0000007e      0x643 User\system_stm32f4xx.o
 .debug_info    0x000006c1      0x4e5 User\stm32f4xx_it.o
 .debug_info    0x00000ba6      0xe88 User\main.o
 .debug_info    0x00001a2e      0x10e TrueSTUDIO\startup_stm32f4xx.o
 .debug_info    0x00001b3c     0x1e1d STM32F4xx_StdPeriph_Driver\stm32f4xx_tim.o
 .debug_info    0x00003959      0xbb5 STM32F4xx_StdPeriph_Driver\stm32f4xx_spi.o
 .debug_info    0x0000450e      0xd05 STM32F4xx_StdPeriph_Driver\stm32f4xx_rcc.o
 .debug_info    0x00005213      0x62d STM32F4xx_StdPeriph_Driver\stm32f4xx_gpio.o
 .debug_info    0x00005840      0x78b STM32F4xx_StdPeriph_Driver\stm32f4xx_dma.o
 .debug_info    0x00005fcb      0xcce STM32F4xx_StdPeriph_Driver\stm32f4xx_adc.o
 .debug_info    0x00006c99      0x596 STM32F4xx_StdPeriph_Driver\misc.o
 .debug_info    0x0000722f      0x870 STM32F4-Discovery\stm32f4_discovery_lis302dl.o
 .debug_info    0x00007a9f      0x967 STM32F4-Discovery\stm32f4_discovery.o
 .debug_info    0x00008406       0x7e c:/program files/atollic/truestudio for stmicroelectronics stm32 lite 2.2.0/armtools/bin/../lib/gcc/arm-atollic-eabi/4.5.1/thumb/thumb2/crtn.o

.debug_abbrev   0x00000000     0x14e7
 .debug_abbrev  0x00000000       0x12 c:/program files/atollic/truestudio for stmicroelectronics stm32 lite 2.2.0/armtools/bin/../lib/gcc/arm-atollic-eabi/4.5.1/thumb/thumb2/crti.o
 .debug_abbrev  0x00000012      0x16e User\system_stm32f4xx.o
 .debug_abbrev  0x00000180      0x11b User\stm32f4xx_it.o
 .debug_abbrev  0x0000029b      0x24a User\main.o
 .debug_abbrev  0x000004e5       0x12 TrueSTUDIO\startup_stm32f4xx.o
 .debug_abbrev  0x000004f7      0x20e STM32F4xx_StdPeriph_Driver\stm32f4xx_tim.o
 .debug_abbrev  0x00000705      0x1ae STM32F4xx_StdPeriph_Driver\stm32f4xx_spi.o
 .debug_abbrev  0x000008b3      0x1f8 STM32F4xx_StdPeriph_Driver\stm32f4xx_rcc.o
 .debug_abbrev  0x00000aab      0x1d0 STM32F4xx_StdPeriph_Driver\stm32f4xx_gpio.o
 .debug_abbrev  0x00000c7b      0x19e STM32F4xx_StdPeriph_Driver\stm32f4xx_dma.o
 .debug_abbrev  0x00000e19      0x1d7 STM32F4xx_StdPeriph_Driver\stm32f4xx_adc.o
 .debug_abbrev  0x00000ff0      0x14e STM32F4xx_StdPeriph_Driver\misc.o
 .debug_abbrev  0x0000113e      0x1f9 STM32F4-Discovery\stm32f4_discovery_lis302dl.o
 .debug_abbrev  0x00001337      0x19e STM32F4-Discovery\stm32f4_discovery.o
 .debug_abbrev  0x000014d5       0x12 c:/program files/atollic/truestudio for stmicroelectronics stm32 lite 2.2.0/armtools/bin/../lib/gcc/arm-atollic-eabi/4.5.1/thumb/thumb2/crtn.o

.debug_aranges  0x00000000      0x9f0
 .debug_aranges
                0x00000000       0x28 c:/program files/atollic/truestudio for stmicroelectronics stm32 lite 2.2.0/armtools/bin/../lib/gcc/arm-atollic-eabi/4.5.1/thumb/thumb2/crti.o
 .debug_aranges
                0x00000028       0x28 User\system_stm32f4xx.o
 .debug_aranges
                0x00000050       0x60 User\stm32f4xx_it.o
 .debug_aranges
                0x000000b0       0x38 User\main.o
 .debug_aranges
                0x000000e8       0x28 TrueSTUDIO\startup_stm32f4xx.o
 .debug_aranges
                0x00000110      0x2e8 STM32F4xx_StdPeriph_Driver\stm32f4xx_tim.o
 .debug_aranges
                0x000003f8       0xe0 STM32F4xx_StdPeriph_Driver\stm32f4xx_spi.o
 .debug_aranges
                0x000004d8      0x178 STM32F4xx_StdPeriph_Driver\stm32f4xx_rcc.o
 .debug_aranges
                0x00000650       0x88 STM32F4xx_StdPeriph_Driver\stm32f4xx_gpio.o
 .debug_aranges
                0x000006d8       0xb0 STM32F4xx_StdPeriph_Driver\stm32f4xx_dma.o
 .debug_aranges
                0x00000788      0x148 STM32F4xx_StdPeriph_Driver\stm32f4xx_adc.o
 .debug_aranges
                0x000008d0       0x40 STM32F4xx_StdPeriph_Driver\misc.o
 .debug_aranges
                0x00000910       0x70 STM32F4-Discovery\stm32f4_discovery_lis302dl.o
 .debug_aranges
                0x00000980       0x48 STM32F4-Discovery\stm32f4_discovery.o
 .debug_aranges
                0x000009c8       0x28 c:/program files/atollic/truestudio for stmicroelectronics stm32 lite 2.2.0/armtools/bin/../lib/gcc/arm-atollic-eabi/4.5.1/thumb/thumb2/crtn.o

.debug_ranges   0x00000000      0x990
 .debug_ranges  0x00000000       0x20 c:/program files/atollic/truestudio for stmicroelectronics stm32 lite 2.2.0/armtools/bin/../lib/gcc/arm-atollic-eabi/4.5.1/thumb/thumb2/crti.o
 .debug_ranges  0x00000020       0x18 User\system_stm32f4xx.o
 .debug_ranges  0x00000038       0x50 User\stm32f4xx_it.o
 .debug_ranges  0x00000088       0x40 User\main.o
 .debug_ranges  0x000000c8       0x20 TrueSTUDIO\startup_stm32f4xx.o
 .debug_ranges  0x000000e8      0x308 STM32F4xx_StdPeriph_Driver\stm32f4xx_tim.o
 .debug_ranges  0x000003f0       0xd0 STM32F4xx_StdPeriph_Driver\stm32f4xx_spi.o
 .debug_ranges  0x000004c0      0x168 STM32F4xx_StdPeriph_Driver\stm32f4xx_rcc.o
 .debug_ranges  0x00000628       0x78 STM32F4xx_StdPeriph_Driver\stm32f4xx_gpio.o
 .debug_ranges  0x000006a0       0xa0 STM32F4xx_StdPeriph_Driver\stm32f4xx_dma.o
 .debug_ranges  0x00000740      0x138 STM32F4xx_StdPeriph_Driver\stm32f4xx_adc.o
 .debug_ranges  0x00000878       0x30 STM32F4xx_StdPeriph_Driver\misc.o
 .debug_ranges  0x000008a8       0x90 STM32F4-Discovery\stm32f4_discovery_lis302dl.o
 .debug_ranges  0x00000938       0x38 STM32F4-Discovery\stm32f4_discovery.o
 .debug_ranges  0x00000970       0x20 c:/program files/atollic/truestudio for stmicroelectronics stm32 lite 2.2.0/armtools/bin/../lib/gcc/arm-atollic-eabi/4.5.1/thumb/thumb2/crtn.o

.comment        0x00000000       0xc2
 .comment       0x00000000       0x61 c:/program files/atollic/truestudio for stmicroelectronics stm32 lite 2.2.0/armtools/bin/../lib/gcc/arm-atollic-eabi/4.5.1/thumb/thumb2/crtbegin.o
                                 0x62 (size before relaxing)
 .comment       0x00000061       0x61 User\system_stm32f4xx.o
                                 0x62 (size before relaxing)
 .comment       0x00000000       0x62 User\stm32f4xx_it.o
 .comment       0x00000000       0x62 User\main.o
 .comment       0x00000000       0x62 STM32F4xx_StdPeriph_Driver\stm32f4xx_tim.o
 .comment       0x00000000       0x62 STM32F4xx_StdPeriph_Driver\stm32f4xx_spi.o
 .comment       0x00000000       0x62 STM32F4xx_StdPeriph_Driver\stm32f4xx_rcc.o
 .comment       0x00000000       0x62 STM32F4xx_StdPeriph_Driver\stm32f4xx_gpio.o
 .comment       0x00000000       0x62 STM32F4xx_StdPeriph_Driver\stm32f4xx_dma.o
 .comment       0x00000000       0x62 STM32F4xx_StdPeriph_Driver\stm32f4xx_adc.o
 .comment       0x00000000       0x62 STM32F4xx_StdPeriph_Driver\misc.o
 .comment       0x00000000       0x62 STM32F4-Discovery\stm32f4_discovery_lis302dl.o
 .comment       0x00000000       0x62 STM32F4-Discovery\stm32f4_discovery.o
 .comment       0x00000000       0x62 c:/program files/atollic/truestudio for stmicroelectronics stm32 lite 2.2.0/armtools/bin/../lib/gcc/arm-atollic-eabi/4.5.1/../../../../arm-atollic-eabi/lib/thumb/thumb2\libc.a(lib_a-init.o)
 .comment       0x00000000       0x62 c:/program files/atollic/truestudio for stmicroelectronics stm32 lite 2.2.0/armtools/bin/../lib/gcc/arm-atollic-eabi/4.5.1/thumb/thumb2/crtend.o

.debug_loc      0x00000000     0x33f5
 .debug_loc     0x00000000      0x10e User\system_stm32f4xx.o
 .debug_loc     0x0000010e       0x34 User\stm32f4xx_it.o
 .debug_loc     0x00000142       0xb5 User\main.o
 .debug_loc     0x000001f7     0x114a STM32F4xx_StdPeriph_Driver\stm32f4xx_tim.o
 .debug_loc     0x00001341      0x513 STM32F4xx_StdPeriph_Driver\stm32f4xx_spi.o
 .debug_loc     0x00001854      0x6c0 STM32F4xx_StdPeriph_Driver\stm32f4xx_rcc.o
 .debug_loc     0x00001f14      0x278 STM32F4xx_StdPeriph_Driver\stm32f4xx_gpio.o
 .debug_loc     0x0000218c      0x308 STM32F4xx_StdPeriph_Driver\stm32f4xx_dma.o
 .debug_loc     0x00002494      0x8fa STM32F4xx_StdPeriph_Driver\stm32f4xx_adc.o
 .debug_loc     0x00002d8e       0xff STM32F4xx_StdPeriph_Driver\misc.o
 .debug_loc     0x00002e8d      0x4b0 STM32F4-Discovery\stm32f4_discovery_lis302dl.o
 .debug_loc     0x0000333d       0xb8 STM32F4-Discovery\stm32f4_discovery.o

.debug_pubnames
                0x00000000     0x1a49
 .debug_pubnames
                0x00000000       0x61 User\system_stm32f4xx.o
 .debug_pubnames
                0x00000061       0xf4 User\stm32f4xx_it.o
 .debug_pubnames
                0x00000155       0xd7 User\main.o
 .debug_pubnames
                0x0000022c      0x7c4 STM32F4xx_StdPeriph_Driver\stm32f4xx_tim.o
 .debug_pubnames
                0x000009f0      0x221 STM32F4xx_StdPeriph_Driver\stm32f4xx_spi.o
 .debug_pubnames
                0x00000c11      0x417 STM32F4xx_StdPeriph_Driver\stm32f4xx_rcc.o
 .debug_pubnames
                0x00001028      0x12d STM32F4xx_StdPeriph_Driver\stm32f4xx_gpio.o
 .debug_pubnames
                0x00001155      0x1c9 STM32F4xx_StdPeriph_Driver\stm32f4xx_dma.o
 .debug_pubnames
                0x0000131e      0x446 STM32F4xx_StdPeriph_Driver\stm32f4xx_adc.o
 .debug_pubnames
                0x00001764       0x89 STM32F4xx_StdPeriph_Driver\misc.o
 .debug_pubnames
                0x000017ed      0x10c STM32F4-Discovery\stm32f4_discovery_lis302dl.o
 .debug_pubnames
                0x000018f9      0x150 STM32F4-Discovery\stm32f4_discovery.o

.debug_pubtypes
                0x00000000      0xa3a
 .debug_pubtypes
                0x00000000       0x83 User\system_stm32f4xx.o
 .debug_pubtypes
                0x00000083       0x5f User\stm32f4xx_it.o
 .debug_pubtypes
                0x000000e2      0x18d User\main.o
 .debug_pubtypes
                0x0000026f       0xe4 STM32F4xx_StdPeriph_Driver\stm32f4xx_tim.o
 .debug_pubtypes
                0x00000353       0xbc STM32F4xx_StdPeriph_Driver\stm32f4xx_spi.o
 .debug_pubtypes
                0x0000040f       0xaa STM32F4xx_StdPeriph_Driver\stm32f4xx_rcc.o
 .debug_pubtypes
                0x000004b9       0xce STM32F4xx_StdPeriph_Driver\stm32f4xx_gpio.o
 .debug_pubtypes
                0x00000587       0xa3 STM32F4xx_StdPeriph_Driver\stm32f4xx_dma.o
 .debug_pubtypes
                0x0000062a       0xc9 STM32F4xx_StdPeriph_Driver\stm32f4xx_adc.o
 .debug_pubtypes
                0x000006f3       0x8c STM32F4xx_StdPeriph_Driver\misc.o
 .debug_pubtypes
                0x0000077f      0x14d STM32F4-Discovery\stm32f4_discovery_lis302dl.o
 .debug_pubtypes
                0x000008cc      0x16e STM32F4-Discovery\stm32f4_discovery.o

.debug_str      0x00000000     0x3341
 .debug_str     0x00000000      0x30d User\system_stm32f4xx.o
                                0x367 (size before relaxing)
 .debug_str     0x0000030d      0x1a5 User\stm32f4xx_it.o
                                0x34a (size before relaxing)
 .debug_str     0x000004b2      0x96a User\main.o
                                0xc5f (size before relaxing)
 .debug_str     0x00000e1c      0xa23 STM32F4xx_StdPeriph_Driver\stm32f4xx_tim.o
                                0xdb9 (size before relaxing)
 .debug_str     0x0000183f      0x3bc STM32F4xx_StdPeriph_Driver\stm32f4xx_spi.o
                                0x673 (size before relaxing)
 .debug_str     0x00001bfb      0x56b STM32F4xx_StdPeriph_Driver\stm32f4xx_rcc.o
                                0x839 (size before relaxing)
 .debug_str     0x00002166      0x1a5 STM32F4xx_StdPeriph_Driver\stm32f4xx_gpio.o
                                0x48c (size before relaxing)
 .debug_str     0x0000230b      0x38c STM32F4xx_StdPeriph_Driver\stm32f4xx_dma.o
                                0x535 (size before relaxing)
 .debug_str     0x00002697      0x62f STM32F4xx_StdPeriph_Driver\stm32f4xx_adc.o
                                0x7ed (size before relaxing)
 .debug_str     0x00002cc6      0x17f STM32F4xx_StdPeriph_Driver\misc.o
                                0x3c2 (size before relaxing)
 .debug_str     0x00002e45      0x25d STM32F4-Discovery\stm32f4_discovery_lis302dl.o
                                0x733 (size before relaxing)
 .debug_str     0x000030a2      0x29f STM32F4-Discovery\stm32f4_discovery.o
                                0xb12 (size before relaxing)

.debug_frame    0x00000000     0x13f8
 .debug_frame   0x00000000       0x34 User\system_stm32f4xx.o
 .debug_frame   0x00000034       0xac User\stm32f4xx_it.o
 .debug_frame   0x000000e0       0x68 User\main.o
 .debug_frame   0x00000148      0x674 STM32F4xx_StdPeriph_Driver\stm32f4xx_tim.o
 .debug_frame   0x000007bc      0x1d0 STM32F4xx_StdPeriph_Driver\stm32f4xx_spi.o
 .debug_frame   0x0000098c      0x2e4 STM32F4xx_StdPeriph_Driver\stm32f4xx_rcc.o
 .debug_frame   0x00000c70      0x118 STM32F4xx_StdPeriph_Driver\stm32f4xx_gpio.o
 .debug_frame   0x00000d88      0x170 STM32F4xx_StdPeriph_Driver\stm32f4xx_dma.o
 .debug_frame   0x00000ef8      0x2ac STM32F4xx_StdPeriph_Driver\stm32f4xx_adc.o
 .debug_frame   0x000011a4       0x68 STM32F4xx_StdPeriph_Driver\misc.o
 .debug_frame   0x0000120c      0x158 STM32F4-Discovery\stm32f4_discovery_lis302dl.o
 .debug_frame   0x00001364       0x94 STM32F4-Discovery\stm32f4_discovery.o

Cross Reference Table

Symbol                                            File
ADC_AnalogWatchdogCmd                             STM32F4xx_StdPeriph_Driver\stm32f4xx_adc.o
ADC_AnalogWatchdogSingleChannelConfig             STM32F4xx_StdPeriph_Driver\stm32f4xx_adc.o
ADC_AnalogWatchdogThresholdsConfig                STM32F4xx_StdPeriph_Driver\stm32f4xx_adc.o
ADC_AutoInjectedConvCmd                           STM32F4xx_StdPeriph_Driver\stm32f4xx_adc.o
ADC_ClearFlag                                     STM32F4xx_StdPeriph_Driver\stm32f4xx_adc.o
ADC_ClearITPendingBit                             STM32F4xx_StdPeriph_Driver\stm32f4xx_adc.o
ADC_Cmd                                           STM32F4xx_StdPeriph_Driver\stm32f4xx_adc.o
ADC_CommonInit                                    STM32F4xx_StdPeriph_Driver\stm32f4xx_adc.o
ADC_CommonStructInit                              STM32F4xx_StdPeriph_Driver\stm32f4xx_adc.o
ADC_ContinuousModeCmd                             STM32F4xx_StdPeriph_Driver\stm32f4xx_adc.o
ADC_DMACmd                                        STM32F4xx_StdPeriph_Driver\stm32f4xx_adc.o
ADC_DMARequestAfterLastTransferCmd                STM32F4xx_StdPeriph_Driver\stm32f4xx_adc.o
ADC_DeInit                                        STM32F4xx_StdPeriph_Driver\stm32f4xx_adc.o
ADC_DiscModeChannelCountConfig                    STM32F4xx_StdPeriph_Driver\stm32f4xx_adc.o
ADC_DiscModeCmd                                   STM32F4xx_StdPeriph_Driver\stm32f4xx_adc.o
ADC_EOCOnEachRegularChannelCmd                    STM32F4xx_StdPeriph_Driver\stm32f4xx_adc.o
ADC_ExternalTrigInjectedConvConfig                STM32F4xx_StdPeriph_Driver\stm32f4xx_adc.o
ADC_ExternalTrigInjectedConvEdgeConfig            STM32F4xx_StdPeriph_Driver\stm32f4xx_adc.o
ADC_GetConversionValue                            STM32F4xx_StdPeriph_Driver\stm32f4xx_adc.o
ADC_GetFlagStatus                                 STM32F4xx_StdPeriph_Driver\stm32f4xx_adc.o
ADC_GetITStatus                                   STM32F4xx_StdPeriph_Driver\stm32f4xx_adc.o
ADC_GetInjectedConversionValue                    STM32F4xx_StdPeriph_Driver\stm32f4xx_adc.o
ADC_GetMultiModeConversionValue                   STM32F4xx_StdPeriph_Driver\stm32f4xx_adc.o
ADC_GetSoftwareStartConvStatus                    STM32F4xx_StdPeriph_Driver\stm32f4xx_adc.o
ADC_GetSoftwareStartInjectedConvCmdStatus         STM32F4xx_StdPeriph_Driver\stm32f4xx_adc.o
ADC_IRQHandler                                    TrueSTUDIO\startup_stm32f4xx.o
ADC_ITConfig                                      STM32F4xx_StdPeriph_Driver\stm32f4xx_adc.o
ADC_Init                                          STM32F4xx_StdPeriph_Driver\stm32f4xx_adc.o
ADC_InjectedChannelConfig                         STM32F4xx_StdPeriph_Driver\stm32f4xx_adc.o
ADC_InjectedDiscModeCmd                           STM32F4xx_StdPeriph_Driver\stm32f4xx_adc.o
ADC_InjectedSequencerLengthConfig                 STM32F4xx_StdPeriph_Driver\stm32f4xx_adc.o
ADC_MultiModeDMARequestAfterLastTransferCmd       STM32F4xx_StdPeriph_Driver\stm32f4xx_adc.o
ADC_RegularChannelConfig                          STM32F4xx_StdPeriph_Driver\stm32f4xx_adc.o
ADC_SetInjectedOffset                             STM32F4xx_StdPeriph_Driver\stm32f4xx_adc.o
ADC_SoftwareStartConv                             STM32F4xx_StdPeriph_Driver\stm32f4xx_adc.o
ADC_SoftwareStartInjectedConv                     STM32F4xx_StdPeriph_Driver\stm32f4xx_adc.o
ADC_StructInit                                    STM32F4xx_StdPeriph_Driver\stm32f4xx_adc.o
ADC_TempSensorVrefintCmd                          STM32F4xx_StdPeriph_Driver\stm32f4xx_adc.o
ADC_VBATCmd                                       STM32F4xx_StdPeriph_Driver\stm32f4xx_adc.o
AHBPrescTable                                     User\system_stm32f4xx.o
BUTTON_CLK                                        STM32F4-Discovery\stm32f4_discovery.o
BUTTON_EXTI_LINE                                  STM32F4-Discovery\stm32f4_discovery.o
BUTTON_IRQn                                       STM32F4-Discovery\stm32f4_discovery.o
BUTTON_PIN                                        STM32F4-Discovery\stm32f4_discovery.o
BUTTON_PIN_SOURCE                                 STM32F4-Discovery\stm32f4_discovery.o
BUTTON_PORT                                       STM32F4-Discovery\stm32f4_discovery.o
BUTTON_PORT_SOURCE                                STM32F4-Discovery\stm32f4_discovery.o
Buffer                                            User\main.o
                                                  User\stm32f4xx_it.o
BusFault_Handler                                  User\stm32f4xx_it.o
CAN1_RX0_IRQHandler                               TrueSTUDIO\startup_stm32f4xx.o
CAN1_RX1_IRQHandler                               TrueSTUDIO\startup_stm32f4xx.o
CAN1_SCE_IRQHandler                               TrueSTUDIO\startup_stm32f4xx.o
CAN1_TX_IRQHandler                                TrueSTUDIO\startup_stm32f4xx.o
CAN2_RX0_IRQHandler                               TrueSTUDIO\startup_stm32f4xx.o
CAN2_RX1_IRQHandler                               TrueSTUDIO\startup_stm32f4xx.o
CAN2_SCE_IRQHandler                               TrueSTUDIO\startup_stm32f4xx.o
CAN2_TX_IRQHandler                                TrueSTUDIO\startup_stm32f4xx.o
CRYP_IRQHandler                                   TrueSTUDIO\startup_stm32f4xx.o
ClickReg                                          User\stm32f4xx_it.o
                                                  User\main.o
Counter                                           User\stm32f4xx_it.o
DCMI_IRQHandler                                   TrueSTUDIO\startup_stm32f4xx.o
DMA1_Stream0_IRQHandler                           TrueSTUDIO\startup_stm32f4xx.o
DMA1_Stream1_IRQHandler                           TrueSTUDIO\startup_stm32f4xx.o
DMA1_Stream2_IRQHandler                           TrueSTUDIO\startup_stm32f4xx.o
DMA1_Stream3_IRQHandler                           TrueSTUDIO\startup_stm32f4xx.o
DMA1_Stream4_IRQHandler                           TrueSTUDIO\startup_stm32f4xx.o
DMA1_Stream5_IRQHandler                           TrueSTUDIO\startup_stm32f4xx.o
DMA1_Stream6_IRQHandler                           TrueSTUDIO\startup_stm32f4xx.o
DMA1_Stream7_IRQHandler                           TrueSTUDIO\startup_stm32f4xx.o
DMA2_Stream0_IRQHandler                           TrueSTUDIO\startup_stm32f4xx.o
DMA2_Stream1_IRQHandler                           TrueSTUDIO\startup_stm32f4xx.o
DMA2_Stream2_IRQHandler                           TrueSTUDIO\startup_stm32f4xx.o
DMA2_Stream3_IRQHandler                           TrueSTUDIO\startup_stm32f4xx.o
DMA2_Stream4_IRQHandler                           TrueSTUDIO\startup_stm32f4xx.o
DMA2_Stream5_IRQHandler                           TrueSTUDIO\startup_stm32f4xx.o
DMA2_Stream6_IRQHandler                           TrueSTUDIO\startup_stm32f4xx.o
DMA2_Stream7_IRQHandler                           TrueSTUDIO\startup_stm32f4xx.o
DMA_ClearFlag                                     STM32F4xx_StdPeriph_Driver\stm32f4xx_dma.o
DMA_ClearITPendingBit                             STM32F4xx_StdPeriph_Driver\stm32f4xx_dma.o
DMA_Cmd                                           STM32F4xx_StdPeriph_Driver\stm32f4xx_dma.o
DMA_DeInit                                        STM32F4xx_StdPeriph_Driver\stm32f4xx_dma.o
DMA_DoubleBufferModeCmd                           STM32F4xx_StdPeriph_Driver\stm32f4xx_dma.o
DMA_DoubleBufferModeConfig                        STM32F4xx_StdPeriph_Driver\stm32f4xx_dma.o
DMA_FlowControllerConfig                          STM32F4xx_StdPeriph_Driver\stm32f4xx_dma.o
DMA_GetCmdStatus                                  STM32F4xx_StdPeriph_Driver\stm32f4xx_dma.o
DMA_GetCurrDataCounter                            STM32F4xx_StdPeriph_Driver\stm32f4xx_dma.o
DMA_GetCurrentMemoryTarget                        STM32F4xx_StdPeriph_Driver\stm32f4xx_dma.o
DMA_GetFIFOStatus                                 STM32F4xx_StdPeriph_Driver\stm32f4xx_dma.o
DMA_GetFlagStatus                                 STM32F4xx_StdPeriph_Driver\stm32f4xx_dma.o
DMA_GetITStatus                                   STM32F4xx_StdPeriph_Driver\stm32f4xx_dma.o
DMA_ITConfig                                      STM32F4xx_StdPeriph_Driver\stm32f4xx_dma.o
DMA_Init                                          STM32F4xx_StdPeriph_Driver\stm32f4xx_dma.o
DMA_MemoryTargetConfig                            STM32F4xx_StdPeriph_Driver\stm32f4xx_dma.o
DMA_PeriphIncOffsetSizeConfig                     STM32F4xx_StdPeriph_Driver\stm32f4xx_dma.o
DMA_SetCurrDataCounter                            STM32F4xx_StdPeriph_Driver\stm32f4xx_dma.o
DMA_StructInit                                    STM32F4xx_StdPeriph_Driver\stm32f4xx_dma.o
DebugMon_Handler                                  User\stm32f4xx_it.o
Default_Handler                                   TrueSTUDIO\startup_stm32f4xx.o
Delay                                             User\main.o
ETH_IRQHandler                                    TrueSTUDIO\startup_stm32f4xx.o
ETH_WKUP_IRQHandler                               TrueSTUDIO\startup_stm32f4xx.o
EXTI0_IRQHandler                                  TrueSTUDIO\startup_stm32f4xx.o
EXTI15_10_IRQHandler                              TrueSTUDIO\startup_stm32f4xx.o
EXTI1_IRQHandler                                  TrueSTUDIO\startup_stm32f4xx.o
EXTI2_IRQHandler                                  TrueSTUDIO\startup_stm32f4xx.o
EXTI3_IRQHandler                                  TrueSTUDIO\startup_stm32f4xx.o
EXTI4_IRQHandler                                  TrueSTUDIO\startup_stm32f4xx.o
EXTI9_5_IRQHandler                                TrueSTUDIO\startup_stm32f4xx.o
EXTI_Init                                         STM32F4-Discovery\stm32f4_discovery.o
FLASH_IRQHandler                                  TrueSTUDIO\startup_stm32f4xx.o
FPU_IRQHandler                                    TrueSTUDIO\startup_stm32f4xx.o
FSMC_IRQHandler                                   TrueSTUDIO\startup_stm32f4xx.o
GPIO_CLK                                          STM32F4-Discovery\stm32f4_discovery.o
GPIO_DeInit                                       STM32F4xx_StdPeriph_Driver\stm32f4xx_gpio.o
GPIO_Init                                         STM32F4xx_StdPeriph_Driver\stm32f4xx_gpio.o
                                                  STM32F4-Discovery\stm32f4_discovery.o
                                                  STM32F4-Discovery\stm32f4_discovery_lis302dl.o
                                                  User\main.o
GPIO_PIN                                          STM32F4-Discovery\stm32f4_discovery.o
GPIO_PORT                                         STM32F4-Discovery\stm32f4_discovery.o
GPIO_PinAFConfig                                  STM32F4xx_StdPeriph_Driver\stm32f4xx_gpio.o
                                                  STM32F4-Discovery\stm32f4_discovery_lis302dl.o
                                                  User\main.o
GPIO_PinLockConfig                                STM32F4xx_StdPeriph_Driver\stm32f4xx_gpio.o
GPIO_ReadInputData                                STM32F4xx_StdPeriph_Driver\stm32f4xx_gpio.o
GPIO_ReadInputDataBit                             STM32F4xx_StdPeriph_Driver\stm32f4xx_gpio.o
                                                  STM32F4-Discovery\stm32f4_discovery.o
GPIO_ReadOutputData                               STM32F4xx_StdPeriph_Driver\stm32f4xx_gpio.o
GPIO_ReadOutputDataBit                            STM32F4xx_StdPeriph_Driver\stm32f4xx_gpio.o
GPIO_ResetBits                                    STM32F4xx_StdPeriph_Driver\stm32f4xx_gpio.o
                                                  STM32F4-Discovery\stm32f4_discovery_lis302dl.o
GPIO_SetBits                                      STM32F4xx_StdPeriph_Driver\stm32f4xx_gpio.o
                                                  STM32F4-Discovery\stm32f4_discovery_lis302dl.o
GPIO_StructInit                                   STM32F4xx_StdPeriph_Driver\stm32f4xx_gpio.o
GPIO_ToggleBits                                   STM32F4xx_StdPeriph_Driver\stm32f4xx_gpio.o
GPIO_Write                                        STM32F4xx_StdPeriph_Driver\stm32f4xx_gpio.o
GPIO_WriteBit                                     STM32F4xx_StdPeriph_Driver\stm32f4xx_gpio.o
HASH_RNG_IRQHandler                               TrueSTUDIO\startup_stm32f4xx.o
HardFault_Handler                                 User\stm32f4xx_it.o
I2C1_ER_IRQHandler                                TrueSTUDIO\startup_stm32f4xx.o
I2C1_EV_IRQHandler                                TrueSTUDIO\startup_stm32f4xx.o
I2C2_ER_IRQHandler                                TrueSTUDIO\startup_stm32f4xx.o
I2C2_EV_IRQHandler                                TrueSTUDIO\startup_stm32f4xx.o
I2C3_ER_IRQHandler                                TrueSTUDIO\startup_stm32f4xx.o
I2C3_EV_IRQHandler                                TrueSTUDIO\startup_stm32f4xx.o
I2S_Cmd                                           STM32F4xx_StdPeriph_Driver\stm32f4xx_spi.o
I2S_FullDuplexConfig                              STM32F4xx_StdPeriph_Driver\stm32f4xx_spi.o
I2S_Init                                          STM32F4xx_StdPeriph_Driver\stm32f4xx_spi.o
I2S_StructInit                                    STM32F4xx_StdPeriph_Driver\stm32f4xx_spi.o
LIS302DLTimeout                                   STM32F4-Discovery\stm32f4_discovery_lis302dl.o
LIS302DL_DataRateCmd                              STM32F4-Discovery\stm32f4_discovery_lis302dl.o
LIS302DL_FilterConfig                             STM32F4-Discovery\stm32f4_discovery_lis302dl.o
LIS302DL_FullScaleCmd                             STM32F4-Discovery\stm32f4_discovery_lis302dl.o
LIS302DL_Init                                     STM32F4-Discovery\stm32f4_discovery_lis302dl.o
                                                  User\main.o
LIS302DL_InterruptConfig                          STM32F4-Discovery\stm32f4_discovery_lis302dl.o
                                                  User\main.o
LIS302DL_LowpowerCmd                              STM32F4-Discovery\stm32f4_discovery_lis302dl.o
LIS302DL_Read                                     STM32F4-Discovery\stm32f4_discovery_lis302dl.o
                                                  User\main.o
                                                  User\stm32f4xx_it.o
LIS302DL_ReadACC                                  STM32F4-Discovery\stm32f4_discovery_lis302dl.o
LIS302DL_RebootCmd                                STM32F4-Discovery\stm32f4_discovery_lis302dl.o
LIS302DL_TIMEOUT_UserCallback                     User\main.o
                                                  STM32F4-Discovery\stm32f4_discovery_lis302dl.o
LIS302DL_Write                                    STM32F4-Discovery\stm32f4_discovery_lis302dl.o
                                                  User\main.o
MemManage_Handler                                 User\stm32f4xx_it.o
NMI_Handler                                       User\stm32f4xx_it.o
NVIC_Init                                         STM32F4xx_StdPeriph_Driver\misc.o
                                                  STM32F4-Discovery\stm32f4_discovery.o
NVIC_InitStructure                                STM32F4-Discovery\stm32f4_discovery.o
NVIC_PriorityGroupConfig                          STM32F4xx_StdPeriph_Driver\misc.o
NVIC_SetVectorTable                               STM32F4xx_StdPeriph_Driver\misc.o
NVIC_SystemLPConfig                               STM32F4xx_StdPeriph_Driver\misc.o
OTG_FS_IRQHandler                                 TrueSTUDIO\startup_stm32f4xx.o
OTG_FS_WKUP_IRQHandler                            TrueSTUDIO\startup_stm32f4xx.o
OTG_HS_EP1_IN_IRQHandler                          TrueSTUDIO\startup_stm32f4xx.o
OTG_HS_EP1_OUT_IRQHandler                         TrueSTUDIO\startup_stm32f4xx.o
OTG_HS_IRQHandler                                 TrueSTUDIO\startup_stm32f4xx.o
OTG_HS_WKUP_IRQHandler                            TrueSTUDIO\startup_stm32f4xx.o
PVD_IRQHandler                                    TrueSTUDIO\startup_stm32f4xx.o
PendSV_Handler                                    User\stm32f4xx_it.o
PrescalerValue                                    User\main.o
RCC_AHB1PeriphClockCmd                            STM32F4xx_StdPeriph_Driver\stm32f4xx_rcc.o
                                                  STM32F4-Discovery\stm32f4_discovery.o
                                                  STM32F4-Discovery\stm32f4_discovery_lis302dl.o
                                                  User\main.o
RCC_AHB1PeriphClockLPModeCmd                      STM32F4xx_StdPeriph_Driver\stm32f4xx_rcc.o
RCC_AHB1PeriphResetCmd                            STM32F4xx_StdPeriph_Driver\stm32f4xx_rcc.o
                                                  STM32F4xx_StdPeriph_Driver\stm32f4xx_gpio.o
RCC_AHB2PeriphClockCmd                            STM32F4xx_StdPeriph_Driver\stm32f4xx_rcc.o
RCC_AHB2PeriphClockLPModeCmd                      STM32F4xx_StdPeriph_Driver\stm32f4xx_rcc.o
RCC_AHB2PeriphResetCmd                            STM32F4xx_StdPeriph_Driver\stm32f4xx_rcc.o
RCC_AHB3PeriphClockCmd                            STM32F4xx_StdPeriph_Driver\stm32f4xx_rcc.o
RCC_AHB3PeriphClockLPModeCmd                      STM32F4xx_StdPeriph_Driver\stm32f4xx_rcc.o
RCC_AHB3PeriphResetCmd                            STM32F4xx_StdPeriph_Driver\stm32f4xx_rcc.o
RCC_APB1PeriphClockCmd                            STM32F4xx_StdPeriph_Driver\stm32f4xx_rcc.o
                                                  User\main.o
RCC_APB1PeriphClockLPModeCmd                      STM32F4xx_StdPeriph_Driver\stm32f4xx_rcc.o
RCC_APB1PeriphResetCmd                            STM32F4xx_StdPeriph_Driver\stm32f4xx_rcc.o
                                                  STM32F4xx_StdPeriph_Driver\stm32f4xx_spi.o
                                                  STM32F4xx_StdPeriph_Driver\stm32f4xx_tim.o
RCC_APB2PeriphClockCmd                            STM32F4xx_StdPeriph_Driver\stm32f4xx_rcc.o
                                                  STM32F4-Discovery\stm32f4_discovery.o
                                                  STM32F4-Discovery\stm32f4_discovery_lis302dl.o
RCC_APB2PeriphClockLPModeCmd                      STM32F4xx_StdPeriph_Driver\stm32f4xx_rcc.o
RCC_APB2PeriphResetCmd                            STM32F4xx_StdPeriph_Driver\stm32f4xx_rcc.o
                                                  STM32F4xx_StdPeriph_Driver\stm32f4xx_adc.o
                                                  STM32F4xx_StdPeriph_Driver\stm32f4xx_spi.o
                                                  STM32F4xx_StdPeriph_Driver\stm32f4xx_tim.o
RCC_AdjustHSICalibrationValue                     STM32F4xx_StdPeriph_Driver\stm32f4xx_rcc.o
RCC_BackupResetCmd                                STM32F4xx_StdPeriph_Driver\stm32f4xx_rcc.o
RCC_ClearFlag                                     STM32F4xx_StdPeriph_Driver\stm32f4xx_rcc.o
RCC_ClearITPendingBit                             STM32F4xx_StdPeriph_Driver\stm32f4xx_rcc.o
RCC_ClockSecuritySystemCmd                        STM32F4xx_StdPeriph_Driver\stm32f4xx_rcc.o
RCC_DeInit                                        STM32F4xx_StdPeriph_Driver\stm32f4xx_rcc.o
RCC_GetClocksFreq                                 STM32F4xx_StdPeriph_Driver\stm32f4xx_rcc.o
RCC_GetFlagStatus                                 STM32F4xx_StdPeriph_Driver\stm32f4xx_rcc.o
RCC_GetITStatus                                   STM32F4xx_StdPeriph_Driver\stm32f4xx_rcc.o
RCC_GetSYSCLKSource                               STM32F4xx_StdPeriph_Driver\stm32f4xx_rcc.o
RCC_HCLKConfig                                    STM32F4xx_StdPeriph_Driver\stm32f4xx_rcc.o
RCC_HSEConfig                                     STM32F4xx_StdPeriph_Driver\stm32f4xx_rcc.o
RCC_HSICmd                                        STM32F4xx_StdPeriph_Driver\stm32f4xx_rcc.o
RCC_I2SCLKConfig                                  STM32F4xx_StdPeriph_Driver\stm32f4xx_rcc.o
RCC_IRQHandler                                    TrueSTUDIO\startup_stm32f4xx.o
RCC_ITConfig                                      STM32F4xx_StdPeriph_Driver\stm32f4xx_rcc.o
RCC_LSEConfig                                     STM32F4xx_StdPeriph_Driver\stm32f4xx_rcc.o
RCC_LSICmd                                        STM32F4xx_StdPeriph_Driver\stm32f4xx_rcc.o
RCC_MCO1Config                                    STM32F4xx_StdPeriph_Driver\stm32f4xx_rcc.o
RCC_MCO2Config                                    STM32F4xx_StdPeriph_Driver\stm32f4xx_rcc.o
RCC_PCLK1Config                                   STM32F4xx_StdPeriph_Driver\stm32f4xx_rcc.o
RCC_PCLK2Config                                   STM32F4xx_StdPeriph_Driver\stm32f4xx_rcc.o
RCC_PLLCmd                                        STM32F4xx_StdPeriph_Driver\stm32f4xx_rcc.o
RCC_PLLConfig                                     STM32F4xx_StdPeriph_Driver\stm32f4xx_rcc.o
RCC_PLLI2SCmd                                     STM32F4xx_StdPeriph_Driver\stm32f4xx_rcc.o
RCC_PLLI2SConfig                                  STM32F4xx_StdPeriph_Driver\stm32f4xx_rcc.o
RCC_RTCCLKCmd                                     STM32F4xx_StdPeriph_Driver\stm32f4xx_rcc.o
RCC_RTCCLKConfig                                  STM32F4xx_StdPeriph_Driver\stm32f4xx_rcc.o
RCC_SYSCLKConfig                                  STM32F4xx_StdPeriph_Driver\stm32f4xx_rcc.o
RCC_WaitForHSEStartUp                             STM32F4xx_StdPeriph_Driver\stm32f4xx_rcc.o
RTC_Alarm_IRQHandler                              TrueSTUDIO\startup_stm32f4xx.o
RTC_WKUP_IRQHandler                               TrueSTUDIO\startup_stm32f4xx.o
Reset_Handler                                     TrueSTUDIO\startup_stm32f4xx.o
SDIO_IRQHandler                                   TrueSTUDIO\startup_stm32f4xx.o
SPI1_IRQHandler                                   TrueSTUDIO\startup_stm32f4xx.o
SPI2_IRQHandler                                   TrueSTUDIO\startup_stm32f4xx.o
SPI3_IRQHandler                                   TrueSTUDIO\startup_stm32f4xx.o
SPI_BiDirectionalLineConfig                       STM32F4xx_StdPeriph_Driver\stm32f4xx_spi.o
SPI_CalculateCRC                                  STM32F4xx_StdPeriph_Driver\stm32f4xx_spi.o
SPI_Cmd                                           STM32F4xx_StdPeriph_Driver\stm32f4xx_spi.o
                                                  STM32F4-Discovery\stm32f4_discovery_lis302dl.o
SPI_DataSizeConfig                                STM32F4xx_StdPeriph_Driver\stm32f4xx_spi.o
SPI_GetCRC                                        STM32F4xx_StdPeriph_Driver\stm32f4xx_spi.o
SPI_GetCRCPolynomial                              STM32F4xx_StdPeriph_Driver\stm32f4xx_spi.o
SPI_I2S_ClearFlag                                 STM32F4xx_StdPeriph_Driver\stm32f4xx_spi.o
SPI_I2S_ClearITPendingBit                         STM32F4xx_StdPeriph_Driver\stm32f4xx_spi.o
SPI_I2S_DMACmd                                    STM32F4xx_StdPeriph_Driver\stm32f4xx_spi.o
SPI_I2S_DeInit                                    STM32F4xx_StdPeriph_Driver\stm32f4xx_spi.o
                                                  STM32F4-Discovery\stm32f4_discovery_lis302dl.o
SPI_I2S_GetFlagStatus                             STM32F4xx_StdPeriph_Driver\stm32f4xx_spi.o
                                                  STM32F4-Discovery\stm32f4_discovery_lis302dl.o
SPI_I2S_GetITStatus                               STM32F4xx_StdPeriph_Driver\stm32f4xx_spi.o
SPI_I2S_ITConfig                                  STM32F4xx_StdPeriph_Driver\stm32f4xx_spi.o
SPI_I2S_ReceiveData                               STM32F4xx_StdPeriph_Driver\stm32f4xx_spi.o
                                                  STM32F4-Discovery\stm32f4_discovery_lis302dl.o
SPI_I2S_SendData                                  STM32F4xx_StdPeriph_Driver\stm32f4xx_spi.o
                                                  STM32F4-Discovery\stm32f4_discovery_lis302dl.o
SPI_Init                                          STM32F4xx_StdPeriph_Driver\stm32f4xx_spi.o
                                                  STM32F4-Discovery\stm32f4_discovery_lis302dl.o
SPI_NSSInternalSoftwareConfig                     STM32F4xx_StdPeriph_Driver\stm32f4xx_spi.o
SPI_SSOutputCmd                                   STM32F4xx_StdPeriph_Driver\stm32f4xx_spi.o
SPI_StructInit                                    STM32F4xx_StdPeriph_Driver\stm32f4xx_spi.o
SPI_TIModeCmd                                     STM32F4xx_StdPeriph_Driver\stm32f4xx_spi.o
SPI_TransmitCRC                                   STM32F4xx_StdPeriph_Driver\stm32f4xx_spi.o
STM_EVAL_LEDInit                                  STM32F4-Discovery\stm32f4_discovery.o
STM_EVAL_LEDOff                                   STM32F4-Discovery\stm32f4_discovery.o
STM_EVAL_LEDOn                                    STM32F4-Discovery\stm32f4_discovery.o
STM_EVAL_LEDToggle                                STM32F4-Discovery\stm32f4_discovery.o
STM_EVAL_PBGetState                               STM32F4-Discovery\stm32f4_discovery.o
STM_EVAL_PBInit                                   STM32F4-Discovery\stm32f4_discovery.o
SVC_Handler                                       User\stm32f4xx_it.o
SYSCFG_EXTILineConfig                             STM32F4-Discovery\stm32f4_discovery.o
SingleClickDetect                                 User\main.o
                                                  User\stm32f4xx_it.o
SysTick_CLKSourceConfig                           STM32F4xx_StdPeriph_Driver\misc.o
SysTick_Handler                                   User\stm32f4xx_it.o
SystemCoreClock                                   User\system_stm32f4xx.o
                                                  User\main.o
SystemCoreClockUpdate                             User\system_stm32f4xx.o
SystemInit                                        User\system_stm32f4xx.o
                                                  TrueSTUDIO\startup_stm32f4xx.o
TAMP_STAMP_IRQHandler                             TrueSTUDIO\startup_stm32f4xx.o
TIM1_BRK_TIM9_IRQHandler                          TrueSTUDIO\startup_stm32f4xx.o
TIM1_CC_IRQHandler                                TrueSTUDIO\startup_stm32f4xx.o
TIM1_TRG_COM_TIM11_IRQHandler                     TrueSTUDIO\startup_stm32f4xx.o
TIM1_UP_TIM10_IRQHandler                          TrueSTUDIO\startup_stm32f4xx.o
TIM2_IRQHandler                                   TrueSTUDIO\startup_stm32f4xx.o
TIM3_IRQHandler                                   TrueSTUDIO\startup_stm32f4xx.o
TIM4_IRQHandler                                   TrueSTUDIO\startup_stm32f4xx.o
TIM5_IRQHandler                                   TrueSTUDIO\startup_stm32f4xx.o
TIM6_DAC_IRQHandler                               TrueSTUDIO\startup_stm32f4xx.o
TIM7_IRQHandler                                   TrueSTUDIO\startup_stm32f4xx.o
TIM8_BRK_TIM12_IRQHandler                         TrueSTUDIO\startup_stm32f4xx.o
TIM8_CC_IRQHandler                                TrueSTUDIO\startup_stm32f4xx.o
TIM8_TRG_COM_TIM14_IRQHandler                     TrueSTUDIO\startup_stm32f4xx.o
TIM8_UP_TIM13_IRQHandler                          TrueSTUDIO\startup_stm32f4xx.o
TIM_ARRPreloadConfig                              STM32F4xx_StdPeriph_Driver\stm32f4xx_tim.o
                                                  User\main.o
TIM_BDTRConfig                                    STM32F4xx_StdPeriph_Driver\stm32f4xx_tim.o
TIM_BDTRStructInit                                STM32F4xx_StdPeriph_Driver\stm32f4xx_tim.o
TIM_CCPreloadControl                              STM32F4xx_StdPeriph_Driver\stm32f4xx_tim.o
TIM_CCxCmd                                        STM32F4xx_StdPeriph_Driver\stm32f4xx_tim.o
                                                  User\main.o
                                                  User\stm32f4xx_it.o
TIM_CCxNCmd                                       STM32F4xx_StdPeriph_Driver\stm32f4xx_tim.o
TIM_ClearFlag                                     STM32F4xx_StdPeriph_Driver\stm32f4xx_tim.o
TIM_ClearITPendingBit                             STM32F4xx_StdPeriph_Driver\stm32f4xx_tim.o
TIM_ClearOC1Ref                                   STM32F4xx_StdPeriph_Driver\stm32f4xx_tim.o
TIM_ClearOC2Ref                                   STM32F4xx_StdPeriph_Driver\stm32f4xx_tim.o
TIM_ClearOC3Ref                                   STM32F4xx_StdPeriph_Driver\stm32f4xx_tim.o
TIM_ClearOC4Ref                                   STM32F4xx_StdPeriph_Driver\stm32f4xx_tim.o
TIM_Cmd                                           STM32F4xx_StdPeriph_Driver\stm32f4xx_tim.o
                                                  User\main.o
TIM_CounterModeConfig                             STM32F4xx_StdPeriph_Driver\stm32f4xx_tim.o
TIM_CtrlPWMOutputs                                STM32F4xx_StdPeriph_Driver\stm32f4xx_tim.o
TIM_DMACmd                                        STM32F4xx_StdPeriph_Driver\stm32f4xx_tim.o
TIM_DMAConfig                                     STM32F4xx_StdPeriph_Driver\stm32f4xx_tim.o
TIM_DeInit                                        STM32F4xx_StdPeriph_Driver\stm32f4xx_tim.o
TIM_ETRClockMode1Config                           STM32F4xx_StdPeriph_Driver\stm32f4xx_tim.o
TIM_ETRClockMode2Config                           STM32F4xx_StdPeriph_Driver\stm32f4xx_tim.o
TIM_ETRConfig                                     STM32F4xx_StdPeriph_Driver\stm32f4xx_tim.o
TIM_EncoderInterfaceConfig                        STM32F4xx_StdPeriph_Driver\stm32f4xx_tim.o
TIM_ForcedOC1Config                               STM32F4xx_StdPeriph_Driver\stm32f4xx_tim.o
TIM_ForcedOC2Config                               STM32F4xx_StdPeriph_Driver\stm32f4xx_tim.o
TIM_ForcedOC3Config                               STM32F4xx_StdPeriph_Driver\stm32f4xx_tim.o
TIM_ForcedOC4Config                               STM32F4xx_StdPeriph_Driver\stm32f4xx_tim.o
TIM_GenerateEvent                                 STM32F4xx_StdPeriph_Driver\stm32f4xx_tim.o
TIM_GetCapture1                                   STM32F4xx_StdPeriph_Driver\stm32f4xx_tim.o
TIM_GetCapture2                                   STM32F4xx_StdPeriph_Driver\stm32f4xx_tim.o
TIM_GetCapture3                                   STM32F4xx_StdPeriph_Driver\stm32f4xx_tim.o
TIM_GetCapture4                                   STM32F4xx_StdPeriph_Driver\stm32f4xx_tim.o
TIM_GetCounter                                    STM32F4xx_StdPeriph_Driver\stm32f4xx_tim.o
TIM_GetFlagStatus                                 STM32F4xx_StdPeriph_Driver\stm32f4xx_tim.o
TIM_GetITStatus                                   STM32F4xx_StdPeriph_Driver\stm32f4xx_tim.o
TIM_GetPrescaler                                  STM32F4xx_StdPeriph_Driver\stm32f4xx_tim.o
TIM_ICInit                                        STM32F4xx_StdPeriph_Driver\stm32f4xx_tim.o
TIM_ICStructInit                                  STM32F4xx_StdPeriph_Driver\stm32f4xx_tim.o
TIM_ITConfig                                      STM32F4xx_StdPeriph_Driver\stm32f4xx_tim.o
TIM_ITRxExternalClockConfig                       STM32F4xx_StdPeriph_Driver\stm32f4xx_tim.o
TIM_InternalClockConfig                           STM32F4xx_StdPeriph_Driver\stm32f4xx_tim.o
TIM_OC1FastConfig                                 STM32F4xx_StdPeriph_Driver\stm32f4xx_tim.o
TIM_OC1Init                                       STM32F4xx_StdPeriph_Driver\stm32f4xx_tim.o
                                                  User\main.o
TIM_OC1NPolarityConfig                            STM32F4xx_StdPeriph_Driver\stm32f4xx_tim.o
TIM_OC1PolarityConfig                             STM32F4xx_StdPeriph_Driver\stm32f4xx_tim.o
TIM_OC1PreloadConfig                              STM32F4xx_StdPeriph_Driver\stm32f4xx_tim.o
                                                  User\main.o
TIM_OC2FastConfig                                 STM32F4xx_StdPeriph_Driver\stm32f4xx_tim.o
TIM_OC2Init                                       STM32F4xx_StdPeriph_Driver\stm32f4xx_tim.o
                                                  User\main.o
TIM_OC2NPolarityConfig                            STM32F4xx_StdPeriph_Driver\stm32f4xx_tim.o
TIM_OC2PolarityConfig                             STM32F4xx_StdPeriph_Driver\stm32f4xx_tim.o
TIM_OC2PreloadConfig                              STM32F4xx_StdPeriph_Driver\stm32f4xx_tim.o
                                                  User\main.o
TIM_OC3FastConfig                                 STM32F4xx_StdPeriph_Driver\stm32f4xx_tim.o
TIM_OC3Init                                       STM32F4xx_StdPeriph_Driver\stm32f4xx_tim.o
                                                  User\main.o
TIM_OC3NPolarityConfig                            STM32F4xx_StdPeriph_Driver\stm32f4xx_tim.o
TIM_OC3PolarityConfig                             STM32F4xx_StdPeriph_Driver\stm32f4xx_tim.o
TIM_OC3PreloadConfig                              STM32F4xx_StdPeriph_Driver\stm32f4xx_tim.o
                                                  User\main.o
TIM_OC4FastConfig                                 STM32F4xx_StdPeriph_Driver\stm32f4xx_tim.o
TIM_OC4Init                                       STM32F4xx_StdPeriph_Driver\stm32f4xx_tim.o
                                                  User\main.o
TIM_OC4PolarityConfig                             STM32F4xx_StdPeriph_Driver\stm32f4xx_tim.o
TIM_OC4PreloadConfig                              STM32F4xx_StdPeriph_Driver\stm32f4xx_tim.o
                                                  User\main.o
TIM_OCStructInit                                  STM32F4xx_StdPeriph_Driver\stm32f4xx_tim.o
TIM_PWMIConfig                                    STM32F4xx_StdPeriph_Driver\stm32f4xx_tim.o
TIM_PrescalerConfig                               STM32F4xx_StdPeriph_Driver\stm32f4xx_tim.o
TIM_RemapConfig                                   STM32F4xx_StdPeriph_Driver\stm32f4xx_tim.o
TIM_SelectCCDMA                                   STM32F4xx_StdPeriph_Driver\stm32f4xx_tim.o
TIM_SelectCOM                                     STM32F4xx_StdPeriph_Driver\stm32f4xx_tim.o
TIM_SelectHallSensor                              STM32F4xx_StdPeriph_Driver\stm32f4xx_tim.o
TIM_SelectInputTrigger                            STM32F4xx_StdPeriph_Driver\stm32f4xx_tim.o
TIM_SelectMasterSlaveMode                         STM32F4xx_StdPeriph_Driver\stm32f4xx_tim.o
TIM_SelectOCxM                                    STM32F4xx_StdPeriph_Driver\stm32f4xx_tim.o
TIM_SelectOnePulseMode                            STM32F4xx_StdPeriph_Driver\stm32f4xx_tim.o
TIM_SelectOutputTrigger                           STM32F4xx_StdPeriph_Driver\stm32f4xx_tim.o
TIM_SelectSlaveMode                               STM32F4xx_StdPeriph_Driver\stm32f4xx_tim.o
TIM_SetAutoreload                                 STM32F4xx_StdPeriph_Driver\stm32f4xx_tim.o
                                                  User\main.o
                                                  User\stm32f4xx_it.o
TIM_SetClockDivision                              STM32F4xx_StdPeriph_Driver\stm32f4xx_tim.o
TIM_SetCompare1                                   STM32F4xx_StdPeriph_Driver\stm32f4xx_tim.o
                                                  User\main.o
                                                  User\stm32f4xx_it.o
TIM_SetCompare2                                   STM32F4xx_StdPeriph_Driver\stm32f4xx_tim.o
                                                  User\main.o
                                                  User\stm32f4xx_it.o
TIM_SetCompare3                                   STM32F4xx_StdPeriph_Driver\stm32f4xx_tim.o
                                                  User\main.o
                                                  User\stm32f4xx_it.o
TIM_SetCompare4                                   STM32F4xx_StdPeriph_Driver\stm32f4xx_tim.o
                                                  User\main.o
                                                  User\stm32f4xx_it.o
TIM_SetCounter                                    STM32F4xx_StdPeriph_Driver\stm32f4xx_tim.o
TIM_SetIC1Prescaler                               STM32F4xx_StdPeriph_Driver\stm32f4xx_tim.o
TIM_SetIC2Prescaler                               STM32F4xx_StdPeriph_Driver\stm32f4xx_tim.o
TIM_SetIC3Prescaler                               STM32F4xx_StdPeriph_Driver\stm32f4xx_tim.o
TIM_SetIC4Prescaler                               STM32F4xx_StdPeriph_Driver\stm32f4xx_tim.o
TIM_TIxExternalClockConfig                        STM32F4xx_StdPeriph_Driver\stm32f4xx_tim.o
TIM_TimeBaseInit                                  STM32F4xx_StdPeriph_Driver\stm32f4xx_tim.o
                                                  User\main.o
TIM_TimeBaseStructInit                            STM32F4xx_StdPeriph_Driver\stm32f4xx_tim.o
TIM_TimeBaseStructure                             User\main.o
TIM_UpdateDisableConfig                           STM32F4xx_StdPeriph_Driver\stm32f4xx_tim.o
TIM_UpdateRequestConfig                           STM32F4xx_StdPeriph_Driver\stm32f4xx_tim.o
TempAcceleration                                  User\stm32f4xx_it.o
TimingDelay                                       User\main.o
                                                  User\stm32f4xx_it.o
TimingDelay_Decrement                             User\main.o
                                                  User\stm32f4xx_it.o
UART4_IRQHandler                                  TrueSTUDIO\startup_stm32f4xx.o
UART5_IRQHandler                                  TrueSTUDIO\startup_stm32f4xx.o
USART1_IRQHandler                                 TrueSTUDIO\startup_stm32f4xx.o
USART2_IRQHandler                                 TrueSTUDIO\startup_stm32f4xx.o
USART3_IRQHandler                                 TrueSTUDIO\startup_stm32f4xx.o
USART6_IRQHandler                                 TrueSTUDIO\startup_stm32f4xx.o
UsageFault_Handler                                User\stm32f4xx_it.o
WWDG_IRQHandler                                   TrueSTUDIO\startup_stm32f4xx.o
XOffset                                           User\main.o
                                                  User\stm32f4xx_it.o
YOffset                                           User\main.o
                                                  User\stm32f4xx_it.o
_Jv_RegisterClasses                               c:/program files/atollic/truestudio for stmicroelectronics stm32 lite 2.2.0/armtools/bin/../lib/gcc/arm-atollic-eabi/4.5.1/thumb/thumb2/crtbegin.o
__dso_handle                                      c:/program files/atollic/truestudio for stmicroelectronics stm32 lite 2.2.0/armtools/bin/../lib/gcc/arm-atollic-eabi/4.5.1/thumb/thumb2/crtbegin.o
__init_array_end                                  c:/program files/atollic/truestudio for stmicroelectronics stm32 lite 2.2.0/armtools/bin/../lib/gcc/arm-atollic-eabi/4.5.1/../../../../arm-atollic-eabi/lib/thumb/thumb2\libc.a(lib_a-init.o)
__init_array_start                                c:/program files/atollic/truestudio for stmicroelectronics stm32 lite 2.2.0/armtools/bin/../lib/gcc/arm-atollic-eabi/4.5.1/../../../../arm-atollic-eabi/lib/thumb/thumb2\libc.a(lib_a-init.o)
__libc_init_array                                 c:/program files/atollic/truestudio for stmicroelectronics stm32 lite 2.2.0/armtools/bin/../lib/gcc/arm-atollic-eabi/4.5.1/../../../../arm-atollic-eabi/lib/thumb/thumb2\libc.a(lib_a-init.o)
                                                  TrueSTUDIO\startup_stm32f4xx.o
__preinit_array_end                               c:/program files/atollic/truestudio for stmicroelectronics stm32 lite 2.2.0/armtools/bin/../lib/gcc/arm-atollic-eabi/4.5.1/../../../../arm-atollic-eabi/lib/thumb/thumb2\libc.a(lib_a-init.o)
__preinit_array_start                             c:/program files/atollic/truestudio for stmicroelectronics stm32 lite 2.2.0/armtools/bin/../lib/gcc/arm-atollic-eabi/4.5.1/../../../../arm-atollic-eabi/lib/thumb/thumb2\libc.a(lib_a-init.o)
_ebss                                             TrueSTUDIO\startup_stm32f4xx.o
_edata                                            TrueSTUDIO\startup_stm32f4xx.o
_estack                                           TrueSTUDIO\startup_stm32f4xx.o
_fini                                             c:/program files/atollic/truestudio for stmicroelectronics stm32 lite 2.2.0/armtools/bin/../lib/gcc/arm-atollic-eabi/4.5.1/thumb/thumb2/crti.o
_init                                             c:/program files/atollic/truestudio for stmicroelectronics stm32 lite 2.2.0/armtools/bin/../lib/gcc/arm-atollic-eabi/4.5.1/thumb/thumb2/crti.o
                                                  c:/program files/atollic/truestudio for stmicroelectronics stm32 lite 2.2.0/armtools/bin/../lib/gcc/arm-atollic-eabi/4.5.1/../../../../arm-atollic-eabi/lib/thumb/thumb2\libc.a(lib_a-init.o)
_sbss                                             TrueSTUDIO\startup_stm32f4xx.o
_sdata                                            TrueSTUDIO\startup_stm32f4xx.o
_sidata                                           TrueSTUDIO\startup_stm32f4xx.o
g_pfnVectors                                      TrueSTUDIO\startup_stm32f4xx.o
main                                              User\main.o
                                                  TrueSTUDIO\startup_stm32f4xx.o
