Archive member included because of file (symbol)

c:/program files/atollic/truestudio for stmicroelectronics stm32 lite 2.2.0/armtools/bin/../lib/gcc/arm-atollic-eabi/4.5.1/../../../../arm-atollic-eabi/lib/thumb/thumb2\libc.a(lib_a-init.o)
                              TrueSTUDIO\startup_stm32f4xx.o (__libc_init_array)

Allocating common symbols
Common symbol       size              file

CurrentPos          0x4               STM32F4-Discovery\stm32f4_discovery_audio_codec.o
ConvData1           0x2               User\selftest.o
LIS302DL_InitStruct
                    0x5               User\main.o
TimingDelay         0x4               User\main.o
Y_Offset            0x1               User\main.o
LIS302DL_FilterStruct
                    0x3               User\main.o
ADC_InitStructure   0x18              User\selftest.o
X_Offset            0x1               User\main.o
AUDIO_MAL_DMA_InitStructure
                    0x3c              STM32F4-Discovery\stm32f4_discovery_audio_codec.o
USB_OTG_dev         0x5f0             User\main.o
Buffer              0x6               User\main.o
NVIC_InitStructure  0x4               STM32F4-Discovery\stm32f4_discovery.o
RCC_Clocks          0x10              User\selftest.o
USBD_StrDesc        0x40              STM32_USB_Device_Library\Core\usbd_req.o
DMA_InitStructure   0x3c              STM32F4-Discovery\stm32f4_discovery_audio_codec.o
ADC_CommonInitStructure
                    0x10              User\selftest.o
ConvData2           0x2               User\selftest.o

Discarded input sections

 .text          0x00000000        0x0 c:/program files/atollic/truestudio for stmicroelectronics stm32 lite 2.2.0/armtools/bin/../lib/gcc/arm-atollic-eabi/4.5.1/thumb/thumb2/crti.o
 .data          0x00000000        0x0 c:/program files/atollic/truestudio for stmicroelectronics stm32 lite 2.2.0/armtools/bin/../lib/gcc/arm-atollic-eabi/4.5.1/thumb/thumb2/crti.o
 .bss           0x00000000        0x0 c:/program files/atollic/truestudio for stmicroelectronics stm32 lite 2.2.0/armtools/bin/../lib/gcc/arm-atollic-eabi/4.5.1/thumb/thumb2/crti.o
 .data          0x00000000        0x4 c:/program files/atollic/truestudio for stmicroelectronics stm32 lite 2.2.0/armtools/bin/../lib/gcc/arm-atollic-eabi/4.5.1/thumb/thumb2/crtbegin.o
 .text          0x00000000        0x0 User\usbd_usr.o
 .data          0x00000000        0x0 User\usbd_usr.o
 .bss           0x00000000        0x0 User\usbd_usr.o
 .text          0x00000000        0x0 User\usbd_desc.o
 .data          0x00000000        0x0 User\usbd_desc.o
 .bss           0x00000000        0x0 User\usbd_desc.o
 .data.USBD_DeviceQualifierDesc
                0x00000000        0xa User\usbd_desc.o
 .text          0x00000000        0x0 User\usb_bsp.o
 .data          0x00000000        0x0 User\usb_bsp.o
 .bss           0x00000000        0x0 User\usb_bsp.o
 .text          0x00000000        0x0 User\system_stm32f4xx.o
 .data          0x00000000        0x0 User\system_stm32f4xx.o
 .bss           0x00000000        0x0 User\system_stm32f4xx.o
 .text.SystemCoreClockUpdate
                0x00000000       0x90 User\system_stm32f4xx.o
 .data.AHBPrescTable
                0x00000000       0x10 User\system_stm32f4xx.o
 .text          0x00000000        0x0 User\stm32f4xx_it.o
 .data          0x00000000        0x0 User\stm32f4xx_it.o
 .bss           0x00000000        0x0 User\stm32f4xx_it.o
 .text          0x00000000        0x0 User\selftest.o
 .data          0x00000000        0x0 User\selftest.o
 .bss           0x00000000        0x0 User\selftest.o
 .text.EVAL_AUDIO_HalfTransfer_CallBack
                0x00000000        0x2 User\selftest.o
 .text.EVAL_AUDIO_Error_CallBack
                0x00000000        0x2 User\selftest.o
 .data.GPIO_Pin
                0x00000000        0x2 User\selftest.o
 .bss.Idx       0x00000000        0x2 User\selftest.o
 .data.ADC_Channel
                0x00000000        0x2 User\selftest.o
 .text          0x00000000        0x0 User\main.o
 .data          0x00000000        0x0 User\main.o
 .bss           0x00000000        0x0 User\main.o
 .text          0x00000000       0x14 TrueSTUDIO\startup_stm32f4xx.o
 .data          0x00000000        0x0 TrueSTUDIO\startup_stm32f4xx.o
 .bss           0x00000000        0x0 TrueSTUDIO\startup_stm32f4xx.o
 .text          0x00000000        0x0 STM32_USB_OTG_Driver\usb_dcd_int.o
 .data          0x00000000        0x0 STM32_USB_OTG_Driver\usb_dcd_int.o
 .bss           0x00000000        0x0 STM32_USB_OTG_Driver\usb_dcd_int.o
 .text          0x00000000        0x0 STM32_USB_OTG_Driver\usb_dcd.o
 .data          0x00000000        0x0 STM32_USB_OTG_Driver\usb_dcd.o
 .bss           0x00000000        0x0 STM32_USB_OTG_Driver\usb_dcd.o
 .text.DCD_DevConnect
                0x00000000       0x10 STM32_USB_OTG_Driver\usb_dcd.o
 .text.DCD_GetEPStatus
                0x00000000       0x24 STM32_USB_OTG_Driver\usb_dcd.o
[...]
Memory Configuration

Name             Origin             Length             Attributes
FLASH            0x08000000         0x00100000         xr
RAM              0x20000000         0x0001c000         xrw
MEMORY_B1        0x60000000         0x00000000         xr
*default*        0x00000000         0xffffffff

Linker script and memory map

LOAD c:/program files/atollic/truestudio for stmicroelectronics stm32 lite 2.2.0/armtools/bin/../lib/gcc/arm-atollic-eabi/4.5.1/thumb/thumb2/crti.o
LOAD c:/program files/atollic/truestudio for stmicroelectronics stm32 lite 2.2.0/armtools/bin/../lib/gcc/arm-atollic-eabi/4.5.1/thumb/thumb2/crtbegin.o
LOAD User\usbd_usr.o
LOAD User\usbd_desc.o
LOAD User\usb_bsp.o
LOAD User\system_stm32f4xx.o
LOAD User\stm32f4xx_it.o
LOAD User\selftest.o
LOAD User\main.o
LOAD TrueSTUDIO\startup_stm32f4xx.o
LOAD STM32_USB_OTG_Driver\usb_dcd_int.o
LOAD STM32_USB_OTG_Driver\usb_dcd.o
LOAD STM32_USB_OTG_Driver\usb_core.o
LOAD STM32_USB_Device_Library\Core\usbd_req.o
LOAD STM32_USB_Device_Library\Core\usbd_ioreq.o
LOAD STM32_USB_Device_Library\Core\usbd_core.o
LOAD STM32_USB_Device_Library\Class\hid\usbd_hid_core.o
LOAD STM32F4xx_StdPeriph_Driver\stm32f4xx_tim.o
LOAD STM32F4xx_StdPeriph_Driver\stm32f4xx_syscfg.o
LOAD STM32F4xx_StdPeriph_Driver\stm32f4xx_spi.o
LOAD STM32F4xx_StdPeriph_Driver\stm32f4xx_rcc.o
LOAD STM32F4xx_StdPeriph_Driver\stm32f4xx_i2c.o
LOAD STM32F4xx_StdPeriph_Driver\stm32f4xx_gpio.o
LOAD STM32F4xx_StdPeriph_Driver\stm32f4xx_flash.o
LOAD STM32F4xx_StdPeriph_Driver\stm32f4xx_exti.o
LOAD STM32F4xx_StdPeriph_Driver\stm32f4xx_dma.o
LOAD STM32F4xx_StdPeriph_Driver\stm32f4xx_dac.o
LOAD STM32F4xx_StdPeriph_Driver\stm32f4xx_adc.o
LOAD STM32F4xx_StdPeriph_Driver\misc.o
LOAD STM32F4-Discovery\stm32f4_discovery_lis302dl.o
LOAD STM32F4-Discovery\stm32f4_discovery_audio_codec.o
LOAD STM32F4-Discovery\stm32f4_discovery.o
                0x00001000                malloc_getpagesize_P = 0x1000
START GROUP
LOAD c:/program files/atollic/truestudio for stmicroelectronics stm32 lite 2.2.0/armtools/bin/../lib/gcc/arm-atollic-eabi/4.5.1/thumb/thumb2\libgcc.a
LOAD c:/program files/atollic/truestudio for stmicroelectronics stm32 lite 2.2.0/armtools/bin/../lib/gcc/arm-atollic-eabi/4.5.1/../../../../arm-atollic-eabi/lib/thumb/thumb2\libc.a
END GROUP
LOAD c:/program files/atollic/truestudio for stmicroelectronics stm32 lite 2.2.0/armtools/bin/../lib/gcc/arm-atollic-eabi/4.5.1/thumb/thumb2/crtend.o
LOAD c:/program files/atollic/truestudio for stmicroelectronics stm32 lite 2.2.0/armtools/bin/../lib/gcc/arm-atollic-eabi/4.5.1/thumb/thumb2/crtn.o
                0x2001c000                _estack = 0x2001c000
                0x00000000                _Min_Heap_Size = 0x0
                0x00000400                _Min_Stack_Size = 0x400

.isr_vector     0x08000000      0x188
                0x08000000                . = ALIGN (0x4)
 *(.isr_vector)
 .isr_vector    0x08000000      0x188 TrueSTUDIO\startup_stm32f4xx.o
                0x08000000                g_pfnVectors
                0x08000188                . = ALIGN (0x4)

.text           0x08000188     0x4874
                0x08000188                . = ALIGN (0x4)
 *(.text)
 .text          0x08000188       0x30 c:/program files/atollic/truestudio for stmicroelectronics stm32 lite 2.2.0/armtools/bin/../lib/gcc/arm-atollic-eabi/4.5.1/thumb/thumb2/crtbegin.o
 *(.text*)
 .text.USBD_USR_DeviceReset
                0x080001b8        0x2 User\usbd_usr.o
                0x080001b8                USBD_USR_DeviceReset
 .text.USBD_USR_DeviceConfigured
                0x080001ba        0x2 User\usbd_usr.o
                0x080001ba                USBD_USR_DeviceConfigured
 .text.USBD_USR_DeviceConnected
                0x080001bc        0x2 User\usbd_usr.o
                0x080001bc                USBD_USR_DeviceConnected
 .text.USBD_USR_DeviceDisconnected
                0x080001be        0x2 User\usbd_usr.o
                0x080001be                USBD_USR_DeviceDisconnected
 .text.USBD_USR_DeviceSuspended
                0x080001c0        0x2 User\usbd_usr.o
                0x080001c0                USBD_USR_DeviceSuspended
 .text.USBD_USR_DeviceResumed
                0x080001c2        0x2 User\usbd_usr.o
                0x080001c2                USBD_USR_DeviceResumed
 .text.USBD_USR_Init
                0x080001c4       0x3c User\usbd_usr.o
                0x080001c4                USBD_USR_Init
 .text.USBD_USR_DeviceDescriptor
                0x08000200        0xc User\usbd_desc.o
                0x08000200                USBD_USR_DeviceDescriptor
 .text.USBD_USR_LangIDStrDescriptor
                0x0800020c        0xc User\usbd_desc.o
                0x0800020c                USBD_USR_LangIDStrDescriptor
 .text.USBD_USR_InterfaceStrDescriptor
                0x08000218       0x18 User\usbd_desc.o
                0x08000218                USBD_USR_InterfaceStrDescriptor
 .text.USBD_USR_ConfigStrDescriptor
                0x08000230       0x18 User\usbd_desc.o
                0x08000230                USBD_USR_ConfigStrDescriptor
 .text.USBD_USR_SerialStrDescriptor
                0x08000248       0x24 User\usbd_desc.o
                0x08000248                USBD_USR_SerialStrDescriptor
 .text.USBD_USR_ManufacturerStrDescriptor
                0x0800026c       0x18 User\usbd_desc.o
                0x0800026c                USBD_USR_ManufacturerStrDescriptor
 .text.USBD_USR_ProductStrDescriptor
                0x08000284       0x24 User\usbd_desc.o
                0x08000284                USBD_USR_ProductStrDescriptor
 .text.USB_OTG_BSP_Init
                0x080002a8       0xac User\usb_bsp.o
                0x080002a8                USB_OTG_BSP_Init
 .text.USB_OTG_BSP_EnableInterrupt
                0x08000354       0x28 User\usb_bsp.o
                0x08000354                USB_OTG_BSP_EnableInterrupt
 .text.USB_OTG_BSP_uDelay
                0x0800037c       0x14 User\usb_bsp.o
                0x0800037c                USB_OTG_BSP_uDelay
 .text.USB_OTG_BSP_mDelay
                0x08000390        0xa User\usb_bsp.o
                0x08000390                USB_OTG_BSP_mDelay
 *fill*         0x0800039a        0x2 00
 .text.SystemInit
                0x0800039c      0x110 User\system_stm32f4xx.o
                0x0800039c                SystemInit
 .text.NMI_Handler
                0x080004ac        0x2 User\stm32f4xx_it.o
                0x080004ac                NMI_Handler
 .text.HardFault_Handler
                0x080004ae        0x2 User\stm32f4xx_it.o
                0x080004ae                HardFault_Handler
 .text.MemManage_Handler
                0x080004b0        0x2 User\stm32f4xx_it.o
                0x080004b0                MemManage_Handler
 .text.BusFault_Handler
                0x080004b2        0x2 User\stm32f4xx_it.o
                0x080004b2                BusFault_Handler
 .text.UsageFault_Handler
                0x080004b4        0x2 User\stm32f4xx_it.o
                0x080004b4                UsageFault_Handler
 .text.SVC_Handler
                0x080004b6        0x2 User\stm32f4xx_it.o
                0x080004b6                SVC_Handler
 .text.DebugMon_Handler
                0x080004b8        0x2 User\stm32f4xx_it.o
                0x080004b8                DebugMon_Handler
 .text.PendSV_Handler
                0x080004ba        0x2 User\stm32f4xx_it.o
                0x080004ba                PendSV_Handler
 .text.SysTick_Handler
                0x080004bc      0x1a4 User\stm32f4xx_it.o
                0x080004bc                SysTick_Handler
 .text.EXTI0_IRQHandler
                0x08000660       0x10 User\stm32f4xx_it.o
                0x08000660                EXTI0_IRQHandler
 .text.OTG_FS_WKUP_IRQHandler
                0x08000670       0x30 User\stm32f4xx_it.o
                0x08000670                OTG_FS_WKUP_IRQHandler
 .text.OTG_FS_IRQHandler
                0x080006a0        0xc User\stm32f4xx_it.o
                0x080006a0                OTG_FS_IRQHandler
 .text.Accelerometer_MEMS_Test
                0x080006ac       0xc4 User\selftest.o
                0x080006ac                Accelerometer_MEMS_Test
 .text.USB_Test
                0x08000770      0x400 User\selftest.o
                0x08000770                USB_Test
 .text.Audio_Test
                0x08000b70      0x2e0 User\selftest.o
                0x08000b70                Audio_Test
 .text.Microphone_MEMS_Test
                0x08000e50       0xf0 User\selftest.o
                0x08000e50                Microphone_MEMS_Test
 .text.EVAL_AUDIO_TransferComplete_CallBack
                0x08000f40        0x2 User\selftest.o
                0x08000f40                EVAL_AUDIO_TransferComplete_CallBack
 *fill*         0x08000f42        0x2 00
 .text.EVAL_AUDIO_GetSampleCallBack
                0x08000f44       0x74 User\selftest.o
                0x08000f44                EVAL_AUDIO_GetSampleCallBack
 .text.Codec_TIMEOUT_UserCallback
                0x08000fb8        0x2 User\selftest.o
                0x08000fb8                Codec_TIMEOUT_UserCallback
 *fill*         0x08000fba        0x2 00
 .text.SysTick_Config
                0x08000fbc       0x30 User\main.o
 .text.Delay    0x08000fec       0x18 User\main.o
                0x08000fec                Delay
 .text.Demo_Exec
                0x08001004      0x2d0 User\main.o
 .text.main     0x080012d4       0xf4 User\main.o
                0x080012d4                main
 .text.TimingDelay_Decrement
                0x080013c8       0x14 User\main.o
                0x080013c8                TimingDelay_Decrement
 .text.Fail_Handler
                0x080013dc       0x28 User\main.o
                0x080013dc                Fail_Handler
 .text.LIS302DL_TIMEOUT_UserCallback
                0x08001404       0x18 User\main.o
                0x08001404                LIS302DL_TIMEOUT_UserCallback
 .text.Reset_Handler
                0x0800141c       0x48 TrueSTUDIO\startup_stm32f4xx.o
                0x0800141c                Reset_Handler
 .text.Default_Handler
                0x08001464        0x2 TrueSTUDIO\startup_stm32f4xx.o
                0x08001464                RTC_Alarm_IRQHandler
                0x08001464                HASH_RNG_IRQHandler
                0x08001464                EXTI2_IRQHandler
                0x08001464                TIM8_CC_IRQHandler
                0x08001464                TIM1_CC_IRQHandler
                0x08001464                DMA2_Stream5_IRQHandler
                0x08001464                DMA1_Stream5_IRQHandler
                0x08001464                PVD_IRQHandler
                0x08001464                SDIO_IRQHandler
                0x08001464                TAMP_STAMP_IRQHandler
                0x08001464                CAN2_RX1_IRQHandler
                0x08001464                EXTI3_IRQHandler
                0x08001464                TIM8_TRG_COM_TIM14_IRQHandler
                0x08001464                TIM1_UP_TIM10_IRQHandler
                0x08001464                TIM8_UP_TIM13_IRQHandler
                0x08001464                I2C3_ER_IRQHandler
                0x08001464                I2C2_EV_IRQHandler
                0x08001464                DMA1_Stream2_IRQHandler
                0x08001464                CAN1_RX0_IRQHandler
                0x08001464                FPU_IRQHandler
                0x08001464                OTG_HS_WKUP_IRQHandler
                0x08001464                CAN2_SCE_IRQHandler
                0x08001464                DMA2_Stream2_IRQHandler
                0x08001464                SPI1_IRQHandler
                0x08001464                TIM6_DAC_IRQHandler
                0x08001464                TIM1_BRK_TIM9_IRQHandler
                0x08001464                DCMI_IRQHandler
                0x08001464                CAN2_RX0_IRQHandler
                0x08001464                DMA2_Stream3_IRQHandler
                0x08001464                USART6_IRQHandler
                0x08001464                USART3_IRQHandler
                0x08001464                CRYP_IRQHandler
                0x08001464                CAN1_RX1_IRQHandler
                0x08001464                UART5_IRQHandler
                0x08001464                DMA2_Stream0_IRQHandler
                0x08001464                TIM4_IRQHandler
                0x08001464                I2C1_EV_IRQHandler
                0x08001464                DMA1_Stream6_IRQHandler
                0x08001464                DMA1_Stream1_IRQHandler
                0x08001464                UART4_IRQHandler
                0x08001464                TIM3_IRQHandler
                0x08001464                RCC_IRQHandler
                0x08001464                TIM8_BRK_TIM12_IRQHandler
                0x08001464                Default_Handler
                0x08001464                EXTI15_10_IRQHandler
                0x08001464                ADC_IRQHandler
                0x08001464                TIM7_IRQHandler
                0x08001464                CAN2_TX_IRQHandler
                0x08001464                TIM5_IRQHandler
                0x08001464                DMA2_Stream7_IRQHandler
                0x08001464                I2C3_EV_IRQHandler
                0x08001464                EXTI9_5_IRQHandler
                0x08001464                RTC_WKUP_IRQHandler
                0x08001464                ETH_WKUP_IRQHandler
                0x08001464                SPI2_IRQHandler
                0x08001464                OTG_HS_EP1_IN_IRQHandler
                0x08001464                CAN1_TX_IRQHandler
                0x08001464                EXTI4_IRQHandler
                0x08001464                FSMC_IRQHandler
                0x08001464                ETH_IRQHandler
                0x08001464                OTG_HS_EP1_OUT_IRQHandler
                0x08001464                WWDG_IRQHandler
                0x08001464                TIM2_IRQHandler
                0x08001464                TIM1_TRG_COM_TIM11_IRQHandler
                0x08001464                OTG_HS_IRQHandler
                0x08001464                EXTI1_IRQHandler
                0x08001464                USART2_IRQHandler
                0x08001464                I2C2_ER_IRQHandler
                0x08001464                DMA2_Stream1_IRQHandler
                0x08001464                CAN1_SCE_IRQHandler
                0x08001464                FLASH_IRQHandler
                0x08001464                DMA2_Stream4_IRQHandler
                0x08001464                USART1_IRQHandler
                0x08001464                DMA1_Stream4_IRQHandler
                0x08001464                I2C1_ER_IRQHandler
                0x08001464                DMA2_Stream6_IRQHandler
                0x08001464                DMA1_Stream3_IRQHandler
 *fill*         0x08001466        0x2 00
 .text.USBD_OTG_ISR_Handler
                0x08001468      0x4d4 STM32_USB_OTG_Driver\usb_dcd_int.o
                0x08001468                USBD_OTG_ISR_Handler
 .text.DCD_Init
                0x0800193c       0x96 STM32_USB_OTG_Driver\usb_dcd.o
                0x0800193c                DCD_Init
 .text.DCD_EP_Open
                0x080019d2       0x3c STM32_USB_OTG_Driver\usb_dcd.o
                0x080019d2                DCD_EP_Open
 .text.DCD_EP_Close
                0x08001a0e       0x2a STM32_USB_OTG_Driver\usb_dcd.o
                0x08001a0e                DCD_EP_Close
 .text.DCD_EP_PrepareRx
                0x08001a38       0x4c STM32_USB_OTG_Driver\usb_dcd.o
                0x08001a38                DCD_EP_PrepareRx
 .text.DCD_EP_Tx
                0x08001a84       0x3e STM32_USB_OTG_Driver\usb_dcd.o
                0x08001a84                DCD_EP_Tx
 .text.DCD_EP_Stall
                0x08001ac2       0x34 STM32_USB_OTG_Driver\usb_dcd.o
                0x08001ac2                DCD_EP_Stall
 .text.DCD_EP_ClrStall
                0x08001af6       0x34 STM32_USB_OTG_Driver\usb_dcd.o
                0x08001af6                DCD_EP_ClrStall
 .text.DCD_EP_Flush
                0x08001b2a       0x1a STM32_USB_OTG_Driver\usb_dcd.o
                0x08001b2a                DCD_EP_Flush
 .text.DCD_EP_SetAddress
                0x08001b44       0x10 STM32_USB_OTG_Driver\usb_dcd.o
                0x08001b44                DCD_EP_SetAddress
 .text.DCD_DevDisconnect
                0x08001b54       0x10 STM32_USB_OTG_Driver\usb_dcd.o
                0x08001b54                DCD_DevDisconnect
 .text.USB_OTG_CoreReset.clone.1
                0x08001b64       0x4c STM32_USB_OTG_Driver\usb_core.o
 .text.USB_OTG_WritePacket
                0x08001bb0       0x26 STM32_USB_OTG_Driver\usb_core.o
                0x08001bb0                USB_OTG_WritePacket
 .text.USB_OTG_ReadPacket
                0x08001bd6       0x22 STM32_USB_OTG_Driver\usb_core.o
                0x08001bd6                USB_OTG_ReadPacket
 .text.USB_OTG_SelectCore
                0x08001bf8       0xb8 STM32_USB_OTG_Driver\usb_core.o
                0x08001bf8                USB_OTG_SelectCore
 .text.USB_OTG_CoreInit
                0x08001cb0       0xe6 STM32_USB_OTG_Driver\usb_core.o
                0x08001cb0                USB_OTG_CoreInit
 .text.USB_OTG_EnableGlobalInt
                0x08001d96        0xe STM32_USB_OTG_Driver\usb_core.o
                0x08001d96                USB_OTG_EnableGlobalInt
 .text.USB_OTG_DisableGlobalInt
                0x08001da4        0xe STM32_USB_OTG_Driver\usb_core.o
                0x08001da4                USB_OTG_DisableGlobalInt
 *fill*         0x08001db2        0x2 00
 .text.USB_OTG_FlushTxFifo
                0x08001db4       0x40 STM32_USB_OTG_Driver\usb_core.o
                0x08001db4                USB_OTG_FlushTxFifo
 .text.USB_OTG_FlushRxFifo
                0x08001df4       0x38 STM32_USB_OTG_Driver\usb_core.o
                0x08001df4                USB_OTG_FlushRxFifo
 .text.USB_OTG_SetCurrentMode
                0x08001e2c       0x2a STM32_USB_OTG_Driver\usb_core.o
                0x08001e2c                USB_OTG_SetCurrentMode
 .text.USB_OTG_GetMode
                0x08001e56        0xa STM32_USB_OTG_Driver\usb_core.o
                0x08001e56                USB_OTG_GetMode
 .text.USB_OTG_IsDeviceMode
                0x08001e60        0xe STM32_USB_OTG_Driver\usb_core.o
                0x08001e60                USB_OTG_IsDeviceMode
 .text.USB_OTG_ReadCoreItr
                0x08001e6e        0xa STM32_USB_OTG_Driver\usb_core.o
                0x08001e6e                USB_OTG_ReadCoreItr
 .text.USB_OTG_InitDevSpeed
                0x08001e78        0xc STM32_USB_OTG_Driver\usb_core.o
                0x08001e78                USB_OTG_InitDevSpeed
 .text.USB_OTG_EnableDevInt
                0x08001e84       0x40 STM32_USB_OTG_Driver\usb_core.o
                0x08001e84                USB_OTG_EnableDevInt
 .text.USB_OTG_CoreInitDev
                0x08001ec4      0x108 STM32_USB_OTG_Driver\usb_core.o
                0x08001ec4                USB_OTG_CoreInitDev
 .text.USB_OTG_GetDeviceSpeed
                0x08001fcc       0x20 STM32_USB_OTG_Driver\usb_core.o
                0x08001fcc                USB_OTG_GetDeviceSpeed
 .text.USB_OTG_EP0Activate
                0x08001fec       0x2c STM32_USB_OTG_Driver\usb_core.o
                0x08001fec                USB_OTG_EP0Activate
 .text.USB_OTG_EPActivate
                0x08002018       0x62 STM32_USB_OTG_Driver\usb_core.o
                0x08002018                USB_OTG_EPActivate
 .text.USB_OTG_EPDeactivate
                0x0800207a       0x42 STM32_USB_OTG_Driver\usb_core.o
                0x0800207a                USB_OTG_EPDeactivate
 .text.USB_OTG_EPStartXfer
                0x080020bc      0x128 STM32_USB_OTG_Driver\usb_core.o
                0x080020bc                USB_OTG_EPStartXfer
 .text.USB_OTG_EP0StartXfer
                0x080021e4       0xe2 STM32_USB_OTG_Driver\usb_core.o
                0x080021e4                USB_OTG_EP0StartXfer
 .text.USB_OTG_EPSetStall
                0x080022c6       0x34 STM32_USB_OTG_Driver\usb_core.o
                0x080022c6                USB_OTG_EPSetStall
 .text.USB_OTG_EPClearStall
                0x080022fa       0x2a STM32_USB_OTG_Driver\usb_core.o
                0x080022fa                USB_OTG_EPClearStall
 .text.USB_OTG_ReadDevAllOutEp_itr
                0x08002324        0xc STM32_USB_OTG_Driver\usb_core.o
                0x08002324                USB_OTG_ReadDevAllOutEp_itr
 .text.USB_OTG_ReadDevOutEP_itr
                0x08002330       0x10 STM32_USB_OTG_Driver\usb_core.o
                0x08002330                USB_OTG_ReadDevOutEP_itr
 .text.USB_OTG_ReadDevAllInEPItr
                0x08002340        0xc STM32_USB_OTG_Driver\usb_core.o
                0x08002340                USB_OTG_ReadDevAllInEPItr
 .text.USB_OTG_EP0_OutStart
                0x0800234c       0x40 STM32_USB_OTG_Driver\usb_core.o
                0x0800234c                USB_OTG_EP0_OutStart
 .text.USB_OTG_UngateClock
                0x0800238c       0x22 STM32_USB_OTG_Driver\usb_core.o
                0x0800238c                USB_OTG_UngateClock
 .text.USB_OTG_StopDevice
                0x080023ae       0x44 STM32_USB_OTG_Driver\usb_core.o
                0x080023ae                USB_OTG_StopDevice
 .text.USBD_ParseSetupRequest
                0x080023f2       0x44 STM32_USB_Device_Library\Core\usbd_req.o
                0x080023f2                USBD_ParseSetupRequest
 .text.USBD_CtlError
                0x08002436       0x24 STM32_USB_Device_Library\Core\usbd_req.o
                0x08002436                USBD_CtlError
 *fill*         0x0800245a        0x2 00
 .text.USBD_StdEPReq
                0x0800245c       0xc0 STM32_USB_Device_Library\Core\usbd_req.o
                0x0800245c                USBD_StdEPReq
 .text.USBD_StdItfReq
                0x0800251c       0x30 STM32_USB_Device_Library\Core\usbd_req.o
                0x0800251c                USBD_StdItfReq
 .text.USBD_StdDevReq
                0x0800254c      0x254 STM32_USB_Device_Library\Core\usbd_req.o
                0x0800254c                USBD_StdDevReq
 .text.USBD_GetString
                0x080027a0       0x3e STM32_USB_Device_Library\Core\usbd_req.o
                0x080027a0                USBD_GetString
 .text.USBD_CtlSendData
                0x080027de       0x22 STM32_USB_Device_Library\Core\usbd_ioreq.o
                0x080027de                USBD_CtlSendData
 .text.USBD_CtlContinueSendData
                0x08002800       0x12 STM32_USB_Device_Library\Core\usbd_ioreq.o
                0x08002800                USBD_CtlContinueSendData
 .text.USBD_CtlContinueRx
                0x08002812       0x12 STM32_USB_Device_Library\Core\usbd_ioreq.o
                0x08002812                USBD_CtlContinueRx
 .text.USBD_CtlSendStatus
                0x08002824       0x1e STM32_USB_Device_Library\Core\usbd_ioreq.o
                0x08002824                USBD_CtlSendStatus
 .text.USBD_CtlReceiveStatus
                0x08002842       0x1e STM32_USB_Device_Library\Core\usbd_ioreq.o
                0x08002842                USBD_CtlReceiveStatus
 .text.USBD_Resume
                0x08002860       0x16 STM32_USB_Device_Library\Core\usbd_core.o
 .text.USBD_Suspend
                0x08002876       0x14 STM32_USB_Device_Library\Core\usbd_core.o
 .text.USBD_SOF
                0x0800288a       0x10 STM32_USB_Device_Library\Core\usbd_core.o
 .text.USBD_IsoINIncomplete
                0x0800289a        0xe STM32_USB_Device_Library\Core\usbd_core.o
 .text.USBD_IsoOUTIncomplete
                0x080028a8        0xe STM32_USB_Device_Library\Core\usbd_core.o
 .text.USBD_Reset
                0x080028b6       0x2e STM32_USB_Device_Library\Core\usbd_core.o
 .text.USBD_SetupStage
                0x080028e4       0x48 STM32_USB_Device_Library\Core\usbd_core.o
 .text.USBD_DataInStage
                0x0800292c       0x98 STM32_USB_Device_Library\Core\usbd_core.o
 .text.USBD_DataOutStage
                0x080029c4       0x74 STM32_USB_Device_Library\Core\usbd_core.o
 .text.USBD_Init
                0x08002a38       0x38 STM32_USB_Device_Library\Core\usbd_core.o
                0x08002a38                USBD_Init
 .text.USBD_SetCfg
                0x08002a70       0x18 STM32_USB_Device_Library\Core\usbd_core.o
                0x08002a70                USBD_SetCfg
 .text.USBD_ClrCfg
                0x08002a88        0xe STM32_USB_Device_Library\Core\usbd_core.o
                0x08002a88                USBD_ClrCfg
 *fill*         0x08002a96        0x2 00
 .text.USBD_HID_GetCfgDesc
                0x08002a98        0xc STM32_USB_Device_Library\Class\hid\usbd_hid_core.o
 .text.USBD_HID_DataIn
                0x08002aa4        0xc STM32_USB_Device_Library\Class\hid\usbd_hid_core.o
 .text.USBD_HID_Setup
                0x08002ab0       0xb8 STM32_USB_Device_Library\Class\hid\usbd_hid_core.o
 .text.USBD_HID_DeInit
                0x08002b68       0x16 STM32_USB_Device_Library\Class\hid\usbd_hid_core.o
 .text.USBD_HID_Init
                0x08002b7e       0x1e STM32_USB_Device_Library\Class\hid\usbd_hid_core.o
 .text.USBD_HID_SendReport
                0x08002b9c       0x1a STM32_USB_Device_Library\Class\hid\usbd_hid_core.o
                0x08002b9c                USBD_HID_SendReport
 *fill*         0x08002bb6        0x2 00
 .text.TIM_TimeBaseInit
                0x08002bb8       0x8c STM32F4xx_StdPeriph_Driver\stm32f4xx_tim.o
                0x08002bb8                TIM_TimeBaseInit
 .text.TIM_SetAutoreload
                0x08002c44        0x4 STM32F4xx_StdPeriph_Driver\stm32f4xx_tim.o
                0x08002c44                TIM_SetAutoreload
 .text.TIM_ARRPreloadConfig
                0x08002c48       0x1a STM32F4xx_StdPeriph_Driver\stm32f4xx_tim.o
                0x08002c48                TIM_ARRPreloadConfig
 .text.TIM_Cmd  0x08002c62       0x1a STM32F4xx_StdPeriph_Driver\stm32f4xx_tim.o
                0x08002c62                TIM_Cmd
 .text.TIM_OC1Init
                0x08002c7c       0x84 STM32F4xx_StdPeriph_Driver\stm32f4xx_tim.o
                0x08002c7c                TIM_OC1Init
 .text.TIM_OC2Init
                0x08002d00       0x90 STM32F4xx_StdPeriph_Driver\stm32f4xx_tim.o
                0x08002d00                TIM_OC2Init
 .text.TIM_OC3Init
                0x08002d90       0x8c STM32F4xx_StdPeriph_Driver\stm32f4xx_tim.o
                0x08002d90                TIM_OC3Init
 .text.TIM_OC4Init
                0x08002e1c       0x6c STM32F4xx_StdPeriph_Driver\stm32f4xx_tim.o
                0x08002e1c                TIM_OC4Init
 .text.TIM_SetCompare1
                0x08002e88        0x4 STM32F4xx_StdPeriph_Driver\stm32f4xx_tim.o
                0x08002e88                TIM_SetCompare1
 .text.TIM_SetCompare2
                0x08002e8c        0x4 STM32F4xx_StdPeriph_Driver\stm32f4xx_tim.o
                0x08002e8c                TIM_SetCompare2
 .text.TIM_SetCompare3
                0x08002e90        0x4 STM32F4xx_StdPeriph_Driver\stm32f4xx_tim.o
                0x08002e90                TIM_SetCompare3
 .text.TIM_SetCompare4
                0x08002e94        0x4 STM32F4xx_StdPeriph_Driver\stm32f4xx_tim.o
                0x08002e94                TIM_SetCompare4
 .text.TIM_OC1PreloadConfig
                0x08002e98       0x12 STM32F4xx_StdPeriph_Driver\stm32f4xx_tim.o
                0x08002e98                TIM_OC1PreloadConfig
 .text.TIM_OC2PreloadConfig
                0x08002eaa       0x14 STM32F4xx_StdPeriph_Driver\stm32f4xx_tim.o
                0x08002eaa                TIM_OC2PreloadConfig
 .text.TIM_OC3PreloadConfig
                0x08002ebe       0x12 STM32F4xx_StdPeriph_Driver\stm32f4xx_tim.o
                0x08002ebe                TIM_OC3PreloadConfig
 .text.TIM_OC4PreloadConfig
                0x08002ed0       0x14 STM32F4xx_StdPeriph_Driver\stm32f4xx_tim.o
                0x08002ed0                TIM_OC4PreloadConfig
 .text.TIM_CCxCmd
                0x08002ee4       0x20 STM32F4xx_StdPeriph_Driver\stm32f4xx_tim.o
                0x08002ee4                TIM_CCxCmd
 .text.SYSCFG_EXTILineConfig
                0x08002f04       0x34 STM32F4xx_StdPeriph_Driver\stm32f4xx_syscfg.o
                0x08002f04                SYSCFG_EXTILineConfig
 .text.SPI_I2S_DeInit
                0x08002f38       0x64 STM32F4xx_StdPeriph_Driver\stm32f4xx_spi.o
                0x08002f38                SPI_I2S_DeInit
 .text.SPI_Init
                0x08002f9c       0x42 STM32F4xx_StdPeriph_Driver\stm32f4xx_spi.o
                0x08002f9c                SPI_Init
 *fill*         0x08002fde        0x2 00
 .text.I2S_Init
                0x08002fe0       0xdc STM32F4xx_StdPeriph_Driver\stm32f4xx_spi.o
                0x08002fe0                I2S_Init
 .text.SPI_Cmd  0x080030bc       0x1a STM32F4xx_StdPeriph_Driver\stm32f4xx_spi.o
                0x080030bc                SPI_Cmd
 .text.I2S_Cmd  0x080030d6       0x1a STM32F4xx_StdPeriph_Driver\stm32f4xx_spi.o
                0x080030d6                I2S_Cmd
 .text.SPI_I2S_ReceiveData
                0x080030f0        0x6 STM32F4xx_StdPeriph_Driver\stm32f4xx_spi.o
                0x080030f0                SPI_I2S_ReceiveData
 .text.SPI_I2S_SendData
                0x080030f6        0x4 STM32F4xx_StdPeriph_Driver\stm32f4xx_spi.o
                0x080030f6                SPI_I2S_SendData
 .text.SPI_I2S_DMACmd
                0x080030fa       0x16 STM32F4xx_StdPeriph_Driver\stm32f4xx_spi.o
                0x080030fa                SPI_I2S_DMACmd
 .text.SPI_I2S_ITConfig
                0x08003110       0x1e STM32F4xx_StdPeriph_Driver\stm32f4xx_spi.o
                0x08003110                SPI_I2S_ITConfig
 .text.SPI_I2S_GetFlagStatus
                0x0800312e        0xc STM32F4xx_StdPeriph_Driver\stm32f4xx_spi.o
                0x0800312e                SPI_I2S_GetFlagStatus
 *fill*         0x0800313a        0x2 00
 .text.RCC_GetClocksFreq
                0x0800313c       0xac STM32F4xx_StdPeriph_Driver\stm32f4xx_rcc.o
                0x0800313c                RCC_GetClocksFreq
 .text.RCC_AHB1PeriphClockCmd
                0x080031e8       0x18 STM32F4xx_StdPeriph_Driver\stm32f4xx_rcc.o
                0x080031e8                RCC_AHB1PeriphClockCmd
 .text.RCC_AHB2PeriphClockCmd
                0x08003200       0x18 STM32F4xx_StdPeriph_Driver\stm32f4xx_rcc.o
                0x08003200                RCC_AHB2PeriphClockCmd
 .text.RCC_APB1PeriphClockCmd
                0x08003218       0x18 STM32F4xx_StdPeriph_Driver\stm32f4xx_rcc.o
                0x08003218                RCC_APB1PeriphClockCmd
 .text.RCC_APB2PeriphClockCmd
                0x08003230       0x18 STM32F4xx_StdPeriph_Driver\stm32f4xx_rcc.o
                0x08003230                RCC_APB2PeriphClockCmd
 .text.RCC_APB1PeriphResetCmd
                0x08003248       0x18 STM32F4xx_StdPeriph_Driver\stm32f4xx_rcc.o
                0x08003248                RCC_APB1PeriphResetCmd
 .text.RCC_APB2PeriphResetCmd
                0x08003260       0x18 STM32F4xx_StdPeriph_Driver\stm32f4xx_rcc.o
                0x08003260                RCC_APB2PeriphResetCmd
 .text.I2C_DeInit
                0x08003278       0x5c STM32F4xx_StdPeriph_Driver\stm32f4xx_i2c.o
                0x08003278                I2C_DeInit
 .text.I2C_Init
                0x080032d4       0xd8 STM32F4xx_StdPeriph_Driver\stm32f4xx_i2c.o
                0x080032d4                I2C_Init
 .text.I2C_Cmd  0x080033ac       0x1a STM32F4xx_StdPeriph_Driver\stm32f4xx_i2c.o
                0x080033ac                I2C_Cmd
 .text.I2C_GenerateSTART
                0x080033c6       0x1a STM32F4xx_StdPeriph_Driver\stm32f4xx_i2c.o
                0x080033c6                I2C_GenerateSTART
 .text.I2C_GenerateSTOP
                0x080033e0       0x1a STM32F4xx_StdPeriph_Driver\stm32f4xx_i2c.o
                0x080033e0                I2C_GenerateSTOP
 .text.I2C_Send7bitAddress
                0x080033fa       0x10 STM32F4xx_StdPeriph_Driver\stm32f4xx_i2c.o
                0x080033fa                I2C_Send7bitAddress
 .text.I2C_AcknowledgeConfig
                0x0800340a       0x1a STM32F4xx_StdPeriph_Driver\stm32f4xx_i2c.o
                0x0800340a                I2C_AcknowledgeConfig
 .text.I2C_SendData
                0x08003424        0x4 STM32F4xx_StdPeriph_Driver\stm32f4xx_i2c.o
                0x08003424                I2C_SendData
 .text.I2C_ReceiveData
                0x08003428        0x6 STM32F4xx_StdPeriph_Driver\stm32f4xx_i2c.o
                0x08003428                I2C_ReceiveData
 .text.I2C_CheckEvent
                0x0800342e       0x1a STM32F4xx_StdPeriph_Driver\stm32f4xx_i2c.o
                0x0800342e                I2C_CheckEvent
 .text.I2C_GetFlagStatus
                0x08003448       0x34 STM32F4xx_StdPeriph_Driver\stm32f4xx_i2c.o
                0x08003448                I2C_GetFlagStatus
 .text.I2C_ClearFlag
                0x0800347c        0x8 STM32F4xx_StdPeriph_Driver\stm32f4xx_i2c.o
                0x0800347c                I2C_ClearFlag
 .text.GPIO_Init
                0x08003484       0x86 STM32F4xx_StdPeriph_Driver\stm32f4xx_gpio.o
                0x08003484                GPIO_Init
 .text.GPIO_ReadInputDataBit
                0x0800350a        0xc STM32F4xx_StdPeriph_Driver\stm32f4xx_gpio.o
                0x0800350a                GPIO_ReadInputDataBit
 .text.GPIO_SetBits
                0x08003516        0x4 STM32F4xx_StdPeriph_Driver\stm32f4xx_gpio.o
                0x08003516                GPIO_SetBits
 .text.GPIO_ResetBits
                0x0800351a        0x4 STM32F4xx_StdPeriph_Driver\stm32f4xx_gpio.o
                0x0800351a                GPIO_ResetBits
 .text.GPIO_WriteBit
                0x0800351e        0xa STM32F4xx_StdPeriph_Driver\stm32f4xx_gpio.o
                0x0800351e                GPIO_WriteBit
 .text.GPIO_PinAFConfig
                0x08003528       0x2e STM32F4xx_StdPeriph_Driver\stm32f4xx_gpio.o
                0x08003528                GPIO_PinAFConfig
 *fill*         0x08003556        0x2 00
 .text.FLASH_Unlock
                0x08003558       0x20 STM32F4xx_StdPeriph_Driver\stm32f4xx_flash.o
                0x08003558                FLASH_Unlock
 .text.FLASH_GetStatus
                0x08003578       0x3c STM32F4xx_StdPeriph_Driver\stm32f4xx_flash.o
                0x08003578                FLASH_GetStatus
 .text.FLASH_WaitForLastOperation
                0x080035b4       0x1e STM32F4xx_StdPeriph_Driver\stm32f4xx_flash.o
                0x080035b4                FLASH_WaitForLastOperation
 *fill*         0x080035d2        0x2 00
 .text.FLASH_ProgramWord
                0x080035d4       0x3c STM32F4xx_StdPeriph_Driver\stm32f4xx_flash.o
                0x080035d4                FLASH_ProgramWord
 .text.FLASH_EraseSector
                0x08003610       0x70 STM32F4xx_StdPeriph_Driver\stm32f4xx_flash.o
                0x08003610                FLASH_EraseSector
 .text.EXTI_Init
                0x08003680       0x7c STM32F4xx_StdPeriph_Driver\stm32f4xx_exti.o
                0x08003680                EXTI_Init
 .text.EXTI_ClearITPendingBit
                0x080036fc        0xc STM32F4xx_StdPeriph_Driver\stm32f4xx_exti.o
                0x080036fc                EXTI_ClearITPendingBit
 .text.DMA_DeInit
                0x08003708      0x118 STM32F4xx_StdPeriph_Driver\stm32f4xx_dma.o
                0x08003708                DMA_DeInit
 .text.DMA_Init
                0x08003820       0x5c STM32F4xx_StdPeriph_Driver\stm32f4xx_dma.o
                0x08003820                DMA_Init
 .text.DMA_Cmd  0x0800387c       0x14 STM32F4xx_StdPeriph_Driver\stm32f4xx_dma.o
                0x0800387c                DMA_Cmd
 .text.DMA_GetCmdStatus
                0x08003890        0x8 STM32F4xx_StdPeriph_Driver\stm32f4xx_dma.o
                0x08003890                DMA_GetCmdStatus
 .text.DMA_GetFlagStatus
                0x08003898       0x38 STM32F4xx_StdPeriph_Driver\stm32f4xx_dma.o
                0x08003898                DMA_GetFlagStatus
 .text.DMA_ClearFlag
                0x080038d0       0x30 STM32F4xx_StdPeriph_Driver\stm32f4xx_dma.o
                0x080038d0                DMA_ClearFlag
 .text.DMA_ITConfig
                0x08003900       0x34 STM32F4xx_StdPeriph_Driver\stm32f4xx_dma.o
                0x08003900                DMA_ITConfig
 .text.DAC_Init
                0x08003934       0x30 STM32F4xx_StdPeriph_Driver\stm32f4xx_dac.o
                0x08003934                DAC_Init
 .text.DAC_Cmd  0x08003964       0x20 STM32F4xx_StdPeriph_Driver\stm32f4xx_dac.o
                0x08003964                DAC_Cmd
 .text.DAC_SetChannel1Data
                0x08003984       0x20 STM32F4xx_StdPeriph_Driver\stm32f4xx_dac.o
                0x08003984                DAC_SetChannel1Data
 .text.ADC_Init
                0x080039a4       0x50 STM32F4xx_StdPeriph_Driver\stm32f4xx_adc.o
                0x080039a4                ADC_Init
 .text.ADC_StructInit
                0x080039f4       0x14 STM32F4xx_StdPeriph_Driver\stm32f4xx_adc.o
                0x080039f4                ADC_StructInit
 .text.ADC_CommonInit
                0x08003a08       0x2c STM32F4xx_StdPeriph_Driver\stm32f4xx_adc.o
                0x08003a08                ADC_CommonInit
 .text.ADC_Cmd  0x08003a34       0x14 STM32F4xx_StdPeriph_Driver\stm32f4xx_adc.o
                0x08003a34                ADC_Cmd
 .text.ADC_RegularChannelConfig
                0x08003a48       0x8e STM32F4xx_StdPeriph_Driver\stm32f4xx_adc.o
                0x08003a48                ADC_RegularChannelConfig
 .text.ADC_SoftwareStartConv
                0x08003ad6        0xa STM32F4xx_StdPeriph_Driver\stm32f4xx_adc.o
                0x08003ad6                ADC_SoftwareStartConv
 .text.ADC_GetConversionValue
                0x08003ae0        0x6 STM32F4xx_StdPeriph_Driver\stm32f4xx_adc.o
                0x08003ae0                ADC_GetConversionValue
 .text.ADC_GetFlagStatus
                0x08003ae6        0xc STM32F4xx_StdPeriph_Driver\stm32f4xx_adc.o
                0x08003ae6                ADC_GetFlagStatus
 *fill*         0x08003af2        0x2 00
 .text.NVIC_PriorityGroupConfig
                0x08003af4       0x14 STM32F4xx_StdPeriph_Driver\misc.o
                0x08003af4                NVIC_PriorityGroupConfig
 .text.NVIC_Init
                0x08003b08       0x68 STM32F4xx_StdPeriph_Driver\misc.o
                0x08003b08                NVIC_Init
 .text.LIS302DL_SendByte
                0x08003b70       0x60 STM32F4-Discovery\stm32f4_discovery_lis302dl.o
 .text.LIS302DL_Write
                0x08003bd0       0x40 STM32F4-Discovery\stm32f4_discovery_lis302dl.o
                0x08003bd0                LIS302DL_Write
 .text.LIS302DL_Init
                0x08003c10      0x15c STM32F4-Discovery\stm32f4_discovery_lis302dl.o
                0x08003c10                LIS302DL_Init
 .text.LIS302DL_Read
                0x08003d6c       0x44 STM32F4-Discovery\stm32f4_discovery_lis302dl.o
                0x08003d6c                LIS302DL_Read
 .text.LIS302DL_FilterConfig
                0x08003db0       0x3c STM32F4-Discovery\stm32f4_discovery_lis302dl.o
                0x08003db0                LIS302DL_FilterConfig
 .text.Delay    0x08003dec       0x16 STM32F4-Discovery\stm32f4_discovery_audio_codec.o
 *fill*         0x08003e02        0x2 00
 .text.Audio_MAL_IRQHandler
                0x08003e04       0xb4 STM32F4-Discovery\stm32f4_discovery_audio_codec.o
 .text.Codec_WriteRegister
                0x08003eb8      0x244 STM32F4-Discovery\stm32f4_discovery_audio_codec.o
 .text.Codec_VolumeCtrl
                0x080040fc       0x3a STM32F4-Discovery\stm32f4_discovery_audio_codec.o
 *fill*         0x08004136        0x2 00
 .text.Codec_Reset
                0x08004138       0x28 STM32F4-Discovery\stm32f4_discovery_audio_codec.o
 .text.EVAL_AUDIO_SetAudioInterface
                0x08004160       0xe4 STM32F4-Discovery\stm32f4_discovery_audio_codec.o
                0x08004160                EVAL_AUDIO_SetAudioInterface
 .text.EVAL_AUDIO_DeInit
                0x08004244       0xcc STM32F4-Discovery\stm32f4_discovery_audio_codec.o
                0x08004244                EVAL_AUDIO_DeInit
 .text.DMA1_Stream7_IRQHandler
                0x08004310        0x4 STM32F4-Discovery\stm32f4_discovery_audio_codec.o
                0x08004310                DMA1_Stream7_IRQHandler
 .text.DMA1_Stream0_IRQHandler
                0x08004314        0x4 STM32F4-Discovery\stm32f4_discovery_audio_codec.o
                0x08004314                DMA1_Stream0_IRQHandler
 .text.SPI3_IRQHandler
                0x08004318       0x3c STM32F4-Discovery\stm32f4_discovery_audio_codec.o
                0x08004318                SPI3_IRQHandler
 .text.DAC_Config
                0x08004354       0x50 STM32F4-Discovery\stm32f4_discovery_audio_codec.o
                0x08004354                DAC_Config
 .text.EVAL_AUDIO_Init
                0x080043a4      0x39c STM32F4-Discovery\stm32f4_discovery_audio_codec.o
                0x080043a4                EVAL_AUDIO_Init
 .text.STM_EVAL_LEDInit
                0x08004740       0x48 STM32F4-Discovery\stm32f4_discovery.o
                0x08004740                STM_EVAL_LEDInit
 .text.STM_EVAL_LEDOn
                0x08004788       0x18 STM32F4-Discovery\stm32f4_discovery.o
                0x08004788                STM_EVAL_LEDOn
 .text.STM_EVAL_LEDOff
                0x080047a0       0x18 STM32F4-Discovery\stm32f4_discovery.o
                0x080047a0                STM_EVAL_LEDOff
 .text.STM_EVAL_LEDToggle
                0x080047b8       0x20 STM32F4-Discovery\stm32f4_discovery.o
                0x080047b8                STM_EVAL_LEDToggle
 .text.STM_EVAL_PBInit
                0x080047d8       0xa8 STM32F4-Discovery\stm32f4_discovery.o
                0x080047d8                STM_EVAL_PBInit
 .text.STM_EVAL_PBGetState
                0x08004880       0x20 STM32F4-Discovery\stm32f4_discovery.o
                0x08004880                STM_EVAL_PBGetState
 .text.__libc_init_array
                0x080048a0       0x48 c:/program files/atollic/truestudio for stmicroelectronics stm32 lite 2.2.0/armtools/bin/../lib/gcc/arm-atollic-eabi/4.5.1/../../../../arm-atollic-eabi/lib/thumb/thumb2\libc.a(lib_a-init.o)
                0x080048a0                __libc_init_array
 *(.rodata)
 *(.rodata*)
 .rodata.str1.1
                0x080048e8       0x6e User\usbd_desc.o
 .rodata.sinebuf
                0x08004956       0x60 User\selftest.o
                0x08004956                sinebuf
 .rodata.CSWTCH.6
                0x080049b6        0x3 STM32_USB_OTG_Driver\usb_core.o
 *fill*         0x080049b9        0x3 00
 .rodata.BUTTON_CLK
                0x080049bc        0x4 STM32F4-Discovery\stm32f4_discovery.o
                0x080049bc                BUTTON_CLK
 .rodata.BUTTON_PIN
                0x080049c0        0x2 STM32F4-Discovery\stm32f4_discovery.o
                0x080049c0                BUTTON_PIN
 *fill*         0x080049c2        0x2 00
 .rodata.GPIO_CLK
                0x080049c4       0x10 STM32F4-Discovery\stm32f4_discovery.o
                0x080049c4                GPIO_CLK
 .rodata.GPIO_PIN
                0x080049d4        0x8 STM32F4-Discovery\stm32f4_discovery.o
                0x080049d4                GPIO_PIN
 .rodata.BUTTON_PORT_SOURCE
                0x080049dc        0x1 STM32F4-Discovery\stm32f4_discovery.o
                0x080049dc                BUTTON_PORT_SOURCE
 .rodata.BUTTON_PIN_SOURCE
                0x080049dd        0x1 STM32F4-Discovery\stm32f4_discovery.o
                0x080049dd                BUTTON_PIN_SOURCE
 .rodata.BUTTON_IRQn
                0x080049de        0x1 STM32F4-Discovery\stm32f4_discovery.o
                0x080049de                BUTTON_IRQn
 *fill*         0x080049df        0x1 00
 .rodata.BUTTON_EXTI_LINE
                0x080049e0        0x2 STM32F4-Discovery\stm32f4_discovery.o
                0x080049e0                BUTTON_EXTI_LINE
 *(.glue_7)
 .glue_7        0x00000000        0x0 linker stubs
 *(.glue_7t)
 .glue_7t       0x00000000        0x0 linker stubs
 *(.eh_frame)
 *(.init)
 *fill*         0x080049e2        0x2 00
 .init          0x080049e4        0x4 c:/program files/atollic/truestudio for stmicroelectronics stm32 lite 2.2.0/armtools/bin/../lib/gcc/arm-atollic-eabi/4.5.1/thumb/thumb2/crti.o
                0x080049e4                _init
 .init          0x080049e8        0x8 c:/program files/atollic/truestudio for stmicroelectronics stm32 lite 2.2.0/armtools/bin/../lib/gcc/arm-atollic-eabi/4.5.1/thumb/thumb2/crtn.o
 *(.fini)
 .fini          0x080049f0        0x4 c:/program files/atollic/truestudio for stmicroelectronics stm32 lite 2.2.0/armtools/bin/../lib/gcc/arm-atollic-eabi/4.5.1/thumb/thumb2/crti.o
                0x080049f0                _fini
 .fini          0x080049f4        0x8 c:/program files/atollic/truestudio for stmicroelectronics stm32 lite 2.2.0/armtools/bin/../lib/gcc/arm-atollic-eabi/4.5.1/thumb/thumb2/crtn.o
                0x080049fc                . = ALIGN (0x4)
                0x080049fc                _etext = .

.vfp11_veneer   0x080049fc        0x0
 .vfp11_veneer  0x00000000        0x0 linker stubs

.v4_bx          0x080049fc        0x0
 .v4_bx         0x00000000        0x0 linker stubs

.ARM.extab
 *(.ARM.extab* .gnu.linkonce.armextab.*)

.ARM            0x080049fc        0x0
                0x080049fc                __exidx_start = .
 *(.ARM.exidx*)
                0x080049fc                __exidx_end = .

.preinit_array  0x080049fc        0x0
                0x080049fc                PROVIDE (__preinit_array_start, .)
 *(.preinit_array*)
                0x080049fc                PROVIDE (__preinit_array_end, .)

.init_array     0x080049fc        0x4
                0x080049fc                PROVIDE (__init_array_start, .)
 *(SORT(.init_array.*))
 *(.init_array*)
 .init_array    0x080049fc        0x4 c:/program files/atollic/truestudio for stmicroelectronics stm32 lite 2.2.0/armtools/bin/../lib/gcc/arm-atollic-eabi/4.5.1/thumb/thumb2/crtbegin.o
                0x08004a00                PROVIDE (__init_array_end, .)

.fini_array     0x08004a00        0x4
                0x08004a00                PROVIDE (__fini_array_start, .)
 *(.fini_array*)
 .fini_array    0x08004a00        0x4 c:/program files/atollic/truestudio for stmicroelectronics stm32 lite 2.2.0/armtools/bin/../lib/gcc/arm-atollic-eabi/4.5.1/thumb/thumb2/crtbegin.o
 *(SORT(.fini_array.*))
                0x08004a04                PROVIDE (__fini_array_end, .)
                0x08004a04                _sidata = .

.data           0x20000000      0x178 load address 0x08004a04
                0x20000000                . = ALIGN (0x4)
                0x20000000                _sdata = .
 *(.data)
 *(.data*)
 .data.USR_cb   0x20000000       0x1c User\usbd_usr.o
                0x20000000                USR_cb
 .data.USR_desc
                0x2000001c       0x1c User\usbd_desc.o
                0x2000001c                USR_desc
 .data.USBD_LangIDDesc
                0x20000038        0x4 User\usbd_desc.o
                0x20000038                USBD_LangIDDesc
 .data.USBD_DeviceDesc
                0x2000003c       0x12 User\usbd_desc.o
                0x2000003c                USBD_DeviceDesc
 *fill*         0x2000004e        0x2 00
 .data.SystemCoreClock
                0x20000050        0x4 User\system_stm32f4xx.o
                0x20000050                SystemCoreClock
 .data.count1   0x20000054        0x2 User\selftest.o
                0x20000054                count1
 *fill*         0x20000056        0x2 00
 .data.USBD_DCD_INT_fops
                0x20000058        0x4 STM32_USB_Device_Library\Core\usbd_core.o
                0x20000058                USBD_DCD_INT_fops
 .data.USBD_DCD_INT_cb
                0x2000005c       0x2c STM32_USB_Device_Library\Core\usbd_core.o
                0x2000005c                USBD_DCD_INT_cb
 .data.HID_MOUSE_ReportDesc
                0x20000088       0x4a STM32_USB_Device_Library\Class\hid\usbd_hid_core.o
 .data.USBD_HID_CfgDesc
                0x200000d2       0x22 STM32_USB_Device_Library\Class\hid\usbd_hid_core.o
 .data.USBD_HID_cb
                0x200000f4       0x2c STM32_USB_Device_Library\Class\hid\usbd_hid_core.o
                0x200000f4                USBD_HID_cb
 .data.APBAHBPrescTable
                0x20000120       0x10 STM32F4xx_StdPeriph_Driver\stm32f4xx_rcc.o
 .data.LIS302DLTimeout
                0x20000130        0x4 STM32F4-Discovery\stm32f4_discovery_lis302dl.o
                0x20000130                LIS302DLTimeout
 .data.AUDIO_MAL_DMA_IRQ
                0x20000134        0x4 STM32F4-Discovery\stm32f4_discovery_audio_codec.o
                0x20000134                AUDIO_MAL_DMA_IRQ
 .data.AUDIO_MAL_DMA_FLAG_FE
                0x20000138        0x4 STM32F4-Discovery\stm32f4_discovery_audio_codec.o
                0x20000138                AUDIO_MAL_DMA_FLAG_FE
 .data.AUDIO_MAL_DMA_FLAG_HT
                0x2000013c        0x4 STM32F4-Discovery\stm32f4_discovery_audio_codec.o
                0x2000013c                AUDIO_MAL_DMA_FLAG_HT
 .data.AUDIO_MAL_DMA_FLAG_TC
                0x20000140        0x4 STM32F4-Discovery\stm32f4_discovery_audio_codec.o
                0x20000140                AUDIO_MAL_DMA_FLAG_TC
 .data.AUDIO_MAL_DMA_DREG
                0x20000144        0x4 STM32F4-Discovery\stm32f4_discovery_audio_codec.o
                0x20000144                AUDIO_MAL_DMA_DREG
 .data.AUDIO_MAL_DMA_FLAG_TE
                0x20000148        0x4 STM32F4-Discovery\stm32f4_discovery_audio_codec.o
                0x20000148                AUDIO_MAL_DMA_FLAG_TE
 .data.AUDIO_MAL_DMA_CLOCK
                0x2000014c        0x4 STM32F4-Discovery\stm32f4_discovery_audio_codec.o
                0x2000014c                AUDIO_MAL_DMA_CLOCK
 .data.AUDIO_MAL_DMA_FLAG_DME
                0x20000150        0x4 STM32F4-Discovery\stm32f4_discovery_audio_codec.o
                0x20000150                AUDIO_MAL_DMA_FLAG_DME
 .data.AUDIO_MAL_DMA_STREAM
                0x20000154        0x4 STM32F4-Discovery\stm32f4_discovery_audio_codec.o
                0x20000154                AUDIO_MAL_DMA_STREAM
 .data.CurrAudioInterface
                0x20000158        0x4 STM32F4-Discovery\stm32f4_discovery_audio_codec.o
                0x20000158                CurrAudioInterface
 .data.AudioRemSize
                0x2000015c        0x4 STM32F4-Discovery\stm32f4_discovery_audio_codec.o
                0x2000015c                AudioRemSize
 .data.CODECTimeout
                0x20000160        0x4 STM32F4-Discovery\stm32f4_discovery_audio_codec.o
                0x20000160                CODECTimeout
 .data.GPIO_PORT
                0x20000164       0x10 STM32F4-Discovery\stm32f4_discovery.o
                0x20000164                GPIO_PORT
 .data.BUTTON_PORT
                0x20000174        0x4 STM32F4-Discovery\stm32f4_discovery.o
                0x20000174                BUTTON_PORT
                0x20000178                . = ALIGN (0x4)
                0x20000178                _edata = .

.jcr            0x20000178        0x0 load address 0x08004b7c
 .jcr           0x20000178        0x0 c:/program files/atollic/truestudio for stmicroelectronics stm32 lite 2.2.0/armtools/bin/../lib/gcc/arm-atollic-eabi/4.5.1/thumb/thumb2/crtbegin.o
                0x20000178                . = ALIGN (0x4)

.bss            0x20000178      0x744 load address 0x08004b7c
                0x20000178                _sbss = .
                0x20000178                __bss_start__ = _sbss
 *(.bss)
 .bss           0x20000178        0x1 c:/program files/atollic/truestudio for stmicroelectronics stm32 lite 2.2.0/armtools/bin/../lib/gcc/arm-atollic-eabi/4.5.1/thumb/thumb2/crtbegin.o
 *(.bss*)
 .bss.TempAcceleration
                0x20000179        0x1 User\stm32f4xx_it.o
                0x20000179                TempAcceleration
 .bss.HID_Buffer.6600
                0x2000017a        0x4 User\stm32f4xx_it.o
 .bss.Counter   0x2000017e        0x1 User\stm32f4xx_it.o
                0x2000017e                Counter
 *fill*         0x2000017f        0x1 00
 .bss.count     0x20000180        0x2 User\selftest.o
                0x20000180                count
 .bss.Left_Right
                0x20000182        0x2 User\selftest.o
                0x20000182                Left_Right
 .bss.DACTest   0x20000184        0x1 User\selftest.o
                0x20000184                DACTest
 *fill*         0x20000185        0x1 00
 .bss.counter0  0x20000186        0x2 User\selftest.o
                0x20000186                counter0
 .bss.counter1  0x20000188        0x2 User\selftest.o
                0x20000188                counter1
 .bss.Z_Offset  0x2000018a        0x1 User\main.o
                0x2000018a                Z_Offset
 *fill*         0x2000018b        0x1 00
 .bss.PrescalerValue
                0x2000018c        0x2 User\main.o
                0x2000018c                PrescalerValue
 .bss.DemoEnterCondition
                0x2000018e        0x1 User\main.o
                0x2000018e                DemoEnterCondition
 .bss.UserButtonPressed
                0x2000018f        0x1 User\main.o
                0x2000018f                UserButtonPressed
 .bss.cfgidx.5674
                0x20000190        0x1 STM32_USB_Device_Library\Core\usbd_req.o
 *fill*         0x20000191        0x3 00
 .bss.USBD_cfg_status
                0x20000194        0x4 STM32_USB_Device_Library\Core\usbd_req.o
                0x20000194                USBD_cfg_status
 .bss.USBD_ep_status
                0x20000198        0x4 STM32_USB_Device_Library\Core\usbd_req.o
                0x20000198                USBD_ep_status
 .bss.USBD_default_cfg
                0x2000019c        0x4 STM32_USB_Device_Library\Core\usbd_req.o
                0x2000019c                USBD_default_cfg
 .bss.USBD_HID_Protocol
                0x200001a0        0x4 STM32_USB_Device_Library\Class\hid\usbd_hid_core.o
 .bss.USBD_HID_IdleState
                0x200001a4        0x4 STM32_USB_Device_Library\Class\hid\usbd_hid_core.o
 .bss.USBD_HID_AltSet
                0x200001a8        0x4 STM32_USB_Device_Library\Class\hid\usbd_hid_core.o
 .bss.AUDIO_MAL_DMA_CHANNEL
                0x200001ac        0x4 STM32F4-Discovery\stm32f4_discovery_audio_codec.o
                0x200001ac                AUDIO_MAL_DMA_CHANNEL
 .bss.OutputDev
                0x200001b0        0x1 STM32F4-Discovery\stm32f4_discovery_audio_codec.o
                0x200001b0                OutputDev
 *(COMMON)
 *fill*         0x200001b1        0x3 00
 COMMON         0x200001b4       0x3e User\selftest.o
                0x200001b4                ConvData1
                0x200001b8                ADC_InitStructure
                0x200001d0                RCC_Clocks
                0x200001e0                ADC_CommonInitStructure
                0x200001f0                ConvData2
 *fill*         0x200001f2        0x2 00
 COMMON         0x200001f4      0x60a User\main.o
                0x200001f4                LIS302DL_InitStruct
                0x200001fc                TimingDelay
                0x20000200                Y_Offset
                0x20000201                LIS302DL_FilterStruct
                0x20000204                X_Offset
                0x20000208                USB_OTG_dev
                0x200007f8                Buffer
 COMMON         0x200007fe       0x40 STM32_USB_Device_Library\Core\usbd_req.o
                0x200007fe                USBD_StrDesc
 *fill*         0x2000083e        0x2 00
 COMMON         0x20000840       0x7c STM32F4-Discovery\stm32f4_discovery_audio_codec.o
                0x20000840                CurrentPos
                0x20000844                AUDIO_MAL_DMA_InitStructure
                0x20000880                DMA_InitStructure
                0x200008bc                . = ALIGN (0x4)
                0x200008bc                _ebss = .
                0x200008bc                __bss_end__ = _ebss

._user_heap_stack
                0x200008bc      0x400 load address 0x080052c0
                0x200008bc                . = ALIGN (0x4)
                0x200008bc                PROVIDE (end, .)
                0x200008bc                PROVIDE (_end, .)
                0x200008bc                . = (. + _Min_Heap_Size)
                0x20000cbc                . = (. + _Min_Stack_Size)
 *fill*         0x200008bc      0x400 00
                0x20000cbc                . = ALIGN (0x4)

.memory_b1_text
 *(.mb1text)
 *(.mb1text*)
 *(.mb1rodata)
 *(.mb1rodata*)

/DISCARD/
 libc.a(*)
 libm.a(*)
 libgcc.a(*)

.ARM.attributes
                0x00000000       0x2d
 *(.ARM.attributes)
 .ARM.attributes
                0x00000000       0x19 c:/program files/atollic/truestudio for stmicroelectronics stm32 lite 2.2.0/armtools/bin/../lib/gcc/arm-atollic-eabi/4.5.1/thumb/thumb2/crti.o
 .ARM.attributes
                0x00000019       0x29 c:/program files/atollic/truestudio for stmicroelectronics stm32 lite 2.2.0/armtools/bin/../lib/gcc/arm-atollic-eabi/4.5.1/thumb/thumb2/crtbegin.o
 .ARM.attributes
                0x00000042       0x31 User\usbd_usr.o
 .ARM.attributes
                0x00000073       0x31 User\usbd_desc.o
 .ARM.attributes
                0x000000a4       0x31 User\usb_bsp.o
 .ARM.attributes
                0x000000d5       0x31 User\system_stm32f4xx.o
 .ARM.attributes
                0x00000106       0x31 User\stm32f4xx_it.o
 .ARM.attributes
                0x00000137       0x31 User\selftest.o
 .ARM.attributes
                0x00000168       0x31 User\main.o
 .ARM.attributes
                0x00000199       0x21 TrueSTUDIO\startup_stm32f4xx.o
 .ARM.attributes
                0x000001ba       0x31 STM32_USB_OTG_Driver\usb_dcd_int.o
 .ARM.attributes
                0x000001eb       0x31 STM32_USB_OTG_Driver\usb_dcd.o
 .ARM.attributes
                0x0000021c       0x31 STM32_USB_OTG_Driver\usb_core.o
 .ARM.attributes
                0x0000024d       0x31 STM32_USB_Device_Library\Core\usbd_req.o
 .ARM.attributes
                0x0000027e       0x31 STM32_USB_Device_Library\Core\usbd_ioreq.o
 .ARM.attributes
                0x000002af       0x31 STM32_USB_Device_Library\Core\usbd_core.o
 .ARM.attributes
                0x000002e0       0x31 STM32_USB_Device_Library\Class\hid\usbd_hid_core.o
 .ARM.attributes
                0x00000311       0x31 STM32F4xx_StdPeriph_Driver\stm32f4xx_tim.o
 .ARM.attributes
                0x00000342       0x31 STM32F4xx_StdPeriph_Driver\stm32f4xx_syscfg.o
 .ARM.attributes
                0x00000373       0x31 STM32F4xx_StdPeriph_Driver\stm32f4xx_spi.o
 .ARM.attributes
                0x000003a4       0x31 STM32F4xx_StdPeriph_Driver\stm32f4xx_rcc.o
 .ARM.attributes
                0x000003d5       0x31 STM32F4xx_StdPeriph_Driver\stm32f4xx_i2c.o
 .ARM.attributes
                0x00000406       0x31 STM32F4xx_StdPeriph_Driver\stm32f4xx_gpio.o
 .ARM.attributes
                0x00000437       0x31 STM32F4xx_StdPeriph_Driver\stm32f4xx_flash.o
 .ARM.attributes
                0x00000468       0x31 STM32F4xx_StdPeriph_Driver\stm32f4xx_exti.o
 .ARM.attributes
                0x00000499       0x31 STM32F4xx_StdPeriph_Driver\stm32f4xx_dma.o
 .ARM.attributes
                0x000004ca       0x31 STM32F4xx_StdPeriph_Driver\stm32f4xx_dac.o
 .ARM.attributes
                0x000004fb       0x31 STM32F4xx_StdPeriph_Driver\stm32f4xx_adc.o
 .ARM.attributes
                0x0000052c       0x31 STM32F4xx_StdPeriph_Driver\misc.o
 .ARM.attributes
                0x0000055d       0x31 STM32F4-Discovery\stm32f4_discovery_lis302dl.o
 .ARM.attributes
                0x0000058e       0x31 STM32F4-Discovery\stm32f4_discovery_audio_codec.o
 .ARM.attributes
                0x000005bf       0x31 STM32F4-Discovery\stm32f4_discovery.o
 .ARM.attributes
                0x000005f0       0x29 c:/program files/atollic/truestudio for stmicroelectronics stm32 lite 2.2.0/armtools/bin/../lib/gcc/arm-atollic-eabi/4.5.1/../../../../arm-atollic-eabi/lib/thumb/thumb2\libc.a(lib_a-init.o)
 .ARM.attributes
                0x00000619       0x29 c:/program files/atollic/truestudio for stmicroelectronics stm32 lite 2.2.0/armtools/bin/../lib/gcc/arm-atollic-eabi/4.5.1/thumb/thumb2/crtend.o
 .ARM.attributes
                0x00000642       0x19 c:/program files/atollic/truestudio for stmicroelectronics stm32 lite 2.2.0/armtools/bin/../lib/gcc/arm-atollic-eabi/4.5.1/thumb/thumb2/crtn.o
OUTPUT(RCC.elf elf32-littlearm)

.debug_line     0x00000000     0x71cf
 .debug_line    0x00000000       0x6d c:/program files/atollic/truestudio for stmicroelectronics stm32 lite 2.2.0/armtools/bin/../lib/gcc/arm-atollic-eabi/4.5.1/thumb/thumb2/crti.o
 .debug_line    0x0000006d      0x23d User\usbd_usr.o
 .debug_line    0x000002aa      0x1f3 User\usbd_desc.o
 .debug_line    0x0000049d      0x2b8 User\usb_bsp.o
 .debug_line    0x00000755      0x1d4 User\system_stm32f4xx.o
 .debug_line    0x00000929      0x2cc User\stm32f4xx_it.o
 .debug_line    0x00000bf5      0x56d User\selftest.o
 .debug_line    0x00001162      0x502 User\main.o
 .debug_line    0x00001664       0xb1 TrueSTUDIO\startup_stm32f4xx.o
 .debug_line    0x00001715      0x2e3 STM32_USB_OTG_Driver\usb_dcd_int.o
 .debug_line    0x000019f8      0x370 STM32_USB_OTG_Driver\usb_dcd.o
 .debug_line    0x00001d68      0x6d6 STM32_USB_OTG_Driver\usb_core.o
 .debug_line    0x0000243e      0x319 STM32_USB_Device_Library\Core\usbd_req.o
 .debug_line    0x00002757      0x277 STM32_USB_Device_Library\Core\usbd_ioreq.o
 .debug_line    0x000029ce      0x358 STM32_USB_Device_Library\Core\usbd_core.o
 .debug_line    0x00002d26      0x27d STM32_USB_Device_Library\Class\hid\usbd_hid_core.o
 .debug_line    0x00002fa3      0xab8 STM32F4xx_StdPeriph_Driver\stm32f4xx_tim.o
 .debug_line    0x00003a5b      0x205 STM32F4xx_StdPeriph_Driver\stm32f4xx_syscfg.o
 .debug_line    0x00003c60      0x474 STM32F4xx_StdPeriph_Driver\stm32f4xx_spi.o
 .debug_line    0x000040d4      0x56a STM32F4xx_StdPeriph_Driver\stm32f4xx_rcc.o
 .debug_line    0x0000463e      0x4ec STM32F4xx_StdPeriph_Driver\stm32f4xx_i2c.o
 .debug_line    0x00004b2a      0x327 STM32F4xx_StdPeriph_Driver\stm32f4xx_gpio.o
 .debug_line    0x00004e51      0x461 STM32F4xx_StdPeriph_Driver\stm32f4xx_flash.o
 .debug_line    0x000052b2      0x28e STM32F4xx_StdPeriph_Driver\stm32f4xx_exti.o
 .debug_line    0x00005540      0x3bc STM32F4xx_StdPeriph_Driver\stm32f4xx_dma.o
 .debug_line    0x000058fc      0x340 STM32F4xx_StdPeriph_Driver\stm32f4xx_dac.o
 .debug_line    0x00005c3c      0x559 STM32F4xx_StdPeriph_Driver\stm32f4xx_adc.o
 .debug_line    0x00006195      0x23d STM32F4xx_StdPeriph_Driver\misc.o
 .debug_line    0x000063d2      0x3ed STM32F4-Discovery\stm32f4_discovery_lis302dl.o
 .debug_line    0x000067bf      0x6d7 STM32F4-Discovery\stm32f4_discovery_audio_codec.o
 .debug_line    0x00006e96      0x2c9 STM32F4-Discovery\stm32f4_discovery.o
 .debug_line    0x0000715f       0x70 c:/program files/atollic/truestudio for stmicroelectronics stm32 lite 2.2.0/armtools/bin/../lib/gcc/arm-atollic-eabi/4.5.1/thumb/thumb2/crtn.o

.debug_info     0x00000000    0x19550
 .debug_info    0x00000000       0x7e c:/program files/atollic/truestudio for stmicroelectronics stm32 lite 2.2.0/armtools/bin/../lib/gcc/arm-atollic-eabi/4.5.1/thumb/thumb2/crti.o
 .debug_info    0x0000007e      0x84b User\usbd_usr.o
 .debug_info    0x000008c9      0x3b3 User\usbd_desc.o
 .debug_info    0x00000c7c     0x111d User\usb_bsp.o
 .debug_info    0x00001d99      0x643 User\system_stm32f4xx.o
 .debug_info    0x000023dc     0x121e User\stm32f4xx_it.o
 .debug_info    0x000035fa      0xbb4 User\selftest.o
 .debug_info    0x000041ae     0x1c4d User\main.o
 .debug_info    0x00005dfb      0x10e TrueSTUDIO\startup_stm32f4xx.o
 .debug_info    0x00005f09     0x2202 STM32_USB_OTG_Driver\usb_dcd_int.o
 .debug_info    0x0000810b     0x11a3 STM32_USB_OTG_Driver\usb_dcd.o
 .debug_info    0x000092ae     0x2830 STM32_USB_OTG_Driver\usb_core.o
 .debug_info    0x0000bade     0x1213 STM32_USB_Device_Library\Core\usbd_req.o
 .debug_info    0x0000ccf1      0xde9 STM32_USB_Device_Library\Core\usbd_ioreq.o
 .debug_info    0x0000dada     0x1021 STM32_USB_Device_Library\Core\usbd_core.o
 .debug_info    0x0000eafb      0xe00 STM32_USB_Device_Library\Class\hid\usbd_hid_core.o
 .debug_info    0x0000f8fb     0x1e1d STM32F4xx_StdPeriph_Driver\stm32f4xx_tim.o
 .debug_info    0x00011718      0x279 STM32F4xx_StdPeriph_Driver\stm32f4xx_syscfg.o
 .debug_info    0x00011991      0xbb5 STM32F4xx_StdPeriph_Driver\stm32f4xx_spi.o
 .debug_info    0x00012546      0xd05 STM32F4xx_StdPeriph_Driver\stm32f4xx_rcc.o
 .debug_info    0x0001324b      0xb6f STM32F4xx_StdPeriph_Driver\stm32f4xx_i2c.o
 .debug_info    0x00013dba      0x62d STM32F4xx_StdPeriph_Driver\stm32f4xx_gpio.o
 .debug_info    0x000143e7      0x781 STM32F4xx_StdPeriph_Driver\stm32f4xx_flash.o
 .debug_info    0x00014b68      0x370 STM32F4xx_StdPeriph_Driver\stm32f4xx_exti.o
 .debug_info    0x00014ed8      0x78b STM32F4xx_StdPeriph_Driver\stm32f4xx_dma.o
 .debug_info    0x00015663      0x689 STM32F4xx_StdPeriph_Driver\stm32f4xx_dac.o
 .debug_info    0x00015cec      0xcce STM32F4xx_StdPeriph_Driver\stm32f4xx_adc.o
 .debug_info    0x000169ba      0x596 STM32F4xx_StdPeriph_Driver\misc.o
 .debug_info    0x00016f50      0x870 STM32F4-Discovery\stm32f4_discovery_lis302dl.o
 .debug_info    0x000177c0     0x13ab STM32F4-Discovery\stm32f4_discovery_audio_codec.o
 .debug_info    0x00018b6b      0x967 STM32F4-Discovery\stm32f4_discovery.o
 .debug_info    0x000194d2       0x7e c:/program files/atollic/truestudio for stmicroelectronics stm32 lite 2.2.0/armtools/bin/../lib/gcc/arm-atollic-eabi/4.5.1/thumb/thumb2/crtn.o

.debug_abbrev   0x00000000     0x3a12
 .debug_abbrev  0x00000000       0x12 c:/program files/atollic/truestudio for stmicroelectronics stm32 lite 2.2.0/armtools/bin/../lib/gcc/arm-atollic-eabi/4.5.1/thumb/thumb2/crti.o
 .debug_abbrev  0x00000012      0x1cc User\usbd_usr.o
 .debug_abbrev  0x000001de      0x136 User\usbd_desc.o
 .debug_abbrev  0x00000314      0x1fd User\usb_bsp.o
 .debug_abbrev  0x00000511      0x16e User\system_stm32f4xx.o
 .debug_abbrev  0x0000067f      0x217 User\stm32f4xx_it.o
 .debug_abbrev  0x00000896      0x1f1 User\selftest.o
 .debug_abbrev  0x00000a87      0x2f3 User\main.o
 .debug_abbrev  0x00000d7a       0x12 TrueSTUDIO\startup_stm32f4xx.o
 .debug_abbrev  0x00000d8c      0x293 STM32_USB_OTG_Driver\usb_dcd_int.o
 .debug_abbrev  0x0000101f      0x250 STM32_USB_OTG_Driver\usb_dcd.o
 .debug_abbrev  0x0000126f      0x368 STM32_USB_OTG_Driver\usb_core.o
 .debug_abbrev  0x000015d7      0x301 STM32_USB_Device_Library\Core\usbd_req.o
 .debug_abbrev  0x000018d8      0x18f STM32_USB_Device_Library\Core\usbd_ioreq.o
 .debug_abbrev  0x00001a67      0x235 STM32_USB_Device_Library\Core\usbd_core.o
 .debug_abbrev  0x00001c9c      0x1d3 STM32_USB_Device_Library\Class\hid\usbd_hid_core.o
 .debug_abbrev  0x00001e6f      0x20e STM32F4xx_StdPeriph_Driver\stm32f4xx_tim.o
 .debug_abbrev  0x0000207d      0x152 STM32F4xx_StdPeriph_Driver\stm32f4xx_syscfg.o
 .debug_abbrev  0x000021cf      0x1ae STM32F4xx_StdPeriph_Driver\stm32f4xx_spi.o
 .debug_abbrev  0x0000237d      0x1f8 STM32F4xx_StdPeriph_Driver\stm32f4xx_rcc.o
 .debug_abbrev  0x00002575      0x196 STM32F4xx_StdPeriph_Driver\stm32f4xx_i2c.o
 .debug_abbrev  0x0000270b      0x1d0 STM32F4xx_StdPeriph_Driver\stm32f4xx_gpio.o
 .debug_abbrev  0x000028db      0x1c7 STM32F4xx_StdPeriph_Driver\stm32f4xx_flash.o
 .debug_abbrev  0x00002aa2      0x1cf STM32F4xx_StdPeriph_Driver\stm32f4xx_exti.o
 .debug_abbrev  0x00002c71      0x19e STM32F4xx_StdPeriph_Driver\stm32f4xx_dma.o
 .debug_abbrev  0x00002e0f      0x1d9 STM32F4xx_StdPeriph_Driver\stm32f4xx_dac.o
 .debug_abbrev  0x00002fe8      0x1d7 STM32F4xx_StdPeriph_Driver\stm32f4xx_adc.o
 .debug_abbrev  0x000031bf      0x14e STM32F4xx_StdPeriph_Driver\misc.o
 .debug_abbrev  0x0000330d      0x1f9 STM32F4-Discovery\stm32f4_discovery_lis302dl.o
 .debug_abbrev  0x00003506      0x35c STM32F4-Discovery\stm32f4_discovery_audio_codec.o
 .debug_abbrev  0x00003862      0x19e STM32F4-Discovery\stm32f4_discovery.o
 .debug_abbrev  0x00003a00       0x12 c:/program files/atollic/truestudio for stmicroelectronics stm32 lite 2.2.0/armtools/bin/../lib/gcc/arm-atollic-eabi/4.5.1/thumb/thumb2/crtn.o

.debug_aranges  0x00000000     0x12a0
 .debug_aranges
                0x00000000       0x28 c:/program files/atollic/truestudio for stmicroelectronics stm32 lite 2.2.0/armtools/bin/../lib/gcc/arm-atollic-eabi/4.5.1/thumb/thumb2/crti.o
 .debug_aranges
                0x00000028       0x50 User\usbd_usr.o
 .debug_aranges
                0x00000078       0x50 User\usbd_desc.o
 .debug_aranges
                0x000000c8       0x38 User\usb_bsp.o
 .debug_aranges
                0x00000100       0x28 User\system_stm32f4xx.o
 .debug_aranges
                0x00000128       0x78 User\stm32f4xx_it.o
 .debug_aranges
                0x000001a0       0x60 User\selftest.o
 .debug_aranges
                0x00000200       0x50 User\main.o
 .debug_aranges
                0x00000250       0x28 TrueSTUDIO\startup_stm32f4xx.o
 .debug_aranges
                0x00000278       0x20 STM32_USB_OTG_Driver\usb_dcd_int.o
 .debug_aranges
                0x00000298       0x80 STM32_USB_OTG_Driver\usb_dcd.o
 .debug_aranges
                0x00000318      0x130 STM32_USB_OTG_Driver\usb_core.o
 .debug_aranges
                0x00000448       0x48 STM32_USB_Device_Library\Core\usbd_req.o
 .debug_aranges
                0x00000490       0x50 STM32_USB_Device_Library\Core\usbd_ioreq.o
 .debug_aranges
                0x000004e0       0x80 STM32_USB_Device_Library\Core\usbd_core.o
 .debug_aranges
                0x00000560       0x48 STM32_USB_Device_Library\Class\hid\usbd_hid_core.o
 .debug_aranges
                0x000005a8      0x2e8 STM32F4xx_StdPeriph_Driver\stm32f4xx_tim.o
 .debug_aranges
                0x00000890       0x48 STM32F4xx_StdPeriph_Driver\stm32f4xx_syscfg.o
 .debug_aranges
                0x000008d8       0xe0 STM32F4xx_StdPeriph_Driver\stm32f4xx_spi.o
 .debug_aranges
                0x000009b8      0x178 STM32F4xx_StdPeriph_Driver\stm32f4xx_rcc.o
 .debug_aranges
                0x00000b30      0x120 STM32F4xx_StdPeriph_Driver\stm32f4xx_i2c.o
 .debug_aranges
                0x00000c50       0x88 STM32F4xx_StdPeriph_Driver\stm32f4xx_gpio.o
 .debug_aranges
                0x00000cd8      0x108 STM32F4xx_StdPeriph_Driver\stm32f4xx_flash.o
 .debug_aranges
                0x00000de0       0x58 STM32F4xx_StdPeriph_Driver\stm32f4xx_exti.o
 .debug_aranges
                0x00000e38       0xb0 STM32F4xx_StdPeriph_Driver\stm32f4xx_dma.o
 .debug_aranges
                0x00000ee8       0xa0 STM32F4xx_StdPeriph_Driver\stm32f4xx_dac.o
 .debug_aranges
                0x00000f88      0x148 STM32F4xx_StdPeriph_Driver\stm32f4xx_adc.o
 .debug_aranges
                0x000010d0       0x40 STM32F4xx_StdPeriph_Driver\misc.o
 .debug_aranges
                0x00001110       0x70 STM32F4-Discovery\stm32f4_discovery_lis302dl.o
 .debug_aranges
                0x00001180       0xb0 STM32F4-Discovery\stm32f4_discovery_audio_codec.o
 .debug_aranges
                0x00001230       0x48 STM32F4-Discovery\stm32f4_discovery.o
 .debug_aranges
                0x00001278       0x28 c:/program files/atollic/truestudio for stmicroelectronics stm32 lite 2.2.0/armtools/bin/../lib/gcc/arm-atollic-eabi/4.5.1/thumb/thumb2/crtn.o

.debug_ranges   0x00000000     0x1278
 .debug_ranges  0x00000000       0x20 c:/program files/atollic/truestudio for stmicroelectronics stm32 lite 2.2.0/armtools/bin/../lib/gcc/arm-atollic-eabi/4.5.1/thumb/thumb2/crti.o
 .debug_ranges  0x00000020       0x40 User\usbd_usr.o
 .debug_ranges  0x00000060       0x40 User\usbd_desc.o
 .debug_ranges  0x000000a0       0x28 User\usb_bsp.o
 .debug_ranges  0x000000c8       0x18 User\system_stm32f4xx.o
 .debug_ranges  0x000000e0       0x68 User\stm32f4xx_it.o
 .debug_ranges  0x00000148       0x50 User\selftest.o
 .debug_ranges  0x00000198       0xc8 User\main.o
 .debug_ranges  0x00000260       0x20 TrueSTUDIO\startup_stm32f4xx.o
 .debug_ranges  0x00000280       0x70 STM32_USB_OTG_Driver\usb_dcd_int.o
 .debug_ranges  0x000002f0       0x70 STM32_USB_OTG_Driver\usb_dcd.o
 .debug_ranges  0x00000360      0x120 STM32_USB_OTG_Driver\usb_core.o
 .debug_ranges  0x00000480       0x38 STM32_USB_Device_Library\Core\usbd_req.o
 .debug_ranges  0x000004b8       0x40 STM32_USB_Device_Library\Core\usbd_ioreq.o
 .debug_ranges  0x000004f8       0x70 STM32_USB_Device_Library\Core\usbd_core.o
 .debug_ranges  0x00000568       0x38 STM32_USB_Device_Library\Class\hid\usbd_hid_core.o
 .debug_ranges  0x000005a0      0x308 STM32F4xx_StdPeriph_Driver\stm32f4xx_tim.o
 .debug_ranges  0x000008a8       0x38 STM32F4xx_StdPeriph_Driver\stm32f4xx_syscfg.o
 .debug_ranges  0x000008e0       0xd0 STM32F4xx_StdPeriph_Driver\stm32f4xx_spi.o
 .debug_ranges  0x000009b0      0x168 STM32F4xx_StdPeriph_Driver\stm32f4xx_rcc.o
 .debug_ranges  0x00000b18      0x110 STM32F4xx_StdPeriph_Driver\stm32f4xx_i2c.o
 .debug_ranges  0x00000c28       0x78 STM32F4xx_StdPeriph_Driver\stm32f4xx_gpio.o
 .debug_ranges  0x00000ca0       0xf8 STM32F4xx_StdPeriph_Driver\stm32f4xx_flash.o
 .debug_ranges  0x00000d98       0x48 STM32F4xx_StdPeriph_Driver\stm32f4xx_exti.o
 .debug_ranges  0x00000de0       0xa0 STM32F4xx_StdPeriph_Driver\stm32f4xx_dma.o
 .debug_ranges  0x00000e80       0x90 STM32F4xx_StdPeriph_Driver\stm32f4xx_dac.o
 .debug_ranges  0x00000f10      0x138 STM32F4xx_StdPeriph_Driver\stm32f4xx_adc.o
 .debug_ranges  0x00001048       0x30 STM32F4xx_StdPeriph_Driver\misc.o
 .debug_ranges  0x00001078       0x90 STM32F4-Discovery\stm32f4_discovery_lis302dl.o
 .debug_ranges  0x00001108      0x118 STM32F4-Discovery\stm32f4_discovery_audio_codec.o
 .debug_ranges  0x00001220       0x38 STM32F4-Discovery\stm32f4_discovery.o
 .debug_ranges  0x00001258       0x20 c:/program files/atollic/truestudio for stmicroelectronics stm32 lite 2.2.0/armtools/bin/../lib/gcc/arm-atollic-eabi/4.5.1/thumb/thumb2/crtn.o

.comment        0x00000000       0xc2
 .comment       0x00000000       0x61 c:/program files/atollic/truestudio for stmicroelectronics stm32 lite 2.2.0/armtools/bin/../lib/gcc/arm-atollic-eabi/4.5.1/thumb/thumb2/crtbegin.o
                                 0x62 (size before relaxing)
 .comment       0x00000061       0x61 User\usbd_usr.o
                                 0x62 (size before relaxing)
 .comment       0x00000000       0x62 User\usbd_desc.o
 .comment       0x00000000       0x62 User\usb_bsp.o
 .comment       0x00000000       0x62 User\system_stm32f4xx.o
 .comment       0x00000000       0x62 User\stm32f4xx_it.o
 .comment       0x00000000       0x62 User\selftest.o
 .comment       0x00000000       0x62 User\main.o
 .comment       0x00000000       0x62 STM32_USB_OTG_Driver\usb_dcd_int.o
 .comment       0x00000000       0x62 STM32_USB_OTG_Driver\usb_dcd.o
 .comment       0x00000000       0x62 STM32_USB_OTG_Driver\usb_core.o
 .comment       0x00000000       0x62 STM32_USB_Device_Library\Core\usbd_req.o
 .comment       0x00000000       0x62 STM32_USB_Device_Library\Core\usbd_ioreq.o
 .comment       0x00000000       0x62 STM32_USB_Device_Library\Core\usbd_core.o
 .comment       0x00000000       0x62 STM32_USB_Device_Library\Class\hid\usbd_hid_core.o
 .comment       0x00000000       0x62 STM32F4xx_StdPeriph_Driver\stm32f4xx_tim.o
 .comment       0x00000000       0x62 STM32F4xx_StdPeriph_Driver\stm32f4xx_syscfg.o
 .comment       0x00000000       0x62 STM32F4xx_StdPeriph_Driver\stm32f4xx_spi.o
 .comment       0x00000000       0x62 STM32F4xx_StdPeriph_Driver\stm32f4xx_rcc.o
 .comment       0x00000000       0x62 STM32F4xx_StdPeriph_Driver\stm32f4xx_i2c.o
 .comment       0x00000000       0x62 STM32F4xx_StdPeriph_Driver\stm32f4xx_gpio.o
 .comment       0x00000000       0x62 STM32F4xx_StdPeriph_Driver\stm32f4xx_flash.o
 .comment       0x00000000       0x62 STM32F4xx_StdPeriph_Driver\stm32f4xx_exti.o
 .comment       0x00000000       0x62 STM32F4xx_StdPeriph_Driver\stm32f4xx_dma.o
 .comment       0x00000000       0x62 STM32F4xx_StdPeriph_Driver\stm32f4xx_dac.o
 .comment       0x00000000       0x62 STM32F4xx_StdPeriph_Driver\stm32f4xx_adc.o
 .comment       0x00000000       0x62 STM32F4xx_StdPeriph_Driver\misc.o
 .comment       0x00000000       0x62 STM32F4-Discovery\stm32f4_discovery_lis302dl.o
 .comment       0x00000000       0x62 STM32F4-Discovery\stm32f4_discovery_audio_codec.o
 .comment       0x00000000       0x62 STM32F4-Discovery\stm32f4_discovery.o
 .comment       0x00000000       0x62 c:/program files/atollic/truestudio for stmicroelectronics stm32 lite 2.2.0/armtools/bin/../lib/gcc/arm-atollic-eabi/4.5.1/../../../../arm-atollic-eabi/lib/thumb/thumb2\libc.a(lib_a-init.o)
 .comment       0x00000000       0x62 c:/program files/atollic/truestudio for stmicroelectronics stm32 lite 2.2.0/armtools/bin/../lib/gcc/arm-atollic-eabi/4.5.1/thumb/thumb2/crtend.o

.debug_loc      0x00000000     0x7c1b
 .debug_loc     0x00000000       0x47 User\usbd_usr.o
 .debug_loc     0x00000047      0x1d1 User\usbd_desc.o
 .debug_loc     0x00000218       0xa3 User\usb_bsp.o
 .debug_loc     0x000002bb      0x10e User\system_stm32f4xx.o
 .debug_loc     0x000003c9       0x54 User\stm32f4xx_it.o
 .debug_loc     0x0000041d      0x222 User\selftest.o
 .debug_loc     0x0000063f      0x129 User\main.o
 .debug_loc     0x00000768      0x833 STM32_USB_OTG_Driver\usb_dcd_int.o
 .debug_loc     0x00000f9b      0x52a STM32_USB_OTG_Driver\usb_dcd.o
 .debug_loc     0x000014c5      0xfca STM32_USB_OTG_Driver\usb_core.o
 .debug_loc     0x0000248f      0x487 STM32_USB_Device_Library\Core\usbd_req.o
 .debug_loc     0x00002916      0x235 STM32_USB_Device_Library\Core\usbd_ioreq.o
 .debug_loc     0x00002b4b      0x3de STM32_USB_Device_Library\Core\usbd_core.o
 .debug_loc     0x00002f29      0x2fb STM32_USB_Device_Library\Class\hid\usbd_hid_core.o
 .debug_loc     0x00003224     0x114a STM32F4xx_StdPeriph_Driver\stm32f4xx_tim.o
 .debug_loc     0x0000436e       0x9d STM32F4xx_StdPeriph_Driver\stm32f4xx_syscfg.o
 .debug_loc     0x0000440b      0x513 STM32F4xx_StdPeriph_Driver\stm32f4xx_spi.o
 .debug_loc     0x0000491e      0x6c0 STM32F4xx_StdPeriph_Driver\stm32f4xx_rcc.o
 .debug_loc     0x00004fde      0x60a STM32F4xx_StdPeriph_Driver\stm32f4xx_i2c.o
 .debug_loc     0x000055e8      0x278 STM32F4xx_StdPeriph_Driver\stm32f4xx_gpio.o
 .debug_loc     0x00005860      0x589 STM32F4xx_StdPeriph_Driver\stm32f4xx_flash.o
 .debug_loc     0x00005de9      0x12b STM32F4xx_StdPeriph_Driver\stm32f4xx_exti.o
 .debug_loc     0x00005f14      0x308 STM32F4xx_StdPeriph_Driver\stm32f4xx_dma.o
 .debug_loc     0x0000621c      0x3bd STM32F4xx_StdPeriph_Driver\stm32f4xx_dac.o
 .debug_loc     0x000065d9      0x8fa STM32F4xx_StdPeriph_Driver\stm32f4xx_adc.o
 .debug_loc     0x00006ed3       0xff STM32F4xx_StdPeriph_Driver\misc.o
 .debug_loc     0x00006fd2      0x4b0 STM32F4-Discovery\stm32f4_discovery_lis302dl.o
 .debug_loc     0x00007482      0x6e1 STM32F4-Discovery\stm32f4_discovery_audio_codec.o
 .debug_loc     0x00007b63       0xb8 STM32F4-Discovery\stm32f4_discovery.o

.debug_pubnames
                0x00000000     0x3192
 .debug_pubnames
                0x00000000       0xdb User\usbd_usr.o
 .debug_pubnames
                0x000000db      0x152 User\usbd_desc.o
 .debug_pubnames
                0x0000022d       0x75 User\usb_bsp.o
 .debug_pubnames
                0x000002a2       0x61 User\system_stm32f4xx.o
 .debug_pubnames
                0x00000303      0x12d User\stm32f4xx_it.o
 .debug_pubnames
                0x00000430      0x1e7 User\selftest.o
 .debug_pubnames
                0x00000617      0x136 User\main.o
 .debug_pubnames
                0x0000074d       0x2b STM32_USB_OTG_Driver\usb_dcd_int.o
 .debug_pubnames
                0x00000778      0x100 STM32_USB_OTG_Driver\usb_dcd.o
 .debug_pubnames
                0x00000878      0x364 STM32_USB_OTG_Driver\usb_core.o
 .debug_pubnames
                0x00000bdc       0xd7 STM32_USB_Device_Library\Core\usbd_req.o
 .debug_pubnames
                0x00000cb3       0xb6 STM32_USB_Device_Library\Core\usbd_ioreq.o
 .debug_pubnames
                0x00000d69       0x7a STM32_USB_Device_Library\Core\usbd_core.o
 .debug_pubnames
                0x00000de3       0x3a STM32_USB_Device_Library\Class\hid\usbd_hid_core.o
 .debug_pubnames
                0x00000e1d      0x7c4 STM32F4xx_StdPeriph_Driver\stm32f4xx_tim.o
 .debug_pubnames
                0x000015e1       0xc3 STM32F4xx_StdPeriph_Driver\stm32f4xx_syscfg.o
 .debug_pubnames
                0x000016a4      0x221 STM32F4xx_StdPeriph_Driver\stm32f4xx_spi.o
 .debug_pubnames
                0x000018c5      0x417 STM32F4xx_StdPeriph_Driver\stm32f4xx_rcc.o
 .debug_pubnames
                0x00001cdc      0x2cb STM32F4xx_StdPeriph_Driver\stm32f4xx_i2c.o
 .debug_pubnames
                0x00001fa7      0x12d STM32F4xx_StdPeriph_Driver\stm32f4xx_gpio.o
 .debug_pubnames
                0x000020d4      0x2bd STM32F4xx_StdPeriph_Driver\stm32f4xx_flash.o
 .debug_pubnames
                0x00002391       0xbb STM32F4xx_StdPeriph_Driver\stm32f4xx_exti.o
 .debug_pubnames
                0x0000244c      0x1c9 STM32F4xx_StdPeriph_Driver\stm32f4xx_dma.o
 .debug_pubnames
                0x00002615      0x17d STM32F4xx_StdPeriph_Driver\stm32f4xx_dac.o
 .debug_pubnames
                0x00002792      0x446 STM32F4xx_StdPeriph_Driver\stm32f4xx_adc.o
 .debug_pubnames
                0x00002bd8       0x89 STM32F4xx_StdPeriph_Driver\misc.o
 .debug_pubnames
                0x00002c61      0x10c STM32F4-Discovery\stm32f4_discovery_lis302dl.o
 .debug_pubnames
                0x00002d6d      0x2d5 STM32F4-Discovery\stm32f4_discovery_audio_codec.o
 .debug_pubnames
                0x00003042      0x150 STM32F4-Discovery\stm32f4_discovery.o

.debug_pubtypes
                0x00000000     0x335b
 .debug_pubtypes
                0x00000000       0xa5 User\usbd_usr.o
 .debug_pubtypes
                0x000000a5       0x5b User\usbd_desc.o
 .debug_pubtypes
                0x00000100      0x333 User\usb_bsp.o
 .debug_pubtypes
                0x00000433       0x83 User\system_stm32f4xx.o
 .debug_pubtypes
                0x000004b6      0x2ad User\stm32f4xx_it.o
 .debug_pubtypes
                0x00000763      0x19d User\selftest.o
 .debug_pubtypes
                0x00000900      0x3f1 User\main.o
 .debug_pubtypes
                0x00000cf1      0x5e1 STM32_USB_OTG_Driver\usb_dcd_int.o
 .debug_pubtypes
                0x000012d2      0x307 STM32_USB_OTG_Driver\usb_dcd.o
 .debug_pubtypes
                0x000015d9      0x675 STM32_USB_OTG_Driver\usb_core.o
 .debug_pubtypes
                0x00001c4e      0x2c8 STM32_USB_Device_Library\Core\usbd_req.o
 .debug_pubtypes
                0x00001f16      0x295 STM32_USB_Device_Library\Core\usbd_ioreq.o
 .debug_pubtypes
                0x000021ab      0x2df STM32_USB_Device_Library\Core\usbd_core.o
 .debug_pubtypes
                0x0000248a      0x285 STM32_USB_Device_Library\Class\hid\usbd_hid_core.o
 .debug_pubtypes
                0x0000270f       0xe4 STM32F4xx_StdPeriph_Driver\stm32f4xx_tim.o
 .debug_pubtypes
                0x000027f3       0x6d STM32F4xx_StdPeriph_Driver\stm32f4xx_syscfg.o
 .debug_pubtypes
                0x00002860       0xbc STM32F4xx_StdPeriph_Driver\stm32f4xx_spi.o
 .debug_pubtypes
                0x0000291c       0xaa STM32F4xx_StdPeriph_Driver\stm32f4xx_rcc.o
 .debug_pubtypes
                0x000029c6       0xbe STM32F4xx_StdPeriph_Driver\stm32f4xx_i2c.o
 .debug_pubtypes
                0x00002a84       0xce STM32F4xx_StdPeriph_Driver\stm32f4xx_gpio.o
 .debug_pubtypes
                0x00002b52       0x97 STM32F4xx_StdPeriph_Driver\stm32f4xx_flash.o
 .debug_pubtypes
                0x00002be9       0xae STM32F4xx_StdPeriph_Driver\stm32f4xx_exti.o
 .debug_pubtypes
                0x00002c97       0xa3 STM32F4xx_StdPeriph_Driver\stm32f4xx_dma.o
 .debug_pubtypes
                0x00002d3a       0x98 STM32F4xx_StdPeriph_Driver\stm32f4xx_dac.o
 .debug_pubtypes
                0x00002dd2       0xc9 STM32F4xx_StdPeriph_Driver\stm32f4xx_adc.o
 .debug_pubtypes
                0x00002e9b       0x8c STM32F4xx_StdPeriph_Driver\misc.o
 .debug_pubtypes
                0x00002f27      0x14d STM32F4-Discovery\stm32f4_discovery_lis302dl.o
 .debug_pubtypes
                0x00003074      0x179 STM32F4-Discovery\stm32f4_discovery_audio_codec.o
 .debug_pubtypes
                0x000031ed      0x16e STM32F4-Discovery\stm32f4_discovery.o

.debug_str      0x00000000     0x632a
 .debug_str     0x00000000      0x7fe User\usbd_usr.o
                                0x8ab (size before relaxing)
 .debug_str     0x000007fe      0x20a User\usbd_desc.o
                                0x351 (size before relaxing)
 .debug_str     0x00000a08      0x826 User\usb_bsp.o
                               0x108f (size before relaxing)
 .debug_str     0x0000122e      0x16a User\system_stm32f4xx.o
                                0x36a (size before relaxing)
 .debug_str     0x00001398      0x1f7 User\stm32f4xx_it.o
                                0xb5e (size before relaxing)
 .debug_str     0x0000158f      0x503 User\selftest.o
                                0x8a5 (size before relaxing)
 .debug_str     0x00001a92      0x1f4 User\main.o
                               0x1551 (size before relaxing)
 .debug_str     0x00001c86      0x7e2 STM32_USB_OTG_Driver\usb_dcd_int.o
                               0x1271 (size before relaxing)
 .debug_str     0x00002468      0x132 STM32_USB_OTG_Driver\usb_dcd.o
                                0xb13 (size before relaxing)
 .debug_str     0x0000259a      0x6ac STM32_USB_OTG_Driver\usb_core.o
                               0x1673 (size before relaxing)
 .debug_str     0x00002c46      0x19c STM32_USB_Device_Library\Core\usbd_req.o
                                0xaec (size before relaxing)
 .debug_str     0x00002de2       0xd0 STM32_USB_Device_Library\Core\usbd_ioreq.o
                                0x9ab (size before relaxing)
 .debug_str     0x00002eb2      0x110 STM32_USB_Device_Library\Core\usbd_core.o
                                0xac1 (size before relaxing)
 .debug_str     0x00002fc2      0x117 STM32_USB_Device_Library\Class\hid\usbd_hid_core.o
                                0xa00 (size before relaxing)
 .debug_str     0x000030d9      0xa10 STM32F4xx_StdPeriph_Driver\stm32f4xx_tim.o
                                0xdb9 (size before relaxing)
 .debug_str     0x00003ae9      0x162 STM32F4xx_StdPeriph_Driver\stm32f4xx_syscfg.o
                                0x2e8 (size before relaxing)
 .debug_str     0x00003c4b      0x338 STM32F4xx_StdPeriph_Driver\stm32f4xx_spi.o
                                0x673 (size before relaxing)
 .debug_str     0x00003f83      0x50b STM32F4xx_StdPeriph_Driver\stm32f4xx_rcc.o
                                0x839 (size before relaxing)
 .debug_str     0x0000448e      0x3c8 STM32F4xx_StdPeriph_Driver\stm32f4xx_i2c.o
                                0x64e (size before relaxing)
 .debug_str     0x00004856      0x16f STM32F4xx_StdPeriph_Driver\stm32f4xx_gpio.o
                                0x48c (size before relaxing)
 .debug_str     0x000049c5      0x3ac STM32F4xx_StdPeriph_Driver\stm32f4xx_flash.o
                                0x570 (size before relaxing)
 .debug_str     0x00004d71      0x1cc STM32F4xx_StdPeriph_Driver\stm32f4xx_exti.o
                                0x357 (size before relaxing)
 .debug_str     0x00004f3d      0x383 STM32F4xx_StdPeriph_Driver\stm32f4xx_dma.o
                                0x535 (size before relaxing)
 .debug_str     0x000052c0      0x281 STM32F4xx_StdPeriph_Driver\stm32f4xx_dac.o
                                0x43c (size before relaxing)
 .debug_str     0x00005541      0x4cd STM32F4xx_StdPeriph_Driver\stm32f4xx_adc.o
                                0x7ed (size before relaxing)
 .debug_str     0x00005a0e      0x10b STM32F4xx_StdPeriph_Driver\misc.o
                                0x3c2 (size before relaxing)
 .debug_str     0x00005b19      0x233 STM32F4-Discovery\stm32f4_discovery_lis302dl.o
                                0x733 (size before relaxing)
 .debug_str     0x00005d4c      0x464 STM32F4-Discovery\stm32f4_discovery_audio_codec.o
                               0x104d (size before relaxing)
 .debug_str     0x000061b0      0x17a STM32F4-Discovery\stm32f4_discovery.o
                                0xb12 (size before relaxing)

.debug_frame    0x00000000     0x27c8
 .debug_frame   0x00000000       0x80 User\usbd_usr.o
 .debug_frame   0x00000080       0xa8 User\usbd_desc.o
 .debug_frame   0x00000128       0x6c User\usb_bsp.o
 .debug_frame   0x00000194       0x34 User\system_stm32f4xx.o
 .debug_frame   0x000001c8       0xe4 User\stm32f4xx_it.o
 .debug_frame   0x000002ac       0xf4 User\selftest.o
 .debug_frame   0x000003a0       0xbc User\main.o
 .debug_frame   0x0000045c       0x3c STM32_USB_OTG_Driver\usb_dcd_int.o
 .debug_frame   0x00000498      0x130 STM32_USB_OTG_Driver\usb_dcd.o
 .debug_frame   0x000005c8      0x31c STM32_USB_OTG_Driver\usb_core.o
 .debug_frame   0x000008e4       0xac STM32_USB_Device_Library\Core\usbd_req.o
 .debug_frame   0x00000990       0xb8 STM32_USB_Device_Library\Core\usbd_ioreq.o
 .debug_frame   0x00000a48      0x150 STM32_USB_Device_Library\Core\usbd_core.o
 .debug_frame   0x00000b98       0x98 STM32_USB_Device_Library\Class\hid\usbd_hid_core.o
 .debug_frame   0x00000c30      0x674 STM32F4xx_StdPeriph_Driver\stm32f4xx_tim.o
 .debug_frame   0x000012a4       0x84 STM32F4xx_StdPeriph_Driver\stm32f4xx_syscfg.o
 .debug_frame   0x00001328      0x1d0 STM32F4xx_StdPeriph_Driver\stm32f4xx_spi.o
 .debug_frame   0x000014f8      0x2e4 STM32F4xx_StdPeriph_Driver\stm32f4xx_rcc.o
 .debug_frame   0x000017dc      0x244 STM32F4xx_StdPeriph_Driver\stm32f4xx_i2c.o
 .debug_frame   0x00001a20      0x118 STM32F4xx_StdPeriph_Driver\stm32f4xx_gpio.o
 .debug_frame   0x00001b38      0x264 STM32F4xx_StdPeriph_Driver\stm32f4xx_flash.o
 .debug_frame   0x00001d9c       0x98 STM32F4xx_StdPeriph_Driver\stm32f4xx_exti.o
 .debug_frame   0x00001e34      0x170 STM32F4xx_StdPeriph_Driver\stm32f4xx_dma.o
 .debug_frame   0x00001fa4      0x140 STM32F4xx_StdPeriph_Driver\stm32f4xx_dac.o
 .debug_frame   0x000020e4      0x2ac STM32F4xx_StdPeriph_Driver\stm32f4xx_adc.o
 .debug_frame   0x00002390       0x68 STM32F4xx_StdPeriph_Driver\misc.o
 .debug_frame   0x000023f8      0x158 STM32F4-Discovery\stm32f4_discovery_lis302dl.o
 .debug_frame   0x00002550      0x1e4 STM32F4-Discovery\stm32f4_discovery_audio_codec.o
 .debug_frame   0x00002734       0x94 STM32F4-Discovery\stm32f4_discovery.o

Cross Reference Table

Symbol                                            File
ADC_AnalogWatchdogCmd                             STM32F4xx_StdPeriph_Driver\stm32f4xx_adc.o
ADC_AnalogWatchdogSingleChannelConfig             STM32F4xx_StdPeriph_Driver\stm32f4xx_adc.o
ADC_AnalogWatchdogThresholdsConfig                STM32F4xx_StdPeriph_Driver\stm32f4xx_adc.o
ADC_AutoInjectedConvCmd                           STM32F4xx_StdPeriph_Driver\stm32f4xx_adc.o
ADC_Channel                                       User\selftest.o
ADC_ClearFlag                                     STM32F4xx_StdPeriph_Driver\stm32f4xx_adc.o
ADC_ClearITPendingBit                             STM32F4xx_StdPeriph_Driver\stm32f4xx_adc.o
ADC_Cmd                                           STM32F4xx_StdPeriph_Driver\stm32f4xx_adc.o
                                                  User\selftest.o
ADC_CommonInit                                    STM32F4xx_StdPeriph_Driver\stm32f4xx_adc.o
                                                  User\selftest.o
ADC_CommonInitStructure                           User\selftest.o
ADC_CommonStructInit                              STM32F4xx_StdPeriph_Driver\stm32f4xx_adc.o
ADC_ContinuousModeCmd                             STM32F4xx_StdPeriph_Driver\stm32f4xx_adc.o
ADC_DMACmd                                        STM32F4xx_StdPeriph_Driver\stm32f4xx_adc.o
ADC_DMARequestAfterLastTransferCmd                STM32F4xx_StdPeriph_Driver\stm32f4xx_adc.o
ADC_DeInit                                        STM32F4xx_StdPeriph_Driver\stm32f4xx_adc.o
ADC_DiscModeChannelCountConfig                    STM32F4xx_StdPeriph_Driver\stm32f4xx_adc.o
ADC_DiscModeCmd                                   STM32F4xx_StdPeriph_Driver\stm32f4xx_adc.o
ADC_EOCOnEachRegularChannelCmd                    STM32F4xx_StdPeriph_Driver\stm32f4xx_adc.o
ADC_ExternalTrigInjectedConvConfig                STM32F4xx_StdPeriph_Driver\stm32f4xx_adc.o
ADC_ExternalTrigInjectedConvEdgeConfig            STM32F4xx_StdPeriph_Driver\stm32f4xx_adc.o
ADC_GetConversionValue                            STM32F4xx_StdPeriph_Driver\stm32f4xx_adc.o
                                                  User\selftest.o
ADC_GetFlagStatus                                 STM32F4xx_StdPeriph_Driver\stm32f4xx_adc.o
                                                  User\selftest.o
ADC_GetITStatus                                   STM32F4xx_StdPeriph_Driver\stm32f4xx_adc.o