Archive member included because of file (symbol)

c:/program files/atollic/truestudio for stmicroelectronics stm32 lite 2.2.0/armtools/bin/../lib/gcc/arm-atollic-eabi/4.5.1/../../../../arm-atollic-eabi/lib/thumb/thumb2\libc.a(lib_a-init.o)
                              TrueSTUDIO\startup_stm32f4xx.o (__libc_init_array)

Allocating common symbols
Common symbol       size              file

HSEStartUpStatus    0x1               User\usb_bsp.o
fileR               0x424             User\usbh_usr.o
USBH_MSC_CSWData    0x10              STM32_USB_HOST_Library\Class\MSC\usbh_msc_bot.o
MSC_Machine         0x4a              STM32_USB_HOST_Library\Class\MSC\usbh_msc_core.o
fno                 0x18              User\usbh_usr.o
JumpAddress         0x4               User\main.o
Jump_To_Application
                    0x4               User\main.o
USBH_DataInBuffer   0x200             STM32_USB_HOST_Library\Class\MSC\usbh_msc_scsi.o
TimingDelay         0x4               User\usbh_usr.o
USBH_MSC_Param      0x10              STM32_USB_HOST_Library\Class\MSC\usbh_msc_scsi.o
USBH_MSC_BOTXferParam
                    0x10              STM32_USB_HOST_Library\Class\MSC\usbh_msc_bot.o
file                0x424             User\usbh_usr.o
USB_OTG_Core        0x4b0             User\main.o
USBH_DataOutBuffer  0x200             STM32_USB_HOST_Library\Class\MSC\usbh_msc_scsi.o
dir                 0x1c              User\usbh_usr.o
MSC_Setup           0x8               STM32_USB_HOST_Library\Class\MSC\usbh_msc_core.o
USBH_MSC_CBWData    0x20              STM32_USB_HOST_Library\Class\MSC\usbh_msc_bot.o
NVIC_InitStructure  0x4               STM32F4-Discovery\stm32f4_discovery.o
USB_Host            0x84              User\main.o
fatfs               0x430             User\usbh_usr.o

Discarded input sections

 .text          0x00000000        0x0 c:/program files/atollic/truestudio for stmicroelectronics stm32 lite 2.2.0/armtools/bin/../lib/gcc/arm-atollic-eabi/4.5.1/thumb/thumb2/crti.o
 .data          0x00000000        0x0 c:/program files/atollic/truestudio for stmicroelectronics stm32 lite 2.2.0/armtools/bin/../lib/gcc/arm-atollic-eabi/4.5.1/thumb/thumb2/crti.o
 .bss           0x00000000        0x0 c:/program files/atollic/truestudio for stmicroelectronics stm32 lite 2.2.0/armtools/bin/../lib/gcc/arm-atollic-eabi/4.5.1/thumb/thumb2/crti.o
 .data          0x00000000        0x4 c:/program files/atollic/truestudio for stmicroelectronics stm32 lite 2.2.0/armtools/bin/../lib/gcc/arm-atollic-eabi/4.5.1/thumb/thumb2/crtbegin.o
 .text          0x00000000        0x0 User\usbh_usr.o
 .data          0x00000000        0x0 User\usbh_usr.o
 .bss           0x00000000        0x0 User\usbh_usr.o
 .text          0x00000000        0x0 User\usb_bsp.o
 .data          0x00000000        0x0 User\usb_bsp.o
 .bss           0x00000000        0x0 User\usb_bsp.o
 COMMON         0x00000000        0x1 User\usb_bsp.o
 .text          0x00000000        0x0 User\system_stm32f4xx.o
 .data          0x00000000        0x0 User\system_stm32f4xx.o
 .bss           0x00000000        0x0 User\system_stm32f4xx.o
 .text.SystemCoreClockUpdate
                0x00000000       0x90 User\system_stm32f4xx.o
 .data.AHBPrescTable
                0x00000000       0x10 User\system_stm32f4xx.o
 .text          0x00000000        0x0 User\stm32f4xx_it.o
 .data          0x00000000        0x0 User\stm32f4xx_it.o
 .bss           0x00000000        0x0 User\stm32f4xx_it.o
 .text          0x00000000        0x0 User\main.o
 .data          0x00000000        0x0 User\main.o
 .bss           0x00000000        0x0 User\main.o
 .text          0x00000000        0x0 User\flash_if.o
 .data          0x00000000        0x0 User\flash_if.o
 .bss           0x00000000        0x0 User\flash_if.o
 .text          0x00000000        0x0 User\command.o
 .data          0x00000000        0x0 User\command.o
 .bss           0x00000000        0x0 User\command.o
 .text          0x00000000       0x14 TrueSTUDIO\startup_stm32f4xx.o
 .data          0x00000000        0x0 TrueSTUDIO\startup_stm32f4xx.o
 .bss           0x00000000        0x0 TrueSTUDIO\startup_stm32f4xx.o
 .text          0x00000000        0x0 STM32_USB_OTG_Driver\usb_hcd_int.o
 .data          0x00000000        0x0 STM32_USB_OTG_Driver\usb_hcd_int.o
 .bss           0x00000000        0x0 STM32_USB_OTG_Driver\usb_hcd_int.o
 .text          0x00000000        0x0 STM32_USB_OTG_Driver\usb_hcd.o
 .data          0x00000000        0x0 STM32_USB_OTG_Driver\usb_hcd.o
 .bss           0x00000000        0x0 STM32_USB_OTG_Driver\usb_hcd.o
 .text.HCD_GetHCState
                0x00000000        0x8 STM32_USB_OTG_Driver\usb_hcd.o
 .text.HCD_HC_Init
                0x00000000        0x8 STM32_USB_OTG_Driver\usb_hcd.o
 .text          0x00000000        0x0 STM32_USB_OTG_Driver\usb_core.o
 .data          0x00000000        0x0 STM32_USB_OTG_Driver\usb_core.o
[...]
Memory Configuration

Name             Origin             Length             Attributes
FLASH            0x08000000         0x00100000         xr
RAM              0x20000000         0x0001c000         xrw
MEMORY_B1        0x60000000         0x00000000         xr
*default*        0x00000000         0xffffffff

Linker script and memory map

LOAD c:/program files/atollic/truestudio for stmicroelectronics stm32 lite 2.2.0/armtools/bin/../lib/gcc/arm-atollic-eabi/4.5.1/thumb/thumb2/crti.o
LOAD c:/program files/atollic/truestudio for stmicroelectronics stm32 lite 2.2.0/armtools/bin/../lib/gcc/arm-atollic-eabi/4.5.1/thumb/thumb2/crtbegin.o
LOAD User\usbh_usr.o
LOAD User\usb_bsp.o
LOAD User\system_stm32f4xx.o
LOAD User\stm32f4xx_it.o
LOAD User\main.o
LOAD User\flash_if.o
LOAD User\command.o
LOAD TrueSTUDIO\startup_stm32f4xx.o
LOAD STM32_USB_OTG_Driver\usb_hcd_int.o
LOAD STM32_USB_OTG_Driver\usb_hcd.o
LOAD STM32_USB_OTG_Driver\usb_core.o
LOAD STM32_USB_HOST_Library\Core\usbh_stdreq.o
LOAD STM32_USB_HOST_Library\Core\usbh_ioreq.o
LOAD STM32_USB_HOST_Library\Core\usbh_hcs.o
LOAD STM32_USB_HOST_Library\Core\usbh_core.o
LOAD STM32_USB_HOST_Library\Class\MSC\usbh_msc_scsi.o
LOAD STM32_USB_HOST_Library\Class\MSC\usbh_msc_fatfs.o
LOAD STM32_USB_HOST_Library\Class\MSC\usbh_msc_core.o
LOAD STM32_USB_HOST_Library\Class\MSC\usbh_msc_bot.o
LOAD STM32F4xx_StdPeriph_Driver\stm32f4xx_tim.o
LOAD STM32F4xx_StdPeriph_Driver\stm32f4xx_syscfg.o
LOAD STM32F4xx_StdPeriph_Driver\stm32f4xx_spi.o
LOAD STM32F4xx_StdPeriph_Driver\stm32f4xx_rcc.o
LOAD STM32F4xx_StdPeriph_Driver\stm32f4xx_i2c.o
LOAD STM32F4xx_StdPeriph_Driver\stm32f4xx_gpio.o
LOAD STM32F4xx_StdPeriph_Driver\stm32f4xx_flash.o
LOAD STM32F4xx_StdPeriph_Driver\stm32f4xx_exti.o
LOAD STM32F4xx_StdPeriph_Driver\stm32f4xx_dma.o
LOAD STM32F4xx_StdPeriph_Driver\stm32f4xx_dac.o
LOAD STM32F4xx_StdPeriph_Driver\stm32f4xx_adc.o
LOAD STM32F4xx_StdPeriph_Driver\misc.o
LOAD STM32F4-Discovery\stm32f4_discovery.o
LOAD FAT_FS\ff.o
LOAD FAT_FS\fattime.o
                0x00001000                malloc_getpagesize_P = 0x1000
START GROUP
LOAD c:/program files/atollic/truestudio for stmicroelectronics stm32 lite 2.2.0/armtools/bin/../lib/gcc/arm-atollic-eabi/4.5.1/thumb/thumb2\libgcc.a
LOAD c:/program files/atollic/truestudio for stmicroelectronics stm32 lite 2.2.0/armtools/bin/../lib/gcc/arm-atollic-eabi/4.5.1/../../../../arm-atollic-eabi/lib/thumb/thumb2\libc.a
END GROUP
LOAD c:/program files/atollic/truestudio for stmicroelectronics stm32 lite 2.2.0/armtools/bin/../lib/gcc/arm-atollic-eabi/4.5.1/thumb/thumb2/crtend.o
LOAD c:/program files/atollic/truestudio for stmicroelectronics stm32 lite 2.2.0/armtools/bin/../lib/gcc/arm-atollic-eabi/4.5.1/thumb/thumb2/crtn.o
                0x2001c000                _estack = 0x2001c000
                0x00000000                _Min_Heap_Size = 0x0
                0x00000400                _Min_Stack_Size = 0x400

.isr_vector     0x08000000      0x188
                0x08000000                . = ALIGN (0x4)
 *(.isr_vector)
 .isr_vector    0x08000000      0x188 TrueSTUDIO\startup_stm32f4xx.o
                0x08000000                g_pfnVectors
                0x08000188                . = ALIGN (0x4)

.text           0x08000188     0x5628
                0x08000188                . = ALIGN (0x4)
 *(.text)
 .text          0x08000188       0x30 c:/program files/atollic/truestudio for stmicroelectronics stm32 lite 2.2.0/armtools/bin/../lib/gcc/arm-atollic-eabi/4.5.1/thumb/thumb2/crtbegin.o
 *(.text*)
 .text.USBH_USR_DeviceAttached
                0x080001b8        0x2 User\usbh_usr.o
                0x080001b8                USBH_USR_DeviceAttached
 .text.USBH_USR_ResetDevice
                0x080001ba        0x2 User\usbh_usr.o
                0x080001ba                USBH_USR_ResetDevice
 .text.USBH_USR_Device_DescAvailable
                0x080001bc        0x2 User\usbh_usr.o
                0x080001bc                USBH_USR_Device_DescAvailable
 .text.USBH_USR_DeviceAddressAssigned
                0x080001be        0x2 User\usbh_usr.o
                0x080001be                USBH_USR_DeviceAddressAssigned
 .text.USBH_USR_Configuration_DescAvailable
                0x080001c0        0x2 User\usbh_usr.o
                0x080001c0                USBH_USR_Configuration_DescAvailable
 .text.USBH_USR_Manufacturer_String
                0x080001c2        0x2 User\usbh_usr.o
                0x080001c2                USBH_USR_Manufacturer_String
 .text.USBH_USR_Product_String
                0x080001c4        0x2 User\usbh_usr.o
                0x080001c4                USBH_USR_Product_String
 .text.USBH_USR_SerialNum_String
                0x080001c6        0x2 User\usbh_usr.o
                0x080001c6                USBH_USR_SerialNum_String
 .text.USBH_USR_EnumerationDone
                0x080001c8        0x2 User\usbh_usr.o
                0x080001c8                USBH_USR_EnumerationDone
 .text.USBH_USR_UserInput
                0x080001ca        0x4 User\usbh_usr.o
                0x080001ca                USBH_USR_UserInput
 .text.USBH_USR_OverCurrentDetected
                0x080001ce        0x2 User\usbh_usr.o
                0x080001ce                USBH_USR_OverCurrentDetected
 .text.USBH_USR_DeInit
                0x080001d0        0xc User\usbh_usr.o
                0x080001d0                USBH_USR_DeInit
 .text.USBH_USR_Init
                0x080001dc       0x64 User\usbh_usr.o
                0x080001dc                USBH_USR_Init
 .text.Delay    0x08000240       0x18 User\usbh_usr.o
                0x08000240                Delay
 .text.Fail_Handler
                0x08000258       0x10 User\usbh_usr.o
                0x08000258                Fail_Handler
 .text.USBH_USR_MSC_Application
                0x08000268       0xec User\usbh_usr.o
                0x08000268                USBH_USR_MSC_Application
 .text.USBH_USR_DeviceNotSupported
                0x08000354        0x4 User\usbh_usr.o
                0x08000354                USBH_USR_DeviceNotSupported
 .text.USBH_USR_DeviceSpeedDetected
                0x08000358        0xe User\usbh_usr.o
                0x08000358                USBH_USR_DeviceSpeedDetected
 .text.USBH_USR_DeviceDisconnected
                0x08000366        0x4 User\usbh_usr.o
                0x08000366                USBH_USR_DeviceDisconnected
 .text.USBH_USR_UnrecoveredError
                0x0800036a        0x4 User\usbh_usr.o
                0x0800036a                USBH_USR_UnrecoveredError
 *fill*         0x0800036e        0x2 00
 .text.TimingDelay_Decrement
                0x08000370       0x14 User\usbh_usr.o
                0x08000370                TimingDelay_Decrement
 .text.BSP_Delay
                0x08000384       0x8c User\usb_bsp.o
 .text.BSP_Init
                0x08000410       0x26 User\usb_bsp.o
                0x08000410                BSP_Init
 *fill*         0x08000436        0x2 00
 .text.USB_OTG_BSP_Init
                0x08000438       0xbc User\usb_bsp.o
                0x08000438                USB_OTG_BSP_Init
 .text.USB_OTG_BSP_EnableInterrupt
                0x080004f4       0x40 User\usb_bsp.o
                0x080004f4                USB_OTG_BSP_EnableInterrupt
 .text.USB_OTG_BSP_DriveVBUS
                0x08000534       0x18 User\usb_bsp.o
                0x08000534                USB_OTG_BSP_DriveVBUS
 .text.USB_OTG_BSP_uDelay
                0x0800054c        0x6 User\usb_bsp.o
                0x0800054c                USB_OTG_BSP_uDelay
 .text.USB_OTG_BSP_mDelay
                0x08000552        0x6 User\usb_bsp.o
                0x08000552                USB_OTG_BSP_mDelay
 .text.USB_OTG_BSP_ConfigVBUS
                0x08000558       0x40 User\usb_bsp.o
                0x08000558                USB_OTG_BSP_ConfigVBUS
 .text.USB_OTG_BSP_TimerIRQ
                0x08000598       0x38 User\usb_bsp.o
                0x08000598                USB_OTG_BSP_TimerIRQ
 .text.SystemInit
                0x080005d0       0xec User\system_stm32f4xx.o
                0x080005d0                SystemInit
 .text.NMI_Handler
                0x080006bc        0x2 User\stm32f4xx_it.o
                0x080006bc                NMI_Handler
 .text.HardFault_Handler
                0x080006be        0x2 User\stm32f4xx_it.o
                0x080006be                HardFault_Handler
 .text.MemManage_Handler
                0x080006c0        0x2 User\stm32f4xx_it.o
                0x080006c0                MemManage_Handler
 .text.BusFault_Handler
                0x080006c2        0x2 User\stm32f4xx_it.o
                0x080006c2                BusFault_Handler
 .text.UsageFault_Handler
                0x080006c4        0x2 User\stm32f4xx_it.o
                0x080006c4                UsageFault_Handler
 .text.SVC_Handler
                0x080006c6        0x2 User\stm32f4xx_it.o
                0x080006c6                SVC_Handler
 .text.DebugMon_Handler
                0x080006c8        0x2 User\stm32f4xx_it.o
                0x080006c8                DebugMon_Handler
 .text.PendSV_Handler
                0x080006ca        0x2 User\stm32f4xx_it.o
                0x080006ca                PendSV_Handler
 .text.SysTick_Handler
                0x080006cc       0x60 User\stm32f4xx_it.o
                0x080006cc                SysTick_Handler
 .text.EXTI1_IRQHandler
                0x0800072c       0x24 User\stm32f4xx_it.o
                0x0800072c                EXTI1_IRQHandler
 .text.EXTI0_IRQHandler
                0x08000750       0x1c User\stm32f4xx_it.o
                0x08000750                EXTI0_IRQHandler
 .text.TIM2_IRQHandler
                0x0800076c        0x4 User\stm32f4xx_it.o
                0x0800076c                TIM2_IRQHandler
 .text.OTG_FS_IRQHandler
                0x08000770        0xc User\stm32f4xx_it.o
                0x08000770                OTG_FS_IRQHandler
 .text.main     0x0800077c       0x74 User\main.o
                0x0800077c                main
 .text.FLASH_If_FlashUnlock
                0x080007f0        0x4 User\flash_if.o
                0x080007f0                FLASH_If_FlashUnlock
 .text.FLASH_If_ReadOutProtectionStatus
                0x080007f4       0x12 User\flash_if.o
                0x080007f4                FLASH_If_ReadOutProtectionStatus
 *fill*         0x08000806        0x2 00
 .text.FLASH_If_EraseSectors
                0x08000808       0xf4 User\flash_if.o
                0x08000808                FLASH_If_EraseSectors
 .text.FLASH_If_ProgramWord
                0x080008fc        0x4 User\flash_if.o
                0x080008fc                FLASH_If_ProgramWord
 .text.COMMAND_UPLOAD
                0x08000900       0xc8 User\command.o
                0x08000900                COMMAND_UPLOAD
 .text.COMMAND_JUMP
                0x080009c8       0x24 User\command.o
                0x080009c8                COMMAND_JUMP
 .text.COMMAND_ProgramFlashMemory
                0x080009ec       0xa4 User\command.o
                0x080009ec                COMMAND_ProgramFlashMemory
 .text.COMMAND_DOWNLOAD
                0x08000a90       0x6c User\command.o
                0x08000a90                COMMAND_DOWNLOAD
 .text.Reset_Handler
                0x08000afc       0x48 TrueSTUDIO\startup_stm32f4xx.o
                0x08000afc                Reset_Handler
 .text.Default_Handler
                0x08000b44        0x2 TrueSTUDIO\startup_stm32f4xx.o
                0x08000b44                RTC_Alarm_IRQHandler
                0x08000b44                HASH_RNG_IRQHandler
                0x08000b44                EXTI2_IRQHandler
                0x08000b44                TIM8_CC_IRQHandler
                0x08000b44                TIM1_CC_IRQHandler
                0x08000b44                DMA2_Stream5_IRQHandler
                0x08000b44                DMA1_Stream5_IRQHandler
                0x08000b44                PVD_IRQHandler
                0x08000b44                SDIO_IRQHandler
                0x08000b44                TAMP_STAMP_IRQHandler
                0x08000b44                CAN2_RX1_IRQHandler
                0x08000b44                EXTI3_IRQHandler
                0x08000b44                TIM8_TRG_COM_TIM14_IRQHandler
                0x08000b44                TIM1_UP_TIM10_IRQHandler
                0x08000b44                TIM8_UP_TIM13_IRQHandler
                0x08000b44                I2C3_ER_IRQHandler
                0x08000b44                I2C2_EV_IRQHandler
                0x08000b44                DMA1_Stream2_IRQHandler
                0x08000b44                CAN1_RX0_IRQHandler
                0x08000b44                FPU_IRQHandler
                0x08000b44                OTG_HS_WKUP_IRQHandler
                0x08000b44                CAN2_SCE_IRQHandler
                0x08000b44                DMA2_Stream2_IRQHandler
                0x08000b44                SPI1_IRQHandler
                0x08000b44                TIM6_DAC_IRQHandler
                0x08000b44                TIM1_BRK_TIM9_IRQHandler
                0x08000b44                DCMI_IRQHandler
                0x08000b44                CAN2_RX0_IRQHandler
                0x08000b44                DMA2_Stream3_IRQHandler
                0x08000b44                USART6_IRQHandler
                0x08000b44                USART3_IRQHandler
                0x08000b44                CRYP_IRQHandler
                0x08000b44                CAN1_RX1_IRQHandler
                0x08000b44                UART5_IRQHandler
                0x08000b44                DMA2_Stream0_IRQHandler
                0x08000b44                TIM4_IRQHandler
                0x08000b44                I2C1_EV_IRQHandler
                0x08000b44                DMA1_Stream6_IRQHandler
                0x08000b44                DMA1_Stream1_IRQHandler
                0x08000b44                UART4_IRQHandler
                0x08000b44                TIM3_IRQHandler
                0x08000b44                RCC_IRQHandler
                0x08000b44                TIM8_BRK_TIM12_IRQHandler
                0x08000b44                Default_Handler
                0x08000b44                EXTI15_10_IRQHandler
                0x08000b44                ADC_IRQHandler
                0x08000b44                DMA1_Stream7_IRQHandler
                0x08000b44                TIM7_IRQHandler
                0x08000b44                CAN2_TX_IRQHandler
                0x08000b44                TIM5_IRQHandler
                0x08000b44                DMA2_Stream7_IRQHandler
                0x08000b44                I2C3_EV_IRQHandler
                0x08000b44                EXTI9_5_IRQHandler
                0x08000b44                RTC_WKUP_IRQHandler
                0x08000b44                ETH_WKUP_IRQHandler
                0x08000b44                SPI2_IRQHandler
                0x08000b44                OTG_HS_EP1_IN_IRQHandler
                0x08000b44                DMA1_Stream0_IRQHandler
                0x08000b44                CAN1_TX_IRQHandler
                0x08000b44                EXTI4_IRQHandler
                0x08000b44                FSMC_IRQHandler
                0x08000b44                ETH_IRQHandler
                0x08000b44                OTG_HS_EP1_OUT_IRQHandler
                0x08000b44                WWDG_IRQHandler
                0x08000b44                OTG_FS_WKUP_IRQHandler
                0x08000b44                TIM1_TRG_COM_TIM11_IRQHandler
                0x08000b44                OTG_HS_IRQHandler
                0x08000b44                USART2_IRQHandler
                0x08000b44                I2C2_ER_IRQHandler
                0x08000b44                DMA2_Stream1_IRQHandler
                0x08000b44                CAN1_SCE_IRQHandler
                0x08000b44                FLASH_IRQHandler
                0x08000b44                DMA2_Stream4_IRQHandler
                0x08000b44                USART1_IRQHandler
                0x08000b44                SPI3_IRQHandler
                0x08000b44                DMA1_Stream4_IRQHandler
                0x08000b44                I2C1_ER_IRQHandler
                0x08000b44                DMA2_Stream6_IRQHandler
                0x08000b44                DMA1_Stream3_IRQHandler
 *fill*         0x08000b46        0x2 00
 .text.USB_OTG_USBH_handle_sof_ISR
                0x08000b48       0x30 STM32_USB_OTG_Driver\usb_hcd_int.o
 .text.USB_OTG_USBH_handle_Disconnect_ISR
                0x08000b78       0x44 STM32_USB_OTG_Driver\usb_hcd_int.o
 .text.USB_OTG_USBH_handle_IncompletePeriodicXfer_ISR
                0x08000bbc       0x54 STM32_USB_OTG_Driver\usb_hcd_int.o
 .text.USB_OTG_USBH_handle_rx_qlvl_ISR
                0x08000c10      0x1d8 STM32_USB_OTG_Driver\usb_hcd_int.o
 .text.USB_OTG_USBH_handle_hc_n_In_ISR
                0x08000de8      0x60c STM32_USB_OTG_Driver\usb_hcd_int.o
 .text.USB_OTG_USBH_handle_hc_n_Out_ISR
                0x080013f4      0x564 STM32_USB_OTG_Driver\usb_hcd_int.o
 .text.USB_OTG_USBH_handle_port_ISR
                0x08001958      0x184 STM32_USB_OTG_Driver\usb_hcd_int.o
 .text.USB_OTG_USBH_handle_ptxfempty_ISR
                0x08001adc      0x1b4 STM32_USB_OTG_Driver\usb_hcd_int.o
 .text.USB_OTG_USBH_handle_nptxfempty_ISR
                0x08001c90      0x1b4 STM32_USB_OTG_Driver\usb_hcd_int.o
 .text.USB_OTG_USBH_handle_hc_ISR
                0x08001e44       0xac STM32_USB_OTG_Driver\usb_hcd_int.o
 .text.USBH_OTG_ISR_Handler
                0x08001ef0      0x154 STM32_USB_OTG_Driver\usb_hcd_int.o
                0x08001ef0                USBH_OTG_ISR_Handler
 .text.HCD_Init
                0x08002044       0x5a STM32_USB_OTG_Driver\usb_hcd.o
                0x08002044                HCD_Init
 .text.HCD_GetCurrentSpeed
                0x0800209e        0xc STM32_USB_OTG_Driver\usb_hcd.o
                0x0800209e                HCD_GetCurrentSpeed
 .text.HCD_ResetPort
                0x080020aa        0xa STM32_USB_OTG_Driver\usb_hcd.o
                0x080020aa                HCD_ResetPort
 .text.HCD_IsDeviceConnected
                0x080020b4        0x6 STM32_USB_OTG_Driver\usb_hcd.o
                0x080020b4                HCD_IsDeviceConnected
 .text.HCD_GetCurrentFrame
                0x080020ba        0x8 STM32_USB_OTG_Driver\usb_hcd.o
                0x080020ba                HCD_GetCurrentFrame
 .text.HCD_GetURB_State
                0x080020c2        0x8 STM32_USB_OTG_Driver\usb_hcd.o
                0x080020c2                HCD_GetURB_State
 .text.HCD_GetXferCnt
                0x080020ca        0x8 STM32_USB_OTG_Driver\usb_hcd.o
                0x080020ca                HCD_GetXferCnt
 .text.HCD_SubmitRequest
                0x080020d2       0x18 STM32_USB_OTG_Driver\usb_hcd.o
                0x080020d2                HCD_SubmitRequest
 *fill*         0x080020ea        0x2 00
 .text.USB_OTG_CoreReset
                0x080020ec       0x54 STM32_USB_OTG_Driver\usb_core.o
 .text.USB_OTG_WritePacket
                0x08002140       0x26 STM32_USB_OTG_Driver\usb_core.o
                0x08002140                USB_OTG_WritePacket
 .text.USB_OTG_ReadPacket
                0x08002166       0x22 STM32_USB_OTG_Driver\usb_core.o
                0x08002166                USB_OTG_ReadPacket
 .text.USB_OTG_SelectCore
                0x08002188       0xb8 STM32_USB_OTG_Driver\usb_core.o
                0x08002188                USB_OTG_SelectCore
 .text.USB_OTG_CoreInit
                0x08002240       0xe2 STM32_USB_OTG_Driver\usb_core.o
                0x08002240                USB_OTG_CoreInit
 .text.USB_OTG_EnableGlobalInt
                0x08002322        0xe STM32_USB_OTG_Driver\usb_core.o
                0x08002322                USB_OTG_EnableGlobalInt
 .text.USB_OTG_DisableGlobalInt
                0x08002330        0xe STM32_USB_OTG_Driver\usb_core.o
                0x08002330                USB_OTG_DisableGlobalInt
 *fill*         0x0800233e        0x2 00
 .text.USB_OTG_FlushTxFifo
                0x08002340       0x40 STM32_USB_OTG_Driver\usb_core.o
                0x08002340                USB_OTG_FlushTxFifo
 .text.USB_OTG_FlushRxFifo
                0x08002380       0x38 STM32_USB_OTG_Driver\usb_core.o
                0x08002380                USB_OTG_FlushRxFifo
 .text.USB_OTG_SetCurrentMode
                0x080023b8       0x2a STM32_USB_OTG_Driver\usb_core.o
                0x080023b8                USB_OTG_SetCurrentMode
 .text.USB_OTG_GetMode
                0x080023e2        0xa STM32_USB_OTG_Driver\usb_core.o
                0x080023e2                USB_OTG_GetMode
 .text.USB_OTG_IsHostMode
                0x080023ec       0x12 STM32_USB_OTG_Driver\usb_core.o
                0x080023ec                USB_OTG_IsHostMode
 .text.USB_OTG_ReadCoreItr
                0x080023fe        0xa STM32_USB_OTG_Driver\usb_core.o
                0x080023fe                USB_OTG_ReadCoreItr
 .text.USB_OTG_IsEvenFrame
                0x08002408        0xe STM32_USB_OTG_Driver\usb_core.o
                0x08002408                USB_OTG_IsEvenFrame
 *fill*         0x08002416        0x2 00
 .text.USB_OTG_EnableHostInt
                0x08002418       0x3c STM32_USB_OTG_Driver\usb_core.o
                0x08002418                USB_OTG_EnableHostInt
 .text.USB_OTG_InitFSLSPClkSel
                0x08002454        0xc STM32_USB_OTG_Driver\usb_core.o
                0x08002454                USB_OTG_InitFSLSPClkSel
 .text.USB_OTG_ReadHPRT0
                0x08002460        0xc STM32_USB_OTG_Driver\usb_core.o
                0x08002460                USB_OTG_ReadHPRT0
 .text.USB_OTG_DriveVbus
                0x0800246c       0x4c STM32_USB_OTG_Driver\usb_core.o
                0x0800246c                USB_OTG_DriveVbus
 .text.USB_OTG_CoreInitHost
                0x080024b8       0x86 STM32_USB_OTG_Driver\usb_core.o
                0x080024b8                USB_OTG_CoreInitHost
 .text.USB_OTG_ReadHostAllChannels_intr
                0x0800253e        0x6 STM32_USB_OTG_Driver\usb_core.o
                0x0800253e                USB_OTG_ReadHostAllChannels_intr
 .text.USB_OTG_ResetPort
                0x08002544       0x2c STM32_USB_OTG_Driver\usb_core.o
                0x08002544                USB_OTG_ResetPort
 .text.USB_OTG_HC_Init
                0x08002570       0xec STM32_USB_OTG_Driver\usb_core.o
                0x08002570                USB_OTG_HC_Init
 .text.USB_OTG_HC_StartXfer
                0x0800265c      0x116 STM32_USB_OTG_Driver\usb_core.o
                0x0800265c                USB_OTG_HC_StartXfer
 .text.USB_OTG_HC_Halt
                0x08002772       0x3e STM32_USB_OTG_Driver\usb_core.o
                0x08002772                USB_OTG_HC_Halt
 .text.USB_OTG_HC_DoPing
                0x080027b0       0x28 STM32_USB_OTG_Driver\usb_core.o
                0x080027b0                USB_OTG_HC_DoPing
 .text.USBH_GetNextDesc
                0x080027d8        0xe STM32_USB_HOST_Library\Core\usbh_stdreq.o
 .text.USBH_GetDescriptor
                0x080027e6       0x34 STM32_USB_HOST_Library\Core\usbh_stdreq.o
                0x080027e6                USBH_GetDescriptor
 .text.USBH_Get_StringDesc
                0x0800281a       0x50 STM32_USB_HOST_Library\Core\usbh_stdreq.o
                0x0800281a                USBH_Get_StringDesc
 .text.USBH_Get_CfgDesc
                0x0800286a      0x140 STM32_USB_HOST_Library\Core\usbh_stdreq.o
                0x0800286a                USBH_Get_CfgDesc
 .text.USBH_Get_DevDesc
                0x080029aa       0xac STM32_USB_HOST_Library\Core\usbh_stdreq.o
                0x080029aa                USBH_Get_DevDesc
 .text.USBH_SetAddress
                0x08002a56       0x1c STM32_USB_HOST_Library\Core\usbh_stdreq.o
                0x08002a56                USBH_SetAddress
 .text.USBH_SetCfg
                0x08002a72       0x1c STM32_USB_HOST_Library\Core\usbh_stdreq.o
                0x08002a72                USBH_SetCfg
 .text.USBH_ClrFeature
                0x08002a8e       0x36 STM32_USB_HOST_Library\Core\usbh_stdreq.o
                0x08002a8e                USBH_ClrFeature
 .text.USBH_CtlReq
                0x08002ac4       0x54 STM32_USB_HOST_Library\Core\usbh_ioreq.o
                0x08002ac4                USBH_CtlReq
 .text.USBH_CtlSendSetup
                0x08002b18       0x2e STM32_USB_HOST_Library\Core\usbh_ioreq.o
                0x08002b18                USBH_CtlSendSetup
 .text.USBH_CtlSendData
                0x08002b46       0x54 STM32_USB_HOST_Library\Core\usbh_ioreq.o
                0x08002b46                USBH_CtlSendData
 .text.USBH_CtlReceiveData
                0x08002b9a       0x2c STM32_USB_HOST_Library\Core\usbh_ioreq.o
                0x08002b9a                USBH_CtlReceiveData
 .text.USBH_BulkSendData
                0x08002bc6       0x38 STM32_USB_HOST_Library\Core\usbh_ioreq.o
                0x08002bc6                USBH_BulkSendData
 .text.USBH_BulkReceiveData
                0x08002bfe       0x38 STM32_USB_HOST_Library\Core\usbh_ioreq.o
                0x08002bfe                USBH_BulkReceiveData
 .text.USBH_Open_Channel
                0x08002c36       0x54 STM32_USB_HOST_Library\Core\usbh_hcs.o
                0x08002c36                USBH_Open_Channel
 .text.USBH_Modify_Channel
                0x08002c8a       0x3a STM32_USB_HOST_Library\Core\usbh_hcs.o
                0x08002c8a                USBH_Modify_Channel
 .text.USBH_Alloc_Channel
                0x08002cc4       0x32 STM32_USB_HOST_Library\Core\usbh_hcs.o
                0x08002cc4                USBH_Alloc_Channel
 .text.USBH_Free_Channel
                0x08002cf6       0x18 STM32_USB_HOST_Library\Core\usbh_hcs.o
                0x08002cf6                USBH_Free_Channel
 .text.USBH_DeAllocate_AllChannel
                0x08002d0e       0x1e STM32_USB_HOST_Library\Core\usbh_hcs.o
                0x08002d0e                USBH_DeAllocate_AllChannel
 .text.USBH_Connect
                0x08002d2c       0x12 STM32_USB_HOST_Library\Core\usbh_core.o
                0x08002d2c                USBH_Connect
 .text.USBH_Disconnect
                0x08002d3e       0x12 STM32_USB_HOST_Library\Core\usbh_core.o
                0x08002d3e                USBH_Disconnect
 .text.USBH_DeInit
                0x08002d50       0x32 STM32_USB_HOST_Library\Core\usbh_core.o
                0x08002d50                USBH_DeInit
 *fill*         0x08002d82        0x2 00
 .text.USBH_Init
                0x08002d84       0x54 STM32_USB_HOST_Library\Core\usbh_core.o
                0x08002d84                USBH_Init
 .text.USBH_ErrorHandle
                0x08002dd8       0x2c STM32_USB_HOST_Library\Core\usbh_core.o
                0x08002dd8                USBH_ErrorHandle
 .text.USBH_HandleControl
                0x08002e04      0x1c8 STM32_USB_HOST_Library\Core\usbh_core.o
                0x08002e04                USBH_HandleControl
 .text.USBH_Process
                0x08002fcc      0x320 STM32_USB_HOST_Library\Core\usbh_core.o
                0x08002fcc                USBH_Process
 .text.USBH_MSC_TestUnitReady
                0x080032ec       0x84 STM32_USB_HOST_Library\Class\MSC\usbh_msc_scsi.o
                0x080032ec                USBH_MSC_TestUnitReady
 .text.USBH_MSC_ReadCapacity10
                0x08003370       0xa8 STM32_USB_HOST_Library\Class\MSC\usbh_msc_scsi.o
                0x08003370                USBH_MSC_ReadCapacity10
 .text.USBH_MSC_ModeSense6
                0x08003418       0xa8 STM32_USB_HOST_Library\Class\MSC\usbh_msc_scsi.o
                0x08003418                USBH_MSC_ModeSense6
 .text.USBH_MSC_RequestSense
                0x080034c0       0xa4 STM32_USB_HOST_Library\Class\MSC\usbh_msc_scsi.o
                0x080034c0                USBH_MSC_RequestSense
 .text.USBH_MSC_Write10
                0x08003564       0xa0 STM32_USB_HOST_Library\Class\MSC\usbh_msc_scsi.o
                0x08003564                USBH_MSC_Write10
 .text.USBH_MSC_Read10
                0x08003604       0xdc STM32_USB_HOST_Library\Class\MSC\usbh_msc_scsi.o
                0x08003604                USBH_MSC_Read10
 .text.disk_initialize
                0x080036e0       0x20 STM32_USB_HOST_Library\Class\MSC\usbh_msc_fatfs.o
                0x080036e0                disk_initialize
 .text.disk_status
                0x08003700       0x10 STM32_USB_HOST_Library\Class\MSC\usbh_msc_fatfs.o
                0x08003700                disk_status
 .text.disk_read
                0x08003710       0x64 STM32_USB_HOST_Library\Class\MSC\usbh_msc_fatfs.o
                0x08003710                disk_read
 .text.disk_write
                0x08003774       0x70 STM32_USB_HOST_Library\Class\MSC\usbh_msc_fatfs.o
                0x08003774                disk_write
 .text.disk_ioctl
                0x080037e4       0x48 STM32_USB_HOST_Library\Class\MSC\usbh_msc_fatfs.o
                0x080037e4                disk_ioctl
 .text.USBH_MSC_ClassRequest
                0x0800382c        0xc STM32_USB_HOST_Library\Class\MSC\usbh_msc_core.o
 .text.USBH_MSC_InterfaceDeInit
                0x08003838       0x38 STM32_USB_HOST_Library\Class\MSC\usbh_msc_core.o
 .text.USBH_MSC_InterfaceInit
                0x08003870       0xa4 STM32_USB_HOST_Library\Class\MSC\usbh_msc_core.o
 .text.USBH_MSC_ErrorHandle
                0x08003914       0x38 STM32_USB_HOST_Library\Class\MSC\usbh_msc_core.o
                0x08003914                USBH_MSC_ErrorHandle
 .text.USBH_MSC_Handle
                0x0800394c      0x158 STM32_USB_HOST_Library\Class\MSC\usbh_msc_core.o
 .text.USBH_MSC_Init
                0x08003aa4       0x40 STM32_USB_HOST_Library\Class\MSC\usbh_msc_bot.o
                0x08003aa4                USBH_MSC_Init
 .text.USBH_MSC_BOT_Abort
                0x08003ae4       0x38 STM32_USB_HOST_Library\Class\MSC\usbh_msc_bot.o
                0x08003ae4                USBH_MSC_BOT_Abort
 .text.USBH_MSC_DecodeCSW
                0x08003b1c       0x60 STM32_USB_HOST_Library\Class\MSC\usbh_msc_bot.o
                0x08003b1c                USBH_MSC_DecodeCSW
 .text.USBH_MSC_HandleBOTXfer
                0x08003b7c      0x268 STM32_USB_HOST_Library\Class\MSC\usbh_msc_bot.o
                0x08003b7c                USBH_MSC_HandleBOTXfer
 .text.TIM_TimeBaseInit
                0x08003de4       0x8c STM32F4xx_StdPeriph_Driver\stm32f4xx_tim.o
                0x08003de4                TIM_TimeBaseInit
 .text.TIM_ARRPreloadConfig
                0x08003e70       0x1a STM32F4xx_StdPeriph_Driver\stm32f4xx_tim.o
                0x08003e70                TIM_ARRPreloadConfig
 .text.TIM_Cmd  0x08003e8a       0x1a STM32F4xx_StdPeriph_Driver\stm32f4xx_tim.o
                0x08003e8a                TIM_Cmd
 .text.TIM_ITConfig
                0x08003ea4       0x16 STM32F4xx_StdPeriph_Driver\stm32f4xx_tim.o
                0x08003ea4                TIM_ITConfig
 .text.TIM_GetITStatus
                0x08003eba       0x16 STM32F4xx_StdPeriph_Driver\stm32f4xx_tim.o
                0x08003eba                TIM_GetITStatus
 .text.TIM_ClearITPendingBit
                0x08003ed0        0x8 STM32F4xx_StdPeriph_Driver\stm32f4xx_tim.o
                0x08003ed0                TIM_ClearITPendingBit
 .text.SYSCFG_EXTILineConfig
                0x08003ed8       0x34 STM32F4xx_StdPeriph_Driver\stm32f4xx_syscfg.o
                0x08003ed8                SYSCFG_EXTILineConfig
 .text.RCC_AHB1PeriphClockCmd
                0x08003f0c       0x18 STM32F4xx_StdPeriph_Driver\stm32f4xx_rcc.o
                0x08003f0c                RCC_AHB1PeriphClockCmd
 .text.RCC_AHB2PeriphClockCmd
                0x08003f24       0x18 STM32F4xx_StdPeriph_Driver\stm32f4xx_rcc.o
                0x08003f24                RCC_AHB2PeriphClockCmd
 .text.RCC_APB1PeriphClockCmd
                0x08003f3c       0x18 STM32F4xx_StdPeriph_Driver\stm32f4xx_rcc.o
                0x08003f3c                RCC_APB1PeriphClockCmd
 .text.RCC_APB2PeriphClockCmd
                0x08003f54       0x18 STM32F4xx_StdPeriph_Driver\stm32f4xx_rcc.o
                0x08003f54                RCC_APB2PeriphClockCmd
 .text.GPIO_Init
                0x08003f6c       0x86 STM32F4xx_StdPeriph_Driver\stm32f4xx_gpio.o
                0x08003f6c                GPIO_Init
 .text.GPIO_ReadInputDataBit
                0x08003ff2        0xc STM32F4xx_StdPeriph_Driver\stm32f4xx_gpio.o
                0x08003ff2                GPIO_ReadInputDataBit
 .text.GPIO_SetBits
                0x08003ffe        0x4 STM32F4xx_StdPeriph_Driver\stm32f4xx_gpio.o
                0x08003ffe                GPIO_SetBits
 .text.GPIO_ResetBits
                0x08004002        0x4 STM32F4xx_StdPeriph_Driver\stm32f4xx_gpio.o
                0x08004002                GPIO_ResetBits
 .text.GPIO_PinAFConfig
                0x08004006       0x2e STM32F4xx_StdPeriph_Driver\stm32f4xx_gpio.o
                0x08004006                GPIO_PinAFConfig
 .text.FLASH_Unlock
                0x08004034       0x20 STM32F4xx_StdPeriph_Driver\stm32f4xx_flash.o
                0x08004034                FLASH_Unlock
 .text.FLASH_OB_GetRDP
                0x08004054       0x10 STM32F4xx_StdPeriph_Driver\stm32f4xx_flash.o
                0x08004054                FLASH_OB_GetRDP
 .text.FLASH_GetStatus
                0x08004064       0x3c STM32F4xx_StdPeriph_Driver\stm32f4xx_flash.o
                0x08004064                FLASH_GetStatus
 .text.FLASH_WaitForLastOperation
                0x080040a0       0x1e STM32F4xx_StdPeriph_Driver\stm32f4xx_flash.o
                0x080040a0                FLASH_WaitForLastOperation
 *fill*         0x080040be        0x2 00
 .text.FLASH_ProgramWord
                0x080040c0       0x3c STM32F4xx_StdPeriph_Driver\stm32f4xx_flash.o
                0x080040c0                FLASH_ProgramWord
 .text.FLASH_EraseSector
                0x080040fc       0x70 STM32F4xx_StdPeriph_Driver\stm32f4xx_flash.o
                0x080040fc                FLASH_EraseSector
 .text.EXTI_Init
                0x0800416c       0x7c STM32F4xx_StdPeriph_Driver\stm32f4xx_exti.o
                0x0800416c                EXTI_Init
 .text.EXTI_GetITStatus
                0x080041e8       0x1c STM32F4xx_StdPeriph_Driver\stm32f4xx_exti.o
                0x080041e8                EXTI_GetITStatus
 .text.EXTI_ClearITPendingBit
                0x08004204        0xc STM32F4xx_StdPeriph_Driver\stm32f4xx_exti.o
                0x08004204                EXTI_ClearITPendingBit
 .text.NVIC_PriorityGroupConfig
                0x08004210       0x14 STM32F4xx_StdPeriph_Driver\misc.o
                0x08004210                NVIC_PriorityGroupConfig
 .text.NVIC_Init
                0x08004224       0x68 STM32F4xx_StdPeriph_Driver\misc.o
                0x08004224                NVIC_Init
 .text.NVIC_SetVectorTable
                0x0800428c       0x14 STM32F4xx_StdPeriph_Driver\misc.o
                0x0800428c                NVIC_SetVectorTable
 .text.STM_EVAL_LEDInit
                0x080042a0       0x48 STM32F4-Discovery\stm32f4_discovery.o
                0x080042a0                STM_EVAL_LEDInit
 .text.STM_EVAL_LEDOn
                0x080042e8       0x18 STM32F4-Discovery\stm32f4_discovery.o
                0x080042e8                STM_EVAL_LEDOn
 .text.STM_EVAL_LEDOff
                0x08004300       0x18 STM32F4-Discovery\stm32f4_discovery.o
                0x08004300                STM_EVAL_LEDOff
 .text.STM_EVAL_LEDToggle
                0x08004318       0x20 STM32F4-Discovery\stm32f4_discovery.o
                0x08004318                STM_EVAL_LEDToggle
 .text.STM_EVAL_PBInit
                0x08004338       0xa8 STM32F4-Discovery\stm32f4_discovery.o
                0x08004338                STM_EVAL_PBInit
 .text.STM_EVAL_PBGetState
                0x080043e0       0x20 STM32F4-Discovery\stm32f4_discovery.o
                0x080043e0                STM_EVAL_PBGetState
 .text.mem_cpy  0x08004400       0x10 FAT_FS\ff.o
 .text.mem_set  0x08004410        0xc FAT_FS\ff.o
 .text.move_window
                0x0800441c       0x7c FAT_FS\ff.o
 .text.sync     0x08004498       0xb2 FAT_FS\ff.o
 *fill*         0x0800454a        0x2 00
 .text.check_fs
                0x0800454c       0x88 FAT_FS\ff.o
 .text.validate
                0x080045d4       0x26 FAT_FS\ff.o
 .text.get_fat  0x080045fa       0xfe FAT_FS\ff.o
                0x080045fa                get_fat
 .text.put_fat  0x080046f8      0x118 FAT_FS\ff.o
                0x080046f8                put_fat
 .text.create_chain
                0x08004810       0xa2 FAT_FS\ff.o
 .text.remove_chain
                0x080048b2       0x5a FAT_FS\ff.o
 .text.clust2sect
                0x0800490c       0x18 FAT_FS\ff.o
                0x0800490c                clust2sect
 .text.dir_seek
                0x08004924       0xa6 FAT_FS\ff.o
 .text.dir_remove
                0x080049ca       0x24 FAT_FS\ff.o
 .text.dir_next
                0x080049ee      0x11c FAT_FS\ff.o
 *fill*         0x08004b0a        0x2 00
 .text.follow_path
                0x08004b0c      0x198 FAT_FS\ff.o
 .text.dir_register
                0x08004ca4       0x68 FAT_FS\ff.o
 .text.dir_read
                0x08004d0c       0x4a FAT_FS\ff.o
 *fill*         0x08004d56        0x2 00
 .text.chk_mounted
                0x08004d58      0x2e4 FAT_FS\ff.o
                0x08004d58                chk_mounted
 .text.f_mount  0x0800503c       0x20 FAT_FS\ff.o
                0x0800503c                f_mount
 .text.f_open   0x0800505c      0x15a FAT_FS\ff.o
                0x0800505c                f_open
 .text.f_read   0x080051b6      0x18c FAT_FS\ff.o
                0x080051b6                f_read
 .text.f_write  0x08005342      0x1bc FAT_FS\ff.o
                0x08005342                f_write
 .text.f_sync   0x080054fe       0xa4 FAT_FS\ff.o
                0x080054fe                f_sync
 .text.f_close  0x080055a2        0xe FAT_FS\ff.o
                0x080055a2                f_close
 .text.f_unlink
                0x080055b0       0xa0 FAT_FS\ff.o
                0x080055b0                f_unlink
 .text.get_fattime
                0x08005650        0x4 FAT_FS\fattime.o
                0x08005650                get_fattime
 .text.__libc_init_array
                0x08005654       0x48 c:/program files/atollic/truestudio for stmicroelectronics stm32 lite 2.2.0/armtools/bin/../lib/gcc/arm-atollic-eabi/4.5.1/../../../../arm-atollic-eabi/lib/thumb/thumb2\libc.a(lib_a-init.o)
                0x08005654                __libc_init_array
 *(.rodata)
 *(.rodata*)
 .rodata.str1.1
                0x0800569c       0x19 User\command.o
 .rodata.str1.1
                0x080056b5        0x4 STM32_USB_HOST_Library\Core\usbh_core.o
 *fill*         0x080056b9        0x3 00
 .rodata.BUTTON_CLK
                0x080056bc        0x4 STM32F4-Discovery\stm32f4_discovery.o
                0x080056bc                BUTTON_CLK
 .rodata.BUTTON_PIN
                0x080056c0        0x2 STM32F4-Discovery\stm32f4_discovery.o
                0x080056c0                BUTTON_PIN
 *fill*         0x080056c2        0x2 00
 .rodata.GPIO_CLK
                0x080056c4       0x10 STM32F4-Discovery\stm32f4_discovery.o
                0x080056c4                GPIO_CLK
 .rodata.GPIO_PIN
                0x080056d4        0x8 STM32F4-Discovery\stm32f4_discovery.o
                0x080056d4                GPIO_PIN
 .rodata.BUTTON_PORT_SOURCE
                0x080056dc        0x1 STM32F4-Discovery\stm32f4_discovery.o
                0x080056dc                BUTTON_PORT_SOURCE
 .rodata.BUTTON_PIN_SOURCE
                0x080056dd        0x1 STM32F4-Discovery\stm32f4_discovery.o
                0x080056dd                BUTTON_PIN_SOURCE
 .rodata.BUTTON_IRQn
                0x080056de        0x1 STM32F4-Discovery\stm32f4_discovery.o
                0x080056de                BUTTON_IRQn
 *fill*         0x080056df        0x1 00
 .rodata.BUTTON_EXTI_LINE
                0x080056e0        0x2 STM32F4-Discovery\stm32f4_discovery.o
                0x080056e0                BUTTON_EXTI_LINE
 .rodata.cvt.6243
                0x080056e2       0x80 FAT_FS\ff.o
 .rodata.str1.1
                0x08005762       0x33 FAT_FS\ff.o
 *(.glue_7)
 .glue_7        0x00000000        0x0 linker stubs
 *(.glue_7t)
 .glue_7t       0x00000000        0x0 linker stubs
 *(.eh_frame)
 *(.init)
 *fill*         0x08005795        0x3 00
 .init          0x08005798        0x4 c:/program files/atollic/truestudio for stmicroelectronics stm32 lite 2.2.0/armtools/bin/../lib/gcc/arm-atollic-eabi/4.5.1/thumb/thumb2/crti.o
                0x08005798                _init
 .init          0x0800579c        0x8 c:/program files/atollic/truestudio for stmicroelectronics stm32 lite 2.2.0/armtools/bin/../lib/gcc/arm-atollic-eabi/4.5.1/thumb/thumb2/crtn.o
 *(.fini)
 .fini          0x080057a4        0x4 c:/program files/atollic/truestudio for stmicroelectronics stm32 lite 2.2.0/armtools/bin/../lib/gcc/arm-atollic-eabi/4.5.1/thumb/thumb2/crti.o
                0x080057a4                _fini
 .fini          0x080057a8        0x8 c:/program files/atollic/truestudio for stmicroelectronics stm32 lite 2.2.0/armtools/bin/../lib/gcc/arm-atollic-eabi/4.5.1/thumb/thumb2/crtn.o
                0x080057b0                . = ALIGN (0x4)
                0x080057b0                _etext = .

.vfp11_veneer   0x080057b0        0x0
 .vfp11_veneer  0x00000000        0x0 linker stubs

.v4_bx          0x080057b0        0x0
 .v4_bx         0x00000000        0x0 linker stubs

.ARM.extab
 *(.ARM.extab* .gnu.linkonce.armextab.*)

.ARM            0x080057b0        0x0
                0x080057b0                __exidx_start = .
 *(.ARM.exidx*)
                0x080057b0                __exidx_end = .

.preinit_array  0x080057b0        0x0
                0x080057b0                PROVIDE (__preinit_array_start, .)
 *(.preinit_array*)
                0x080057b0                PROVIDE (__preinit_array_end, .)

.init_array     0x080057b0        0x4
                0x080057b0                PROVIDE (__init_array_start, .)
 *(SORT(.init_array.*))
 *(.init_array*)
 .init_array    0x080057b0        0x4 c:/program files/atollic/truestudio for stmicroelectronics stm32 lite 2.2.0/armtools/bin/../lib/gcc/arm-atollic-eabi/4.5.1/thumb/thumb2/crtbegin.o
                0x080057b4                PROVIDE (__init_array_end, .)

.fini_array     0x080057b4        0x4
                0x080057b4                PROVIDE (__fini_array_start, .)
 *(.fini_array*)
 .fini_array    0x080057b4        0x4 c:/program files/atollic/truestudio for stmicroelectronics stm32 lite 2.2.0/armtools/bin/../lib/gcc/arm-atollic-eabi/4.5.1/thumb/thumb2/crtbegin.o
 *(SORT(.fini_array.*))
                0x080057b8                PROVIDE (__fini_array_end, .)
                0x080057b8                _sidata = .

.data           0x20000000       0x84 load address 0x080057b8
                0x20000000                . = ALIGN (0x4)
                0x20000000                _sdata = .
 *(.data)
 *(.data*)
 .data.USR_Callbacks
                0x20000000       0x48 User\usbh_usr.o
                0x20000000                USR_Callbacks
 .data.SystemCoreClock
                0x20000048        0x4 User\system_stm32f4xx.o
                0x20000048                SystemCoreClock
 .data.LastPGAddress
                0x2000004c        0x4 User\command.o
 .data.USBH_DeviceConnStatus_cb
                0x20000050        0xc STM32_USB_HOST_Library\Core\usbh_core.o
                0x20000050                USBH_DeviceConnStatus_cb
 .data.status.5969
                0x2000005c        0x1 STM32_USB_HOST_Library\Class\MSC\usbh_msc_scsi.o
 .data.Stat     0x2000005d        0x1 STM32_USB_HOST_Library\Class\MSC\usbh_msc_fatfs.o
 *fill*         0x2000005e        0x2 00
 .data.USBH_MSC_cb
                0x20000060       0x10 STM32_USB_HOST_Library\Class\MSC\usbh_msc_core.o
                0x20000060                USBH_MSC_cb
 .data.GPIO_PORT
                0x20000070       0x10 STM32F4-Discovery\stm32f4_discovery.o
                0x20000070                GPIO_PORT
 .data.BUTTON_PORT
                0x20000080        0x4 STM32F4-Discovery\stm32f4_discovery.o
                0x20000080                BUTTON_PORT
                0x20000084                . = ALIGN (0x4)
                0x20000084                _edata = .

.jcr            0x20000084        0x0 load address 0x0800583c
 .jcr           0x20000084        0x0 c:/program files/atollic/truestudio for stmicroelectronics stm32 lite 2.2.0/armtools/bin/../lib/gcc/arm-atollic-eabi/4.5.1/thumb/thumb2/crtbegin.o
                0x20000084                . = ALIGN (0x4)

.bss            0x20000084     0x96c8 load address 0x0800583c
                0x20000084                _sbss = .
                0x20000084                __bss_start__ = _sbss
 *(.bss)
 .bss           0x20000084        0x1 c:/program files/atollic/truestudio for stmicroelectronics stm32 lite 2.2.0/armtools/bin/../lib/gcc/arm-atollic-eabi/4.5.1/thumb/thumb2/crtbegin.o
 *(.bss*)
 .bss.startup.7039
                0x20000085        0x1 User\usbh_usr.o
 .bss.USBH_USR_ApplicationState
                0x20000086        0x1 User\usbh_usr.o
 *fill*         0x20000087        0x1 00
 .bss.UploadCondition
                0x20000088        0x4 User\usbh_usr.o
                0x20000088                UploadCondition
 .bss.BSP_delay
                0x2000008c        0x4 User\usb_bsp.o
                0x2000008c                BSP_delay
 .bss.Counter   0x20000090        0x1 User\stm32f4xx_it.o
                0x20000090                Counter
 .bss.RAM_Buf   0x20000091     0x8000 User\command.o
 *fill*         0x20008091        0x3 00
 .bss.TmpReadSize
                0x20008094        0x4 User\command.o
 .bss.TmpProgramCounter
                0x20008098        0x4 User\command.o
 .bss.RamAddress
                0x2000809c        0x4 User\command.o
 .bss.timeout.5855
                0x200080a0        0x2 STM32_USB_HOST_Library\Core\usbh_core.o
 .bss.maxLunExceed.5941
                0x200080a2        0x1 STM32_USB_HOST_Library\Class\MSC\usbh_msc_core.o
 .bss.MSCErrorCount
                0x200080a3        0x1 STM32_USB_HOST_Library\Class\MSC\usbh_msc_core.o
                0x200080a3                MSCErrorCount
 .bss.datapointer.5917
                0x200080a4        0x4 STM32_USB_HOST_Library\Class\MSC\usbh_msc_bot.o
 .bss.remainingDataLength.5916
                0x200080a8        0x4 STM32_USB_HOST_Library\Class\MSC\usbh_msc_bot.o
 .bss.error_direction.5918
                0x200080ac        0x1 STM32_USB_HOST_Library\Class\MSC\usbh_msc_bot.o
 *fill*         0x200080ad        0x3 00
 .bss.BOTStallErrorCount
                0x200080b0        0x4 STM32_USB_HOST_Library\Class\MSC\usbh_msc_bot.o
 .bss.Fsid      0x200080b4        0x2 FAT_FS\ff.o
 *fill*         0x200080b6        0x2 00
 .bss.FatFs     0x200080b8        0x4 FAT_FS\ff.o
 *(COMMON)
 COMMON         0x200080bc      0xcb0 User\usbh_usr.o
                0x200080bc                fileR
                0x200084e0                fno
                0x200084f8                TimingDelay
                0x200084fc                file
                0x20008920                dir
                0x2000893c                fatfs
 COMMON         0x20008d6c      0x53c User\main.o
                0x20008d6c                JumpAddress
                0x20008d70                Jump_To_Application
                0x20008d74                USB_OTG_Core
                0x20009224                USB_Host
 COMMON         0x200092a8      0x410 STM32_USB_HOST_Library\Class\MSC\usbh_msc_scsi.o
                0x200092a8                USBH_DataInBuffer
                0x200094a8                USBH_MSC_Param
                0x200094b8                USBH_DataOutBuffer
 COMMON         0x200096b8       0x52 STM32_USB_HOST_Library\Class\MSC\usbh_msc_core.o
                0x200096b8                MSC_Machine
                0x20009702                MSC_Setup
 *fill*         0x2000970a        0x2 00
 COMMON         0x2000970c       0x40 STM32_USB_HOST_Library\Class\MSC\usbh_msc_bot.o
                0x2000970c                USBH_MSC_CSWData
                0x2000971c                USBH_MSC_BOTXferParam
                0x2000972c                USBH_MSC_CBWData
                0x2000974c                . = ALIGN (0x4)
                0x2000974c                _ebss = .
                0x2000974c                __bss_end__ = _ebss

._user_heap_stack
                0x2000974c      0x400 load address 0x0800ef04
                0x2000974c                . = ALIGN (0x4)
                0x2000974c                PROVIDE (end, .)
                0x2000974c                PROVIDE (_end, .)
                0x2000974c                . = (. + _Min_Heap_Size)
                0x20009b4c                . = (. + _Min_Stack_Size)
 *fill*         0x2000974c      0x400 00
                0x20009b4c                . = ALIGN (0x4)

.memory_b1_text
 *(.mb1text)
 *(.mb1text*)
 *(.mb1rodata)
 *(.mb1rodata*)

/DISCARD/
 libc.a(*)
 libm.a(*)
 libgcc.a(*)

.ARM.attributes
                0x00000000       0x2d
 *(.ARM.attributes)
 .ARM.attributes
                0x00000000       0x19 c:/program files/atollic/truestudio for stmicroelectronics stm32 lite 2.2.0/armtools/bin/../lib/gcc/arm-atollic-eabi/4.5.1/thumb/thumb2/crti.o
 .ARM.attributes
                0x00000019       0x29 c:/program files/atollic/truestudio for stmicroelectronics stm32 lite 2.2.0/armtools/bin/../lib/gcc/arm-atollic-eabi/4.5.1/thumb/thumb2/crtbegin.o
 .ARM.attributes
                0x00000042       0x31 User\usbh_usr.o
 .ARM.attributes
                0x00000073       0x31 User\usb_bsp.o
 .ARM.attributes
                0x000000a4       0x31 User\system_stm32f4xx.o
 .ARM.attributes
                0x000000d5       0x31 User\stm32f4xx_it.o
 .ARM.attributes
                0x00000106       0x31 User\main.o
 .ARM.attributes
                0x00000137       0x31 User\flash_if.o
 .ARM.attributes
                0x00000168       0x31 User\command.o
 .ARM.attributes
                0x00000199       0x21 TrueSTUDIO\startup_stm32f4xx.o
 .ARM.attributes
                0x000001ba       0x31 STM32_USB_OTG_Driver\usb_hcd_int.o
 .ARM.attributes
                0x000001eb       0x31 STM32_USB_OTG_Driver\usb_hcd.o
 .ARM.attributes
                0x0000021c       0x31 STM32_USB_OTG_Driver\usb_core.o
 .ARM.attributes
                0x0000024d       0x31 STM32_USB_HOST_Library\Core\usbh_stdreq.o
 .ARM.attributes
                0x0000027e       0x31 STM32_USB_HOST_Library\Core\usbh_ioreq.o
 .ARM.attributes
                0x000002af       0x31 STM32_USB_HOST_Library\Core\usbh_hcs.o
 .ARM.attributes
                0x000002e0       0x31 STM32_USB_HOST_Library\Core\usbh_core.o
 .ARM.attributes
                0x00000311       0x31 STM32_USB_HOST_Library\Class\MSC\usbh_msc_scsi.o
 .ARM.attributes
                0x00000342       0x31 STM32_USB_HOST_Library\Class\MSC\usbh_msc_fatfs.o
 .ARM.attributes
                0x00000373       0x31 STM32_USB_HOST_Library\Class\MSC\usbh_msc_core.o
 .ARM.attributes
                0x000003a4       0x31 STM32_USB_HOST_Library\Class\MSC\usbh_msc_bot.o
 .ARM.attributes
                0x000003d5       0x31 STM32F4xx_StdPeriph_Driver\stm32f4xx_tim.o
 .ARM.attributes
                0x00000406       0x31 STM32F4xx_StdPeriph_Driver\stm32f4xx_syscfg.o
 .ARM.attributes
                0x00000437       0x31 STM32F4xx_StdPeriph_Driver\stm32f4xx_spi.o
 .ARM.attributes
                0x00000468       0x31 STM32F4xx_StdPeriph_Driver\stm32f4xx_rcc.o
 .ARM.attributes
                0x00000499       0x31 STM32F4xx_StdPeriph_Driver\stm32f4xx_i2c.o
 .ARM.attributes
                0x000004ca       0x31 STM32F4xx_StdPeriph_Driver\stm32f4xx_gpio.o
 .ARM.attributes
                0x000004fb       0x31 STM32F4xx_StdPeriph_Driver\stm32f4xx_flash.o
 .ARM.attributes
                0x0000052c       0x31 STM32F4xx_StdPeriph_Driver\stm32f4xx_exti.o
 .ARM.attributes
                0x0000055d       0x31 STM32F4xx_StdPeriph_Driver\stm32f4xx_dma.o
 .ARM.attributes
                0x0000058e       0x31 STM32F4xx_StdPeriph_Driver\stm32f4xx_dac.o
 .ARM.attributes
                0x000005bf       0x31 STM32F4xx_StdPeriph_Driver\stm32f4xx_adc.o
 .ARM.attributes
                0x000005f0       0x31 STM32F4xx_StdPeriph_Driver\misc.o
 .ARM.attributes
                0x00000621       0x31 STM32F4-Discovery\stm32f4_discovery.o
 .ARM.attributes
                0x00000652       0x31 FAT_FS\ff.o
 .ARM.attributes
                0x00000683       0x31 FAT_FS\fattime.o
 .ARM.attributes
                0x000006b4       0x29 c:/program files/atollic/truestudio for stmicroelectronics stm32 lite 2.2.0/armtools/bin/../lib/gcc/arm-atollic-eabi/4.5.1/../../../../arm-atollic-eabi/lib/thumb/thumb2\libc.a(lib_a-init.o)
 .ARM.attributes
                0x000006dd       0x29 c:/program files/atollic/truestudio for stmicroelectronics stm32 lite 2.2.0/armtools/bin/../lib/gcc/arm-atollic-eabi/4.5.1/thumb/thumb2/crtend.o
 .ARM.attributes
                0x00000706       0x19 c:/program files/atollic/truestudio for stmicroelectronics stm32 lite 2.2.0/armtools/bin/../lib/gcc/arm-atollic-eabi/4.5.1/thumb/thumb2/crtn.o
OUTPUT(STM32F4-Discovery.elf elf32-littlearm)

.debug_line     0x00000000     0x84fe
 .debug_line    0x00000000       0x6d c:/program files/atollic/truestudio for stmicroelectronics stm32 lite 2.2.0/armtools/bin/../lib/gcc/arm-atollic-eabi/4.5.1/thumb/thumb2/crti.o
 .debug_line    0x0000006d      0x535 User\usbh_usr.o
 .debug_line    0x000005a2      0x376 User\usb_bsp.o
 .debug_line    0x00000918      0x1d2 User\system_stm32f4xx.o
 .debug_line    0x00000aea      0x380 User\stm32f4xx_it.o
 .debug_line    0x00000e6a      0x30c User\main.o
 .debug_line    0x00001176      0x27a User\flash_if.o
 .debug_line    0x000013f0      0x35b User\command.o
 .debug_line    0x0000174b       0xb1 TrueSTUDIO\startup_stm32f4xx.o
 .debug_line    0x000017fc      0x413 STM32_USB_OTG_Driver\usb_hcd_int.o
 .debug_line    0x00001c0f      0x27c STM32_USB_OTG_Driver\usb_hcd.o
 .debug_line    0x00001e8b      0x5ea STM32_USB_OTG_Driver\usb_core.o
 .debug_line    0x00002475      0x382 STM32_USB_HOST_Library\Core\usbh_stdreq.o
 .debug_line    0x000027f7      0x2d3 STM32_USB_HOST_Library\Core\usbh_ioreq.o
 .debug_line    0x00002aca      0x26f STM32_USB_HOST_Library\Core\usbh_hcs.o
 .debug_line    0x00002d39      0x398 STM32_USB_HOST_Library\Core\usbh_core.o
 .debug_line    0x000030d1      0x3a5 STM32_USB_HOST_Library\Class\MSC\usbh_msc_scsi.o
 .debug_line    0x00003476      0x331 STM32_USB_HOST_Library\Class\MSC\usbh_msc_fatfs.o
 .debug_line    0x000037a7      0x356 STM32_USB_HOST_Library\Class\MSC\usbh_msc_core.o
 .debug_line    0x00003afd      0x356 STM32_USB_HOST_Library\Class\MSC\usbh_msc_bot.o
 .debug_line    0x00003e53      0xab8 STM32F4xx_StdPeriph_Driver\stm32f4xx_tim.o
 .debug_line    0x0000490b      0x205 STM32F4xx_StdPeriph_Driver\stm32f4xx_syscfg.o
 .debug_line    0x00004b10      0x474 STM32F4xx_StdPeriph_Driver\stm32f4xx_spi.o
 .debug_line    0x00004f84      0x56a STM32F4xx_StdPeriph_Driver\stm32f4xx_rcc.o
 .debug_line    0x000054ee      0x4ec STM32F4xx_StdPeriph_Driver\stm32f4xx_i2c.o
 .debug_line    0x000059da      0x327 STM32F4xx_StdPeriph_Driver\stm32f4xx_gpio.o
 .debug_line    0x00005d01      0x461 STM32F4xx_StdPeriph_Driver\stm32f4xx_flash.o
 .debug_line    0x00006162      0x28e STM32F4xx_StdPeriph_Driver\stm32f4xx_exti.o
 .debug_line    0x000063f0      0x3bc STM32F4xx_StdPeriph_Driver\stm32f4xx_dma.o
 .debug_line    0x000067ac      0x340 STM32F4xx_StdPeriph_Driver\stm32f4xx_dac.o
 .debug_line    0x00006aec      0x559 STM32F4xx_StdPeriph_Driver\stm32f4xx_adc.o
 .debug_line    0x00007045      0x23d STM32F4xx_StdPeriph_Driver\misc.o
 .debug_line    0x00007282      0x2c9 STM32F4-Discovery\stm32f4_discovery.o
 .debug_line    0x0000754b      0xdbd FAT_FS\ff.o
 .debug_line    0x00008308      0x186 FAT_FS\fattime.o
 .debug_line    0x0000848e       0x70 c:/program files/atollic/truestudio for stmicroelectronics stm32 lite 2.2.0/armtools/bin/../lib/gcc/arm-atollic-eabi/4.5.1/thumb/thumb2/crtn.o

.debug_info     0x00000000    0x217c3
 .debug_info    0x00000000       0x7e c:/program files/atollic/truestudio for stmicroelectronics stm32 lite 2.2.0/armtools/bin/../lib/gcc/arm-atollic-eabi/4.5.1/thumb/thumb2/crti.o
 .debug_info    0x0000007e     0x1c37 User\usbh_usr.o
 .debug_info    0x00001cb5     0x13e7 User\usb_bsp.o
 .debug_info    0x0000309c      0x643 User\system_stm32f4xx.o
 .debug_info    0x000036df     0x15a0 User\stm32f4xx_it.o
 .debug_info    0x00004c7f     0x14f8 User\main.o
 .debug_info    0x00006177      0xbe2 User\flash_if.o
 .debug_info    0x00006d59     0x10e5 User\command.o
 .debug_info    0x00007e3e      0x106 TrueSTUDIO\startup_stm32f4xx.o
 .debug_info    0x00007f44     0x1f6c STM32_USB_OTG_Driver\usb_hcd_int.o
 .debug_info    0x00009eb0      0xdc2 STM32_USB_OTG_Driver\usb_hcd.o
 .debug_info    0x0000ac72     0x230c STM32_USB_OTG_Driver\usb_core.o
 .debug_info    0x0000cf7e     0x1972 STM32_USB_HOST_Library\Core\usbh_stdreq.o
 .debug_info    0x0000e8f0     0x16fa STM32_USB_HOST_Library\Core\usbh_ioreq.o
 .debug_info    0x0000ffea      0xc5a STM32_USB_HOST_Library\Core\usbh_hcs.o
 .debug_info    0x00010c44     0x1689 STM32_USB_HOST_Library\Core\usbh_core.o
 .debug_info    0x000122cd     0x100f STM32_USB_HOST_Library\Class\MSC\usbh_msc_scsi.o
 .debug_info    0x000132dc     0x168b STM32_USB_HOST_Library\Class\MSC\usbh_msc_fatfs.o
 .debug_info    0x00014967     0x180a STM32_USB_HOST_Library\Class\MSC\usbh_msc_core.o
 .debug_info    0x00016171     0x1892 STM32_USB_HOST_Library\Class\MSC\usbh_msc_bot.o
 .debug_info    0x00017a03     0x1e1d STM32F4xx_StdPeriph_Driver\stm32f4xx_tim.o
 .debug_info    0x00019820      0x279 STM32F4xx_StdPeriph_Driver\stm32f4xx_syscfg.o
 .debug_info    0x00019a99      0xbb5 STM32F4xx_StdPeriph_Driver\stm32f4xx_spi.o
 .debug_info    0x0001a64e      0xd05 STM32F4xx_StdPeriph_Driver\stm32f4xx_rcc.o
 .debug_info    0x0001b353      0xb6f STM32F4xx_StdPeriph_Driver\stm32f4xx_i2c.o
 .debug_info    0x0001bec2      0x62d STM32F4xx_StdPeriph_Driver\stm32f4xx_gpio.o
 .debug_info    0x0001c4ef      0x781 STM32F4xx_StdPeriph_Driver\stm32f4xx_flash.o
 .debug_info    0x0001cc70      0x370 STM32F4xx_StdPeriph_Driver\stm32f4xx_exti.o
 .debug_info    0x0001cfe0      0x78b STM32F4xx_StdPeriph_Driver\stm32f4xx_dma.o
 .debug_info    0x0001d76b      0x689 STM32F4xx_StdPeriph_Driver\stm32f4xx_dac.o
 .debug_info    0x0001ddf4      0xcce STM32F4xx_StdPeriph_Driver\stm32f4xx_adc.o
 .debug_info    0x0001eac2      0x596 STM32F4xx_StdPeriph_Driver\misc.o
 .debug_info    0x0001f058      0x967 STM32F4-Discovery\stm32f4_discovery.o
 .debug_info    0x0001f9bf     0x1cc0 FAT_FS\ff.o
 .debug_info    0x0002167f       0xc6 FAT_FS\fattime.o
 .debug_info    0x00021745       0x7e c:/program files/atollic/truestudio for stmicroelectronics stm32 lite 2.2.0/armtools/bin/../lib/gcc/arm-atollic-eabi/4.5.1/thumb/thumb2/crtn.o

.debug_abbrev   0x00000000     0x42ab
 .debug_abbrev  0x00000000       0x12 c:/program files/atollic/truestudio for stmicroelectronics stm32 lite 2.2.0/armtools/bin/../lib/gcc/arm-atollic-eabi/4.5.1/thumb/thumb2/crti.o
 .debug_abbrev  0x00000012      0x331 User\usbh_usr.o
 .debug_abbrev  0x00000343      0x2aa User\usb_bsp.o
 .debug_abbrev  0x000005ed      0x16e User\system_stm32f4xx.o
 .debug_abbrev  0x0000075b      0x1d3 User\stm32f4xx_it.o
 .debug_abbrev  0x0000092e      0x1e2 User\main.o
 .debug_abbrev  0x00000b10      0x20e User\flash_if.o
 .debug_abbrev  0x00000d1e      0x1ee User\command.o
 .debug_abbrev  0x00000f0c       0x12 TrueSTUDIO\startup_stm32f4xx.o
 .debug_abbrev  0x00000f1e      0x244 STM32_USB_OTG_Driver\usb_hcd_int.o
 .debug_abbrev  0x00001162      0x1aa STM32_USB_OTG_Driver\usb_hcd.o
 .debug_abbrev  0x0000130c      0x326 STM32_USB_OTG_Driver\usb_core.o
 .debug_abbrev  0x00001632      0x2f4 STM32_USB_HOST_Library\Core\usbh_stdreq.o
 .debug_abbrev  0x00001926      0x208 STM32_USB_HOST_Library\Core\usbh_ioreq.o
 .debug_abbrev  0x00001b2e      0x1f0 STM32_USB_HOST_Library\Core\usbh_hcs.o
 .debug_abbrev  0x00001d1e      0x2d3 STM32_USB_HOST_Library\Core\usbh_core.o
 .debug_abbrev  0x00001ff1      0x1d3 STM32_USB_HOST_Library\Class\MSC\usbh_msc_scsi.o
 .debug_abbrev  0x000021c4      0x215 STM32_USB_HOST_Library\Class\MSC\usbh_msc_fatfs.o
 .debug_abbrev  0x000023d9      0x2b6 STM32_USB_HOST_Library\Class\MSC\usbh_msc_core.o
 .debug_abbrev  0x0000268f      0x21b STM32_USB_HOST_Library\Class\MSC\usbh_msc_bot.o
 .debug_abbrev  0x000028aa      0x20e STM32F4xx_StdPeriph_Driver\stm32f4xx_tim.o
 .debug_abbrev  0x00002ab8      0x152 STM32F4xx_StdPeriph_Driver\stm32f4xx_syscfg.o
 .debug_abbrev  0x00002c0a      0x1ae STM32F4xx_StdPeriph_Driver\stm32f4xx_spi.o
 .debug_abbrev  0x00002db8      0x1f8 STM32F4xx_StdPeriph_Driver\stm32f4xx_rcc.o
 .debug_abbrev  0x00002fb0      0x196 STM32F4xx_StdPeriph_Driver\stm32f4xx_i2c.o
 .debug_abbrev  0x00003146      0x1d0 STM32F4xx_StdPeriph_Driver\stm32f4xx_gpio.o
 .debug_abbrev  0x00003316      0x1c7 STM32F4xx_StdPeriph_Driver\stm32f4xx_flash.o
 .debug_abbrev  0x000034dd      0x1cf STM32F4xx_StdPeriph_Driver\stm32f4xx_exti.o
 .debug_abbrev  0x000036ac      0x19e STM32F4xx_StdPeriph_Driver\stm32f4xx_dma.o
 .debug_abbrev  0x0000384a      0x1d9 STM32F4xx_StdPeriph_Driver\stm32f4xx_dac.o
 .debug_abbrev  0x00003a23      0x1d7 STM32F4xx_StdPeriph_Driver\stm32f4xx_adc.o
 .debug_abbrev  0x00003bfa      0x14e STM32F4xx_StdPeriph_Driver\misc.o
 .debug_abbrev  0x00003d48      0x19e STM32F4-Discovery\stm32f4_discovery.o
 .debug_abbrev  0x00003ee6      0x34b FAT_FS\ff.o
 .debug_abbrev  0x00004231       0x68 FAT_FS\fattime.o
 .debug_abbrev  0x00004299       0x12 c:/program files/atollic/truestudio for stmicroelectronics stm32 lite 2.2.0/armtools/bin/../lib/gcc/arm-atollic-eabi/4.5.1/thumb/thumb2/crtn.o

.debug_aranges  0x00000000     0x1410
 .debug_aranges
                0x00000000       0x28 c:/program files/atollic/truestudio for stmicroelectronics stm32 lite 2.2.0/armtools/bin/../lib/gcc/arm-atollic-eabi/4.5.1/thumb/thumb2/crti.o
 .debug_aranges
                0x00000028       0xc0 User\usbh_usr.o
 .debug_aranges
                0x000000e8       0x60 User\usb_bsp.o
 .debug_aranges
                0x00000148       0x28 User\system_stm32f4xx.o
 .debug_aranges
                0x00000170       0x80 User\stm32f4xx_it.o
 .debug_aranges
                0x000001f0       0x20 User\main.o
 .debug_aranges
                0x00000210       0x38 User\flash_if.o
 .debug_aranges
                0x00000248       0x38 User\command.o
 .debug_aranges
                0x00000280       0x28 TrueSTUDIO\startup_stm32f4xx.o
 .debug_aranges
                0x000002a8       0x70 STM32_USB_OTG_Driver\usb_hcd_int.o
 .debug_aranges
                0x00000318       0x68 STM32_USB_OTG_Driver\usb_hcd.o
 .debug_aranges
                0x00000380       0xf8 STM32_USB_OTG_Driver\usb_core.o
 .debug_aranges
                0x00000478       0x58 STM32_USB_HOST_Library\Core\usbh_stdreq.o
 .debug_aranges
                0x000004d0       0x58 STM32_USB_HOST_Library\Core\usbh_ioreq.o
 .debug_aranges
                0x00000528       0x40 STM32_USB_HOST_Library\Core\usbh_hcs.o
 .debug_aranges
                0x00000568       0x50 STM32_USB_HOST_Library\Core\usbh_core.o
 .debug_aranges
                0x000005b8       0x48 STM32_USB_HOST_Library\Class\MSC\usbh_msc_scsi.o
 .debug_aranges
                0x00000600       0x40 STM32_USB_HOST_Library\Class\MSC\usbh_msc_fatfs.o
 .debug_aranges
                0x00000640       0x40 STM32_USB_HOST_Library\Class\MSC\usbh_msc_core.o
 .debug_aranges
                0x00000680       0x38 STM32_USB_HOST_Library\Class\MSC\usbh_msc_bot.o
 .debug_aranges
                0x000006b8      0x2e8 STM32F4xx_StdPeriph_Driver\stm32f4xx_tim.o
 .debug_aranges
                0x000009a0       0x48 STM32F4xx_StdPeriph_Driver\stm32f4xx_syscfg.o
 .debug_aranges
                0x000009e8       0xe0 STM32F4xx_StdPeriph_Driver\stm32f4xx_spi.o
 .debug_aranges
                0x00000ac8      0x178 STM32F4xx_StdPeriph_Driver\stm32f4xx_rcc.o
 .debug_aranges
                0x00000c40      0x120 STM32F4xx_StdPeriph_Driver\stm32f4xx_i2c.o
 .debug_aranges
                0x00000d60       0x88 STM32F4xx_StdPeriph_Driver\stm32f4xx_gpio.o
 .debug_aranges
                0x00000de8      0x108 STM32F4xx_StdPeriph_Driver\stm32f4xx_flash.o
 .debug_aranges
                0x00000ef0       0x58 STM32F4xx_StdPeriph_Driver\stm32f4xx_exti.o
 .debug_aranges
                0x00000f48       0xb0 STM32F4xx_StdPeriph_Driver\stm32f4xx_dma.o
 .debug_aranges
                0x00000ff8       0xa0 STM32F4xx_StdPeriph_Driver\stm32f4xx_dac.o
 .debug_aranges
                0x00001098      0x148 STM32F4xx_StdPeriph_Driver\stm32f4xx_adc.o
 .debug_aranges
                0x000011e0       0x40 STM32F4xx_StdPeriph_Driver\misc.o
 .debug_aranges
                0x00001220       0x48 STM32F4-Discovery\stm32f4_discovery.o
 .debug_aranges
                0x00001268      0x160 FAT_FS\ff.o
 .debug_aranges
                0x000013c8       0x20 FAT_FS\fattime.o
 .debug_aranges
                0x000013e8       0x28 c:/program files/atollic/truestudio for stmicroelectronics stm32 lite 2.2.0/armtools/bin/../lib/gcc/arm-atollic-eabi/4.5.1/thumb/thumb2/crtn.o

.debug_ranges   0x00000000     0x1368
 .debug_ranges  0x00000000       0x20 c:/program files/atollic/truestudio for stmicroelectronics stm32 lite 2.2.0/armtools/bin/../lib/gcc/arm-atollic-eabi/4.5.1/thumb/thumb2/crti.o
 .debug_ranges  0x00000020       0xb0 User\usbh_usr.o
 .debug_ranges  0x000000d0       0x50 User\usb_bsp.o
 .debug_ranges  0x00000120       0x18 User\system_stm32f4xx.o
 .debug_ranges  0x00000138       0x70 User\stm32f4xx_it.o
 .debug_ranges  0x000001a8       0x10 User\main.o
 .debug_ranges  0x000001b8       0x58 User\flash_if.o
 .debug_ranges  0x00000210       0x28 User\command.o
 .debug_ranges  0x00000238       0x20 TrueSTUDIO\startup_stm32f4xx.o
 .debug_ranges  0x00000258       0x60 STM32_USB_OTG_Driver\usb_hcd_int.o
 .debug_ranges  0x000002b8       0x58 STM32_USB_OTG_Driver\usb_hcd.o
 .debug_ranges  0x00000310       0xe8 STM32_USB_OTG_Driver\usb_core.o
 .debug_ranges  0x000003f8       0xb8 STM32_USB_HOST_Library\Core\usbh_stdreq.o
 .debug_ranges  0x000004b0       0x48 STM32_USB_HOST_Library\Core\usbh_ioreq.o
 .debug_ranges  0x000004f8       0x70 STM32_USB_HOST_Library\Core\usbh_hcs.o
 .debug_ranges  0x00000568       0x40 STM32_USB_HOST_Library\Core\usbh_core.o
 .debug_ranges  0x000005a8       0x38 STM32_USB_HOST_Library\Class\MSC\usbh_msc_scsi.o
 .debug_ranges  0x000005e0       0x30 STM32_USB_HOST_Library\Class\MSC\usbh_msc_fatfs.o
 .debug_ranges  0x00000610       0x30 STM32_USB_HOST_Library\Class\MSC\usbh_msc_core.o
 .debug_ranges  0x00000640       0x28 STM32_USB_HOST_Library\Class\MSC\usbh_msc_bot.o
 .debug_ranges  0x00000668      0x308 STM32F4xx_StdPeriph_Driver\stm32f4xx_tim.o
 .debug_ranges  0x00000970       0x38 STM32F4xx_StdPeriph_Driver\stm32f4xx_syscfg.o
 .debug_ranges  0x000009a8       0xd0 STM32F4xx_StdPeriph_Driver\stm32f4xx_spi.o
 .debug_ranges  0x00000a78      0x168 STM32F4xx_StdPeriph_Driver\stm32f4xx_rcc.o
 .debug_ranges  0x00000be0      0x110 STM32F4xx_StdPeriph_Driver\stm32f4xx_i2c.o
 .debug_ranges  0x00000cf0       0x78 STM32F4xx_StdPeriph_Driver\stm32f4xx_gpio.o
 .debug_ranges  0x00000d68       0xf8 STM32F4xx_StdPeriph_Driver\stm32f4xx_flash.o
 .debug_ranges  0x00000e60       0x48 STM32F4xx_StdPeriph_Driver\stm32f4xx_exti.o
 .debug_ranges  0x00000ea8       0xa0 STM32F4xx_StdPeriph_Driver\stm32f4xx_dma.o
 .debug_ranges  0x00000f48       0x90 STM32F4xx_StdPeriph_Driver\stm32f4xx_dac.o
 .debug_ranges  0x00000fd8      0x138 STM32F4xx_StdPeriph_Driver\stm32f4xx_adc.o
 .debug_ranges  0x00001110       0x30 STM32F4xx_StdPeriph_Driver\misc.o
 .debug_ranges  0x00001140       0x38 STM32F4-Discovery\stm32f4_discovery.o
 .debug_ranges  0x00001178      0x1c0 FAT_FS\ff.o
 .debug_ranges  0x00001338       0x10 FAT_FS\fattime.o
 .debug_ranges  0x00001348       0x20 c:/program files/atollic/truestudio for stmicroelectronics stm32 lite 2.2.0/armtools/bin/../lib/gcc/arm-atollic-eabi/4.5.1/thumb/thumb2/crtn.o

.comment        0x00000000       0xc2
 .comment       0x00000000       0x61 c:/program files/atollic/truestudio for stmicroelectronics stm32 lite 2.2.0/armtools/bin/../lib/gcc/arm-atollic-eabi/4.5.1/thumb/thumb2/crtbegin.o
                                 0x62 (size before relaxing)
 .comment       0x00000061       0x61 User\usbh_usr.o
                                 0x62 (size before relaxing)
 .comment       0x00000000       0x62 User\usb_bsp.o
 .comment       0x00000000       0x62 User\system_stm32f4xx.o
 .comment       0x00000000       0x62 User\stm32f4xx_it.o
 .comment       0x00000000       0x62 User\main.o
 .comment       0x00000000       0x62 User\flash_if.o
 .comment       0x00000000       0x62 User\command.o
 .comment       0x00000000       0x62 STM32_USB_OTG_Driver\usb_hcd_int.o
 .comment       0x00000000       0x62 STM32_USB_OTG_Driver\usb_hcd.o
 .comment       0x00000000       0x62 STM32_USB_OTG_Driver\usb_core.o
 .comment       0x00000000       0x62 STM32_USB_HOST_Library\Core\usbh_stdreq.o
 .comment       0x00000000       0x62 STM32_USB_HOST_Library\Core\usbh_ioreq.o
 .comment       0x00000000       0x62 STM32_USB_HOST_Library\Core\usbh_hcs.o
 .comment       0x00000000       0x62 STM32_USB_HOST_Library\Core\usbh_core.o
 .comment       0x00000000       0x62 STM32_USB_HOST_Library\Class\MSC\usbh_msc_scsi.o
 .comment       0x00000000       0x62 STM32_USB_HOST_Library\Class\MSC\usbh_msc_fatfs.o
 .comment       0x00000000       0x62 STM32_USB_HOST_Library\Class\MSC\usbh_msc_core.o
 .comment       0x00000000       0x62 STM32_USB_HOST_Library\Class\MSC\usbh_msc_bot.o
 .comment       0x00000000       0x62 STM32F4xx_StdPeriph_Driver\stm32f4xx_tim.o
 .comment       0x00000000       0x62 STM32F4xx_StdPeriph_Driver\stm32f4xx_syscfg.o
 .comment       0x00000000       0x62 STM32F4xx_StdPeriph_Driver\stm32f4xx_spi.o
 .comment       0x00000000       0x62 STM32F4xx_StdPeriph_Driver\stm32f4xx_rcc.o
 .comment       0x00000000       0x62 STM32F4xx_StdPeriph_Driver\stm32f4xx_i2c.o
 .comment       0x00000000       0x62 STM32F4xx_StdPeriph_Driver\stm32f4xx_gpio.o
 .comment       0x00000000       0x62 STM32F4xx_StdPeriph_Driver\stm32f4xx_flash.o
 .comment       0x00000000       0x62 STM32F4xx_StdPeriph_Driver\stm32f4xx_exti.o
 .comment       0x00000000       0x62 STM32F4xx_StdPeriph_Driver\stm32f4xx_dma.o
 .comment       0x00000000       0x62 STM32F4xx_StdPeriph_Driver\stm32f4xx_dac.o
 .comment       0x00000000       0x62 STM32F4xx_StdPeriph_Driver\stm32f4xx_adc.o
 .comment       0x00000000       0x62 STM32F4xx_StdPeriph_Driver\misc.o
 .comment       0x00000000       0x62 STM32F4-Discovery\stm32f4_discovery.o
 .comment       0x00000000       0x62 FAT_FS\ff.o
 .comment       0x00000000       0x62 FAT_FS\fattime.o
 .comment       0x00000000       0x62 c:/program files/atollic/truestudio for stmicroelectronics stm32 lite 2.2.0/armtools/bin/../lib/gcc/arm-atollic-eabi/4.5.1/../../../../arm-atollic-eabi/lib/thumb/thumb2\libc.a(lib_a-init.o)
 .comment       0x00000000       0x62 c:/program files/atollic/truestudio for stmicroelectronics stm32 lite 2.2.0/armtools/bin/../lib/gcc/arm-atollic-eabi/4.5.1/thumb/thumb2/crtend.o

.debug_loc      0x00000000     0xa7b6
 .debug_loc     0x00000000       0x93 User\usbh_usr.o
 .debug_loc     0x00000093      0x194 User\usb_bsp.o
 .debug_loc     0x00000227      0x10e User\system_stm32f4xx.o
 .debug_loc     0x00000335       0x60 User\stm32f4xx_it.o
 .debug_loc     0x00000395       0x33 User\main.o
 .debug_loc     0x000003c8      0x120 User\flash_if.o
 .debug_loc     0x000004e8      0x191 User\command.o
 .debug_loc     0x00000679      0x70f STM32_USB_OTG_Driver\usb_hcd_int.o
 .debug_loc     0x00000d88      0x1cf STM32_USB_OTG_Driver\usb_hcd.o
 .debug_loc     0x00000f57      0xbcf STM32_USB_OTG_Driver\usb_core.o
 .debug_loc     0x00001b26      0x515 STM32_USB_HOST_Library\Core\usbh_stdreq.o
 .debug_loc     0x0000203b      0x491 STM32_USB_HOST_Library\Core\usbh_ioreq.o
 .debug_loc     0x000024cc      0x220 STM32_USB_HOST_Library\Core\usbh_hcs.o
 .debug_loc     0x000026ec      0x417 STM32_USB_HOST_Library\Core\usbh_core.o
 .debug_loc     0x00002b03      0x46b STM32_USB_HOST_Library\Class\MSC\usbh_msc_scsi.o
 .debug_loc     0x00002f6e      0x2cb STM32_USB_HOST_Library\Class\MSC\usbh_msc_fatfs.o
 .debug_loc     0x00003239      0x316 STM32_USB_HOST_Library\Class\MSC\usbh_msc_core.o
 .debug_loc     0x0000354f      0x349 STM32_USB_HOST_Library\Class\MSC\usbh_msc_bot.o
 .debug_loc     0x00003898     0x114a STM32F4xx_StdPeriph_Driver\stm32f4xx_tim.o
 .debug_loc     0x000049e2       0x9d STM32F4xx_StdPeriph_Driver\stm32f4xx_syscfg.o
 .debug_loc     0x00004a7f      0x513 STM32F4xx_StdPeriph_Driver\stm32f4xx_spi.o
 .debug_loc     0x00004f92      0x6c0 STM32F4xx_StdPeriph_Driver\stm32f4xx_rcc.o
 .debug_loc     0x00005652      0x60a STM32F4xx_StdPeriph_Driver\stm32f4xx_i2c.o
 .debug_loc     0x00005c5c      0x278 STM32F4xx_StdPeriph_Driver\stm32f4xx_gpio.o
 .debug_loc     0x00005ed4      0x589 STM32F4xx_StdPeriph_Driver\stm32f4xx_flash.o
 .debug_loc     0x0000645d      0x12b STM32F4xx_StdPeriph_Driver\stm32f4xx_exti.o
 .debug_loc     0x00006588      0x308 STM32F4xx_StdPeriph_Driver\stm32f4xx_dma.o
 .debug_loc     0x00006890      0x3bd STM32F4xx_StdPeriph_Driver\stm32f4xx_dac.o
 .debug_loc     0x00006c4d      0x8fa STM32F4xx_StdPeriph_Driver\stm32f4xx_adc.o
 .debug_loc     0x00007547       0xff STM32F4xx_StdPeriph_Driver\misc.o
 .debug_loc     0x00007646       0xb8 STM32F4-Discovery\stm32f4_discovery.o
 .debug_loc     0x000076fe     0x30b8 FAT_FS\ff.o

.debug_pubnames
                0x00000000     0x3044
 .debug_pubnames
                0x00000000      0x2bf User\usbh_usr.o
 .debug_pubnames
                0x000002bf       0xf3 User\usb_bsp.o
 .debug_pubnames
                0x000003b2       0x61 User\system_stm32f4xx.o
 .debug_pubnames
                0x00000413      0x126 User\stm32f4xx_it.o
 .debug_pubnames
                0x00000539       0x61 User\main.o
 .debug_pubnames
                0x0000059a       0x83 User\flash_if.o
 .debug_pubnames
                0x0000061d       0x6a User\command.o
 .debug_pubnames
                0x00000687       0x2b STM32_USB_OTG_Driver\usb_hcd_int.o
 .debug_pubnames
                0x000006b2       0xdc STM32_USB_OTG_Driver\usb_hcd.o
 .debug_pubnames
                0x0000078e      0x29e STM32_USB_OTG_Driver\usb_core.o
 .debug_pubnames
                0x00000a2c       0xa3 STM32_USB_HOST_Library\Core\usbh_stdreq.o
 .debug_pubnames
                0x00000acf       0xcd STM32_USB_HOST_Library\Core\usbh_ioreq.o
 .debug_pubnames
                0x00000b9c       0x8c STM32_USB_HOST_Library\Core\usbh_hcs.o
 .debug_pubnames
                0x00000c28       0xaf STM32_USB_HOST_Library\Core\usbh_core.o
 .debug_pubnames
                0x00000cd7       0xe4 STM32_USB_HOST_Library\Class\MSC\usbh_msc_scsi.o
 .debug_pubnames
                0x00000dbb       0x62 STM32_USB_HOST_Library\Class\MSC\usbh_msc_fatfs.o
 .debug_pubnames
                0x00000e1d       0x6b STM32_USB_HOST_Library\Class\MSC\usbh_msc_core.o
 .debug_pubnames
                0x00000e88       0xb1 STM32_USB_HOST_Library\Class\MSC\usbh_msc_bot.o
 .debug_pubnames
                0x00000f39      0x7c4 STM32F4xx_StdPeriph_Driver\stm32f4xx_tim.o
 .debug_pubnames
                0x000016fd       0xc3 STM32F4xx_StdPeriph_Driver\stm32f4xx_syscfg.o
 .debug_pubnames
                0x000017c0      0x221 STM32F4xx_StdPeriph_Driver\stm32f4xx_spi.o
 .debug_pubnames
                0x000019e1      0x417 STM32F4xx_StdPeriph_Driver\stm32f4xx_rcc.o
 .debug_pubnames
                0x00001df8      0x2cb STM32F4xx_StdPeriph_Driver\stm32f4xx_i2c.o
 .debug_pubnames
                0x000020c3      0x12d STM32F4xx_StdPeriph_Driver\stm32f4xx_gpio.o
 .debug_pubnames
                0x000021f0      0x2bd STM32F4xx_StdPeriph_Driver\stm32f4xx_flash.o
 .debug_pubnames
                0x000024ad       0xbb STM32F4xx_StdPeriph_Driver\stm32f4xx_exti.o
 .debug_pubnames
                0x00002568      0x1c9 STM32F4xx_StdPeriph_Driver\stm32f4xx_dma.o
 .debug_pubnames
                0x00002731      0x17d STM32F4xx_StdPeriph_Driver\stm32f4xx_dac.o
 .debug_pubnames
                0x000028ae      0x446 STM32F4xx_StdPeriph_Driver\stm32f4xx_adc.o
 .debug_pubnames
                0x00002cf4       0x89 STM32F4xx_StdPeriph_Driver\misc.o
 .debug_pubnames
                0x00002d7d      0x150 STM32F4-Discovery\stm32f4_discovery.o
 .debug_pubnames
                0x00002ecd      0x155 FAT_FS\ff.o
 .debug_pubnames
                0x00003022       0x22 FAT_FS\fattime.o

.debug_pubtypes
                0x00000000     0x5114
 .debug_pubtypes
                0x00000000      0x453 User\usbh_usr.o
 .debug_pubtypes
                0x00000453      0x31b User\usb_bsp.o
 .debug_pubtypes
                0x0000076e       0x83 User\system_stm32f4xx.o
 .debug_pubtypes
                0x000007f1      0x4ae User\stm32f4xx_it.o
 .debug_pubtypes
                0x00000c9f      0x4bc User\main.o
 .debug_pubtypes
                0x0000115b      0x251 User\flash_if.o
 .debug_pubtypes
                0x000013ac      0x291 User\command.o
 .debug_pubtypes
                0x0000163d      0x4d0 STM32_USB_OTG_Driver\usb_hcd_int.o
 .debug_pubtypes
                0x00001b0d      0x282 STM32_USB_OTG_Driver\usb_hcd.o
 .debug_pubtypes
                0x00001d8f      0x5a2 STM32_USB_OTG_Driver\usb_core.o
 .debug_pubtypes
                0x00002331      0x4ee STM32_USB_HOST_Library\Core\usbh_stdreq.o
 .debug_pubtypes
                0x0000281f      0x4ae STM32_USB_HOST_Library\Core\usbh_ioreq.o
 .debug_pubtypes
                0x00002ccd      0x231 STM32_USB_HOST_Library\Core\usbh_hcs.o
 .debug_pubtypes
                0x00002efe      0x4ca STM32_USB_HOST_Library\Core\usbh_core.o
 .debug_pubtypes
                0x000033c8      0x319 STM32_USB_HOST_Library\Class\MSC\usbh_msc_scsi.o
 .debug_pubtypes
                0x000036e1      0x51e STM32_USB_HOST_Library\Class\MSC\usbh_msc_fatfs.o
 .debug_pubtypes
                0x00003bff      0x4fd STM32_USB_HOST_Library\Class\MSC\usbh_msc_core.o
 .debug_pubtypes
                0x000040fc      0x567 STM32_USB_HOST_Library\Class\MSC\usbh_msc_bot.o
 .debug_pubtypes
                0x00004663       0xe4 STM32F4xx_StdPeriph_Driver\stm32f4xx_tim.o
 .debug_pubtypes
                0x00004747       0x6d STM32F4xx_StdPeriph_Driver\stm32f4xx_syscfg.o
 .debug_pubtypes
                0x000047b4       0xbc STM32F4xx_StdPeriph_Driver\stm32f4xx_spi.o
 .debug_pubtypes
                0x00004870       0xaa STM32F4xx_StdPeriph_Driver\stm32f4xx_rcc.o
 .debug_pubtypes
                0x0000491a       0xbe STM32F4xx_StdPeriph_Driver\stm32f4xx_i2c.o
 .debug_pubtypes
                0x000049d8       0xce STM32F4xx_StdPeriph_Driver\stm32f4xx_gpio.o
 .debug_pubtypes
                0x00004aa6       0x97 STM32F4xx_StdPeriph_Driver\stm32f4xx_flash.o
 .debug_pubtypes
                0x00004b3d       0xae STM32F4xx_StdPeriph_Driver\stm32f4xx_exti.o
 .debug_pubtypes
                0x00004beb       0xa3 STM32F4xx_StdPeriph_Driver\stm32f4xx_dma.o
 .debug_pubtypes
                0x00004c8e       0x98 STM32F4xx_StdPeriph_Driver\stm32f4xx_dac.o
 .debug_pubtypes
                0x00004d26       0xc9 STM32F4xx_StdPeriph_Driver\stm32f4xx_adc.o
 .debug_pubtypes
                0x00004def       0x8c STM32F4xx_StdPeriph_Driver\misc.o
 .debug_pubtypes
                0x00004e7b      0x16e STM32F4-Discovery\stm32f4_discovery.o
 .debug_pubtypes
                0x00004fe9      0x103 FAT_FS\ff.o
 .debug_pubtypes
                0x000050ec       0x28 FAT_FS\fattime.o

.debug_str      0x00000000     0x6ee3
 .debug_str     0x00000000     0x14ea User\usbh_usr.o
                               0x16d0 (size before relaxing)
 .debug_str     0x000014ea      0x464 User\usb_bsp.o
                               0x1137 (size before relaxing)
 .debug_str     0x0000194e      0x15a User\system_stm32f4xx.o
                                0x366 (size before relaxing)
 .debug_str     0x00001aa8      0x74f User\stm32f4xx_it.o
                               0x1235 (size before relaxing)
 .debug_str     0x000021f7       0x89 User\main.o
                               0x11a3 (size before relaxing)
 .debug_str     0x00002280      0x155 User\flash_if.o
                                0x8b7 (size before relaxing)
 .debug_str     0x000023d5      0x107 User\command.o
                                0xb30 (size before relaxing)
 .debug_str     0x000024dc      0x661 STM32_USB_OTG_Driver\usb_hcd_int.o
                                0xf0d (size before relaxing)
 .debug_str     0x00002b3d      0x104 STM32_USB_OTG_Driver\usb_hcd.o
                                0x903 (size before relaxing)
 .debug_str     0x00002c41      0x60b STM32_USB_OTG_Driver\usb_core.o
                               0x1346 (size before relaxing)
 .debug_str     0x0000324c      0x1f4 STM32_USB_HOST_Library\Core\usbh_stdreq.o
                               0x12d5 (size before relaxing)
 .debug_str     0x00003440      0x104 STM32_USB_HOST_Library\Core\usbh_ioreq.o
                               0x11de (size before relaxing)
 .debug_str     0x00003544       0xd2 STM32_USB_HOST_Library\Core\usbh_hcs.o
                                0x86d (size before relaxing)
 .debug_str     0x00003616       0xf5 STM32_USB_HOST_Library\Core\usbh_core.o
                               0x1222 (size before relaxing)
 .debug_str     0x0000370b      0x44a STM32_USB_HOST_Library\Class\MSC\usbh_msc_scsi.o
                                0xc19 (size before relaxing)
 .debug_str     0x00003b55       0xd6 STM32_USB_HOST_Library\Class\MSC\usbh_msc_fatfs.o
                               0x12a0 (size before relaxing)
 .debug_str     0x00003c2b      0x173 STM32_USB_HOST_Library\Class\MSC\usbh_msc_core.o
                               0x149b (size before relaxing)
 .debug_str     0x00003d9e       0xf7 STM32_USB_HOST_Library\Class\MSC\usbh_msc_bot.o
                               0x1483 (size before relaxing)
 .debug_str     0x00003e95      0xa98 STM32F4xx_StdPeriph_Driver\stm32f4xx_tim.o
                                0xdb1 (size before relaxing)
 .debug_str     0x0000492d      0x162 STM32F4xx_StdPeriph_Driver\stm32f4xx_syscfg.o
                                0x2e0 (size before relaxing)
 .debug_str     0x00004a8f      0x3b9 STM32F4xx_StdPeriph_Driver\stm32f4xx_spi.o
                                0x66b (size before relaxing)
 .debug_str     0x00004e48      0x54e STM32F4xx_StdPeriph_Driver\stm32f4xx_rcc.o
                                0x831 (size before relaxing)
 .debug_str     0x00005396      0x3c8 STM32F4xx_StdPeriph_Driver\stm32f4xx_i2c.o
                                0x646 (size before relaxing)
 .debug_str     0x0000575e      0x18a STM32F4xx_StdPeriph_Driver\stm32f4xx_gpio.o
                                0x484 (size before relaxing)
 .debug_str     0x000058e8      0x31b STM32F4xx_StdPeriph_Driver\stm32f4xx_flash.o
                                0x568 (size before relaxing)
 .debug_str     0x00005c03       0xff STM32F4xx_StdPeriph_Driver\stm32f4xx_exti.o
                                0x34f (size before relaxing)
 .debug_str     0x00005d02      0x383 STM32F4xx_StdPeriph_Driver\stm32f4xx_dma.o
                                0x52d (size before relaxing)
 .debug_str     0x00006085      0x28d STM32F4xx_StdPeriph_Driver\stm32f4xx_dac.o
                                0x434 (size before relaxing)
 .debug_str     0x00006312      0x615 STM32F4xx_StdPeriph_Driver\stm32f4xx_adc.o
                                0x7e5 (size before relaxing)
 .debug_str     0x00006927      0x10b STM32F4xx_StdPeriph_Driver\misc.o
                                0x3ba (size before relaxing)
 .debug_str     0x00006a32      0x167 STM32F4-Discovery\stm32f4_discovery.o
                                0xb0a (size before relaxing)
 .debug_str     0x00006b99      0x304 FAT_FS\ff.o
                                0x6c5 (size before relaxing)
 .debug_str     0x00006e9d       0x46 FAT_FS\fattime.o
                                0x17c (size before relaxing)

.debug_frame    0x00000000     0x2c54
 .debug_frame   0x00000000      0x188 User\usbh_usr.o
 .debug_frame   0x00000188       0xec User\usb_bsp.o
 .debug_frame   0x00000274       0x34 User\system_stm32f4xx.o
 .debug_frame   0x000002a8       0xfc User\stm32f4xx_it.o
 .debug_frame   0x000003a4       0x2c User\main.o
 .debug_frame   0x000003d0       0x60 User\flash_if.o
 .debug_frame   0x00000430       0x7c User\command.o
 .debug_frame   0x000004ac      0x168 STM32_USB_OTG_Driver\usb_hcd_int.o
 .debug_frame   0x00000614       0xd8 STM32_USB_OTG_Driver\usb_hcd.o
 .debug_frame   0x000006ec      0x290 STM32_USB_OTG_Driver\usb_core.o
 .debug_frame   0x0000097c       0xf8 STM32_USB_HOST_Library\Core\usbh_stdreq.o
 .debug_frame   0x00000a74       0xf0 STM32_USB_HOST_Library\Core\usbh_ioreq.o
 .debug_frame   0x00000b64       0x84 STM32_USB_HOST_Library\Core\usbh_hcs.o
 .debug_frame   0x00000be8       0xc0 STM32_USB_HOST_Library\Core\usbh_core.o
 .debug_frame   0x00000ca8       0xbc STM32_USB_HOST_Library\Class\MSC\usbh_msc_scsi.o
 .debug_frame   0x00000d64       0x88 STM32_USB_HOST_Library\Class\MSC\usbh_msc_fatfs.o
 .debug_frame   0x00000dec       0x90 STM32_USB_HOST_Library\Class\MSC\usbh_msc_core.o
 .debug_frame   0x00000e7c       0x78 STM32_USB_HOST_Library\Class\MSC\usbh_msc_bot.o
 .debug_frame   0x00000ef4      0x674 STM32F4xx_StdPeriph_Driver\stm32f4xx_tim.o
 .debug_frame   0x00001568       0x84 STM32F4xx_StdPeriph_Driver\stm32f4xx_syscfg.o
 .debug_frame   0x000015ec      0x1d0 STM32F4xx_StdPeriph_Driver\stm32f4xx_spi.o
 .debug_frame   0x000017bc      0x2e4 STM32F4xx_StdPeriph_Driver\stm32f4xx_rcc.o
 .debug_frame   0x00001aa0      0x244 STM32F4xx_StdPeriph_Driver\stm32f4xx_i2c.o
 .debug_frame   0x00001ce4      0x118 STM32F4xx_StdPeriph_Driver\stm32f4xx_gpio.o
 .debug_frame   0x00001dfc      0x264 STM32F4xx_StdPeriph_Driver\stm32f4xx_flash.o
 .debug_frame   0x00002060       0x98 STM32F4xx_StdPeriph_Driver\stm32f4xx_exti.o
 .debug_frame   0x000020f8      0x170 STM32F4xx_StdPeriph_Driver\stm32f4xx_dma.o
 .debug_frame   0x00002268      0x140 STM32F4xx_StdPeriph_Driver\stm32f4xx_dac.o
 .debug_frame   0x000023a8      0x2ac STM32F4xx_StdPeriph_Driver\stm32f4xx_adc.o
 .debug_frame   0x00002654       0x68 STM32F4xx_StdPeriph_Driver\misc.o
 .debug_frame   0x000026bc       0x94 STM32F4-Discovery\stm32f4_discovery.o
 .debug_frame   0x00002750      0x4e4 FAT_FS\ff.o
 .debug_frame   0x00002c34       0x20 FAT_FS\fattime.o

Cross Reference Table

Symbol                                            File
ADC_AnalogWatchdogCmd                             STM32F4xx_StdPeriph_Driver\stm32f4xx_adc.o
ADC_AnalogWatchdogSingleChannelConfig             STM32F4xx_StdPeriph_Driver\stm32f4xx_adc.o
ADC_AnalogWatchdogThresholdsConfig                STM32F4xx_StdPeriph_Driver\stm32f4xx_adc.o
ADC_AutoInjectedConvCmd                           STM32F4xx_StdPeriph_Driver\stm32f4xx_adc.o
ADC_ClearFlag                                     STM32F4xx_StdPeriph_Driver\stm32f4xx_adc.o
ADC_ClearITPendingBit                             STM32F4xx_StdPeriph_Driver\stm32f4xx_adc.o
ADC_Cmd                                           STM32F4xx_StdPeriph_Driver\stm32f4xx_adc.o
ADC_CommonInit                                    STM32F4xx_StdPeriph_Driver\stm32f4xx_adc.o
ADC_CommonStructInit                              STM32F4xx_StdPeriph_Driver\stm32f4xx_adc.o
ADC_ContinuousModeCmd                             STM32F4xx_StdPeriph_Driver\stm32f4xx_adc.o
ADC_DMACmd                                        STM32F4xx_StdPeriph_Driver\stm32f4xx_adc.o
ADC_DMARequestAfterLastTransferCmd                STM32F4xx_StdPeriph_Driver\stm32f4xx_adc.o
ADC_DeInit                                        STM32F4xx_StdPeriph_Driver\stm32f4xx_adc.o
ADC_DiscModeChannelCountConfig                    STM32F4xx_StdPeriph_Driver\stm32f4xx_adc.o
ADC_DiscModeCmd                                   STM32F4xx_StdPeriph_Driver\stm32f4xx_adc.o
ADC_EOCOnEachRegularChannelCmd                    STM32F4xx_StdPeriph_Driver\stm32f4xx_adc.o
ADC_ExternalTrigInjectedConvConfig                STM32F4xx_StdPeriph_Driver\stm32f4xx_adc.o
ADC_ExternalTrigInjectedConvEdgeConfig            STM32F4xx_StdPeriph_Driver\stm32f4xx_adc.o
ADC_GetConversionValue                            STM32F4xx_StdPeriph_Driver\stm32f4xx_adc.o
ADC_GetFlagStatus                                 STM32F4xx_StdPeriph_Driver\stm32f4xx_adc.o
ADC_GetITStatus                                   STM32F4xx_StdPeriph_Driver\stm32f4xx_adc.o
ADC_GetInjectedConversionValue                    STM32F4xx_StdPeriph_Driver\stm32f4xx_adc.o
ADC_GetMultiModeConversionValue                   STM32F4xx_StdPeriph_Driver\stm32f4xx_adc.o
ADC_GetSoftwareStartConvStatus                    STM32F4xx_StdPeriph_Driver\stm32f4xx_adc.o
ADC_GetSoftwareStartInjectedConvCmdStatus         STM32F4xx_StdPeriph_Driver\stm32f4xx_adc.o
ADC_IRQHandler                                    TrueSTUDIO\startup_stm32f4xx.o
ADC_ITConfig                                      STM32F4xx_StdPeriph_Driver\stm32f4xx_adc.o
ADC_Init                                          STM32F4xx_StdPeriph_Driver\stm32f4xx_adc.o
ADC_InjectedChannelConfig                         STM32F4xx_StdPeriph_Driver\stm32f4xx_adc.o
ADC_InjectedDiscModeCmd                           STM32F4xx_StdPeriph_Driver\stm32f4xx_adc.o
ADC_InjectedSequencerLengthConfig                 STM32F4xx_StdPeriph_Driver\stm32f4xx_adc.o
ADC_MultiModeDMARequestAfterLastTransferCmd       STM32F4xx_StdPeriph_Driver\stm32f4xx_adc.o
ADC_RegularChannelConfig                          STM32F4xx_StdPeriph_Driver\stm32f4xx_adc.o
ADC_SetInjectedOffset                             STM32F4xx_StdPeriph_Driver\stm32f4xx_adc.o
ADC_SoftwareStartConv                             STM32F4xx_StdPeriph_Driver\stm32f4xx_adc.o
ADC_SoftwareStartInjectedConv                     STM32F4xx_StdPeriph_Driver\stm32f4xx_adc.o
ADC_StructInit                                    STM32F4xx_StdPeriph_Driver\stm32f4xx_adc.o
ADC_TempSensorVrefintCmd                          STM32F4xx_StdPeriph_Driver\stm32f4xx_adc.o
ADC_VBATCmd                                       STM32F4xx_StdPeriph_Driver\stm32f4xx_adc.o
AHBPrescTable                                     User\system_stm32f4xx.o
BSP_Init                                          User\usb_bsp.o
                                                  User\main.o
BSP_delay                                         User\usb_bsp.o
BUTTON_CLK                                        STM32F4-Discovery\stm32f4_discovery.o
BUTTON_EXTI_LINE                                  STM32F4-Discovery\stm32f4_discovery.o
BUTTON_IRQn                                       STM32F4-Discovery\stm32f4_discovery.o
BUTTON_PIN                                        STM32F4-Discovery\stm32f4_discovery.o
BUTTON_PIN_SOURCE                                 STM32F4-Discovery\stm32f4_discovery.o
BUTTON_PORT                                       STM32F4-Discovery\stm32f4_discovery.o
BUTTON_PORT_SOURCE                                STM32F4-Discovery\stm32f4_discovery.o
BusFault_Handler                                  User\stm32f4xx_it.o
CAN1_RX0_IRQHandler                               TrueSTUDIO\startup_stm32f4xx.o
CAN1_RX1_IRQHandler                               TrueSTUDIO\startup_stm32f4xx.o
CAN1_SCE_IRQHandler                               TrueSTUDIO\startup_stm32f4xx.o
CAN1_TX_IRQHandler                                TrueSTUDIO\startup_stm32f4xx.o
CAN2_RX0_IRQHandler                               TrueSTUDIO\startup_stm32f4xx.o
CAN2_RX1_IRQHandler                               TrueSTUDIO\startup_stm32f4xx.o
CAN2_SCE_IRQHandler                               TrueSTUDIO\startup_stm32f4xx.o
CAN2_TX_IRQHandler                                TrueSTUDIO\startup_stm32f4xx.o
COMMAND_DOWNLOAD                                  User\command.o
                                                  User\usbh_usr.o
COMMAND_JUMP                                      User\command.o
                                                  User\usbh_usr.o
COMMAND_ProgramFlashMemory                        User\command.o
COMMAND_UPLOAD                                    User\command.o
                                                  User\usbh_usr.o
CRYP_IRQHandler                                   TrueSTUDIO\startup_stm32f4xx.o
Counter                                           User\stm32f4xx_it.o
DAC_ClearFlag                                     STM32F4xx_StdPeriph_Driver\stm32f4xx_dac.o
DAC_ClearITPendingBit                             STM32F4xx_StdPeriph_Driver\stm32f4xx_dac.o
DAC_Cmd                                           STM32F4xx_StdPeriph_Driver\stm32f4xx_dac.o
DAC_DMACmd                                        STM32F4xx_StdPeriph_Driver\stm32f4xx_dac.o
DAC_DeInit                                        STM32F4xx_StdPeriph_Driver\stm32f4xx_dac.o
DAC_DualSoftwareTriggerCmd                        STM32F4xx_StdPeriph_Driver\stm32f4xx_dac.o