Archive member included because of file (symbol)

../../../../../Utilities/STM32F4-Discovery\libPDMFilter_GCC.a(pdm_filter.o)
                              User\waverecorder.o (PDM_Filter_Init)
c:/program files/atollic/truestudio for stmicroelectronics stm32 lite 2.2.0/armtools/bin/../lib/gcc/arm-atollic-eabi/4.5.1/thumb/thumb2\libgcc.a(_arm_addsubdf3.o)
                              ../../../../../Utilities/STM32F4-Discovery\libPDMFilter_GCC.a(pdm_filter.o) (__aeabi_dadd)
c:/program files/atollic/truestudio for stmicroelectronics stm32 lite 2.2.0/armtools/bin/../lib/gcc/arm-atollic-eabi/4.5.1/thumb/thumb2\libgcc.a(_arm_muldivdf3.o)
                              ../../../../../Utilities/STM32F4-Discovery\libPDMFilter_GCC.a(pdm_filter.o) (__aeabi_dmul)
c:/program files/atollic/truestudio for stmicroelectronics stm32 lite 2.2.0/armtools/bin/../lib/gcc/arm-atollic-eabi/4.5.1/thumb/thumb2\libgcc.a(_arm_fixunsdfsi.o)
                              ../../../../../Utilities/STM32F4-Discovery\libPDMFilter_GCC.a(pdm_filter.o) (__aeabi_d2uiz)
c:/program files/atollic/truestudio for stmicroelectronics stm32 lite 2.2.0/armtools/bin/../lib/gcc/arm-atollic-eabi/4.5.1/thumb/thumb2\libgcc.a(_arm_muldivsf3.o)
                              ../../../../../Utilities/STM32F4-Discovery\libPDMFilter_GCC.a(pdm_filter.o) (__aeabi_fmul)
c:/program files/atollic/truestudio for stmicroelectronics stm32 lite 2.2.0/armtools/bin/../lib/gcc/arm-atollic-eabi/4.5.1/thumb/thumb2\libgcc.a(_arm_cmpsf2.o)
                              ../../../../../Utilities/STM32F4-Discovery\libPDMFilter_GCC.a(pdm_filter.o) (__aeabi_fcmpeq)
c:/program files/atollic/truestudio for stmicroelectronics stm32 lite 2.2.0/armtools/bin/../lib/gcc/arm-atollic-eabi/4.5.1/../../../../arm-atollic-eabi/lib/thumb/thumb2\libc.a(lib_a-init.o)
                              TrueSTUDIO\startup_stm32f4xx.o (__libc_init_array)

Allocating common symbols
Common symbol       size              file

CurrentPos          0x4               STM32F4-Discovery\stm32f4_discovery_audio_codec.o
HSEStartUpStatus    0x1               User\usb_bsp.o
fileR               0x424             User\usbh_usr.o
USBH_MSC_CSWData    0x10              STM32_USB_HOST_Library\Class\MSC\usbh_msc_bot.o
bytesWritten        0x2               User\waverecorder.o
MSC_Machine         0x4a              STM32_USB_HOST_Library\Class\MSC\usbh_msc_core.o
WAVE_Format         0x18              User\waveplayer.o
fno                 0x18              User\usbh_usr.o
writebuffer         0x4               User\waverecorder.o
pAudioRecBuf        0x4               User\waverecorder.o
RAM_Buf             0xbb8             User\waverecorder.o
USBH_DataInBuffer   0x200             STM32_USB_HOST_Library\Class\MSC\usbh_msc_scsi.o
BytesRead           0x4               User\waveplayer.o
USBH_MSC_Param      0x10              STM32_USB_HOST_Library\Class\MSC\usbh_msc_scsi.o
USBH_MSC_BOTXferParam
                    0x10              STM32_USB_HOST_Library\Class\MSC\usbh_msc_bot.o
file                0x424             User\usbh_usr.o
RecBuf1             0x20              User\waverecorder.o
RecBuf              0x20              User\waverecorder.o
Filter              0x34              User\waverecorder.o
RecBufHeader        0x200             User\waverecorder.o
RAM_Buf1            0xbb8             User\waverecorder.o
USB_OTG_Core        0x4b0             User\main.o
USBH_DataOutBuffer  0x200             STM32_USB_HOST_Library\Class\MSC\usbh_msc_scsi.o
AUDIO_MAL_DMA_InitStructure
                    0x3c              STM32F4-Discovery\stm32f4_discovery_audio_codec.o
WaveCounter         0x4               User\waveplayer.o
dir                 0x1c              User\usbh_usr.o
MSC_Setup           0x8               STM32_USB_HOST_Library\Class\MSC\usbh_msc_core.o
Buffer              0x6               User\waveplayer.o
USBH_MSC_CBWData    0x20              STM32_USB_HOST_Library\Class\MSC\usbh_msc_bot.o
NVIC_InitStructure  0x4               STM32F4-Discovery\stm32f4_discovery.o
RCC_Clocks          0x10              User\main.o
USB_Host            0x84              User\main.o
DMA_InitStructure   0x3c              STM32F4-Discovery\stm32f4_discovery_audio_codec.o
fatfs               0x430             User\usbh_usr.o

Discarded input sections

 .text          0x00000000        0x0 c:/program files/atollic/truestudio for stmicroelectronics stm32 lite 2.2.0/armtools/bin/../lib/gcc/arm-atollic-eabi/4.5.1/thumb/thumb2/crti.o
 .data          0x00000000        0x0 c:/program files/atollic/truestudio for stmicroelectronics stm32 lite 2.2.0/armtools/bin/../lib/gcc/arm-atollic-eabi/4.5.1/thumb/thumb2/crti.o
 .bss           0x00000000        0x0 c:/program files/atollic/truestudio for stmicroelectronics stm32 lite 2.2.0/armtools/bin/../lib/gcc/arm-atollic-eabi/4.5.1/thumb/thumb2/crti.o
[...]
Memory Configuration

Name             Origin             Length             Attributes
FLASH            0x08000000         0x00100000         xr
RAM              0x20000000         0x0001c000         xrw
MEMORY_B1        0x60000000         0x00000000         xr
*default*        0x00000000         0xffffffff

Linker script and memory map

LOAD c:/program files/atollic/truestudio for stmicroelectronics stm32 lite 2.2.0/armtools/bin/../lib/gcc/arm-atollic-eabi/4.5.1/thumb/thumb2/crti.o
LOAD c:/program files/atollic/truestudio for stmicroelectronics stm32 lite 2.2.0/armtools/bin/../lib/gcc/arm-atollic-eabi/4.5.1/thumb/thumb2/crtbegin.o
LOAD User\waverecorder.o
LOAD User\waveplayer.o
LOAD User\usbh_usr.o
LOAD User\usb_bsp.o
LOAD User\system_stm32f4xx.o
LOAD User\stm32f4xx_it.o
LOAD User\main.o
LOAD TrueSTUDIO\startup_stm32f4xx.o
LOAD STM32_USB_OTG_Driver\usb_hcd_int.o
LOAD STM32_USB_OTG_Driver\usb_hcd.o
LOAD STM32_USB_OTG_Driver\usb_core.o
LOAD STM32_USB_HOST_Library\Core\usbh_stdreq.o
LOAD STM32_USB_HOST_Library\Core\usbh_ioreq.o
LOAD STM32_USB_HOST_Library\Core\usbh_hcs.o
LOAD STM32_USB_HOST_Library\Core\usbh_core.o
LOAD STM32_USB_HOST_Library\Class\MSC\usbh_msc_scsi.o
LOAD STM32_USB_HOST_Library\Class\MSC\usbh_msc_fatfs.o
LOAD STM32_USB_HOST_Library\Class\MSC\usbh_msc_core.o
LOAD STM32_USB_HOST_Library\Class\MSC\usbh_msc_bot.o
LOAD STM32F4xx_StdPeriph_Driver\stm32f4xx_tim.o
LOAD STM32F4xx_StdPeriph_Driver\stm32f4xx_syscfg.o
LOAD STM32F4xx_StdPeriph_Driver\stm32f4xx_spi.o
LOAD STM32F4xx_StdPeriph_Driver\stm32f4xx_rcc.o
LOAD STM32F4xx_StdPeriph_Driver\stm32f4xx_i2c.o
LOAD STM32F4xx_StdPeriph_Driver\stm32f4xx_gpio.o
LOAD STM32F4xx_StdPeriph_Driver\stm32f4xx_flash.o
LOAD STM32F4xx_StdPeriph_Driver\stm32f4xx_exti.o
LOAD STM32F4xx_StdPeriph_Driver\stm32f4xx_dma.o
LOAD STM32F4xx_StdPeriph_Driver\stm32f4xx_dac.o
LOAD STM32F4xx_StdPeriph_Driver\stm32f4xx_adc.o
LOAD STM32F4xx_StdPeriph_Driver\misc.o
LOAD STM32F4-Discovery\stm32f4_discovery_lis302dl.o
LOAD STM32F4-Discovery\stm32f4_discovery_audio_codec.o
LOAD STM32F4-Discovery\stm32f4_discovery.o
LOAD FAT_FS\ff.o
LOAD FAT_FS\fattime.o
LOAD ../../../../../Utilities/STM32F4-Discovery\libPDMFilter_GCC.a
                0x00001000                malloc_getpagesize_P = 0x1000
START GROUP
LOAD c:/program files/atollic/truestudio for stmicroelectronics stm32 lite 2.2.0/armtools/bin/../lib/gcc/arm-atollic-eabi/4.5.1/thumb/thumb2\libgcc.a
LOAD c:/program files/atollic/truestudio for stmicroelectronics stm32 lite 2.2.0/armtools/bin/../lib/gcc/arm-atollic-eabi/4.5.1/../../../../arm-atollic-eabi/lib/thumb/thumb2\libc.a
END GROUP
LOAD c:/program files/atollic/truestudio for stmicroelectronics stm32 lite 2.2.0/armtools/bin/../lib/gcc/arm-atollic-eabi/4.5.1/thumb/thumb2/crtend.o
LOAD c:/program files/atollic/truestudio for stmicroelectronics stm32 lite 2.2.0/armtools/bin/../lib/gcc/arm-atollic-eabi/4.5.1/thumb/thumb2/crtn.o
                0x2001c000                _estack = 0x2001c000
                0x00000000                _Min_Heap_Size = 0x0
                0x00000400                _Min_Stack_Size = 0x400

.isr_vector     0x08000000      0x188
                0x08000000                . = ALIGN (0x4)
 *(.isr_vector)
 .isr_vector    0x08000000      0x188 TrueSTUDIO\startup_stm32f4xx.o
                0x08000000                g_pfnVectors
                0x08000188                . = ALIGN (0x4)

.text           0x08000188     0x83dc
                0x08000188                . = ALIGN (0x4)
 *(.text)
 .text          0x08000188       0x30 c:/program files/atollic/truestudio for stmicroelectronics stm32 lite 2.2.0/armtools/bin/../lib/gcc/arm-atollic-eabi/4.5.1/thumb/thumb2/crtbegin.o
 .text          0x080001b8      0x370 c:/program files/atollic/truestudio for stmicroelectronics stm32 lite 2.2.0/armtools/bin/../lib/gcc/arm-atollic-eabi/4.5.1/thumb/thumb2\libgcc.a(_arm_addsubdf3.o)
                0x080001b8                __aeabi_drsub
                0x080001c0                __aeabi_dsub
                0x080001c0                __subdf3
                0x080001c4                __aeabi_dadd
                0x080001c4                __adddf3
                0x0800043c                __floatunsidf
                0x0800043c                __aeabi_ui2d
                0x0800045c                __floatsidf
                0x0800045c                __aeabi_i2d
                0x08000480                __aeabi_f2d
                0x08000480                __extendsfdf2
                0x080004bc                __floatundidf
                0x080004bc                __aeabi_ul2d
                0x080004cc                __floatdidf
                0x080004cc                __aeabi_l2d
 .text          0x08000528      0x424 c:/program files/atollic/truestudio for stmicroelectronics stm32 lite 2.2.0/armtools/bin/../lib/gcc/arm-atollic-eabi/4.5.1/thumb/thumb2\libgcc.a(_arm_muldivdf3.o)
                0x08000528                __aeabi_dmul
                0x08000528                __muldf3
                0x0800077c                __divdf3
                0x0800077c                __aeabi_ddiv
 .text          0x0800094c       0x40 c:/program files/atollic/truestudio for stmicroelectronics stm32 lite 2.2.0/armtools/bin/../lib/gcc/arm-atollic-eabi/4.5.1/thumb/thumb2\libgcc.a(_arm_fixunsdfsi.o)
                0x0800094c                __aeabi_d2uiz
                0x0800094c                __fixunsdfsi
 .text          0x0800098c      0x2a0 c:/program files/atollic/truestudio for stmicroelectronics stm32 lite 2.2.0/armtools/bin/../lib/gcc/arm-atollic-eabi/4.5.1/thumb/thumb2\libgcc.a(_arm_muldivsf3.o)
                0x0800098c                __mulsf3
                0x0800098c                __aeabi_fmul
                0x08000af4                __aeabi_fdiv
                0x08000af4                __divsf3
 .text          0x08000c2c       0xec c:/program files/atollic/truestudio for stmicroelectronics stm32 lite 2.2.0/armtools/bin/../lib/gcc/arm-atollic-eabi/4.5.1/thumb/thumb2\libgcc.a(_arm_cmpsf2.o)
                0x08000c2c                __gesf2
                0x08000c2c                __gtsf2
                0x08000c34                __lesf2
                0x08000c34                __ltsf2
                0x08000c3c                __nesf2
                0x08000c3c                __eqsf2
                0x08000c3c                __cmpsf2
                0x08000c9c                __aeabi_cfrcmple
                0x08000ca4                __aeabi_cfcmpeq
                0x08000ca4                __aeabi_cfcmple
                0x08000cb4                __aeabi_fcmpeq
                0x08000cc8                __aeabi_fcmplt
                0x08000cdc                __aeabi_fcmple
                0x08000cf0                __aeabi_fcmpge
                0x08000d04                __aeabi_fcmpgt
 *(.text*)
 .text.WaveRecorderInit
                0x08000d18      0x134 User\waverecorder.o
                0x08000d18                WaveRecorderInit
 .text.WaveRecorderStart
                0x08000e4c       0x3c User\waverecorder.o
                0x08000e4c                WaveRecorderStart
 .text.WaveRecorderStop
                0x08000e88       0x20 User\waverecorder.o
                0x08000e88                WaveRecorderStop
 .text.SPI2_IRQHandler
                0x08000ea8       0x5c User\waverecorder.o
                0x08000ea8                SPI2_IRQHandler
 .text.WavaRecorderHeaderInit
                0x08000f04       0xbc User\waverecorder.o
                0x08000f04                WavaRecorderHeaderInit
 .text.WaveRecorderUpdate
                0x08000fc0      0x244 User\waverecorder.o
                0x08000fc0                WaveRecorderUpdate
 .text.WavePlayerPauseResume
                0x08001204        0x4 User\waveplayer.o
                0x08001204                WavePlayerPauseResume
 .text.WavePlayerStop
                0x08001208        0x6 User\waveplayer.o
                0x08001208                WavePlayerStop
 *fill*         0x0800120e        0x2 00
 .text.WavePlayerInit
                0x08001210      0x150 User\waveplayer.o
                0x08001210                WavePlayerInit
 .text.WavePlayBack
                0x08001360      0x15c User\waveplayer.o
                0x08001360                WavePlayBack
 .text.LIS302DL_TIMEOUT_UserCallback
                0x080014bc        0x2 User\waveplayer.o
                0x080014bc                LIS302DL_TIMEOUT_UserCallback
 *fill*         0x080014be        0x2 00
 .text.EVAL_AUDIO_TransferComplete_CallBack
                0x080014c0       0x2c User\waveplayer.o
                0x080014c0                EVAL_AUDIO_TransferComplete_CallBack
 .text.EVAL_AUDIO_GetSampleCallBack
                0x080014ec        0x4 User\waveplayer.o
                0x080014ec                EVAL_AUDIO_GetSampleCallBack
 .text.Codec_TIMEOUT_UserCallback
                0x080014f0        0x4 User\waveplayer.o
                0x080014f0                Codec_TIMEOUT_UserCallback
 .text.Delay    0x080014f4       0x18 User\waveplayer.o
                0x080014f4                Delay
 .text.TimingDelay_Decrement
                0x0800150c       0x14 User\waveplayer.o
                0x0800150c                TimingDelay_Decrement
 .text.WavePlayer_CallBack
                0x08001520       0x6c User\waveplayer.o
                0x08001520                WavePlayer_CallBack
 .text.ReadUnit
                0x0800158c       0x24 User\waveplayer.o
                0x0800158c                ReadUnit
 .text.WavePlayerStart
                0x080015b0      0x238 User\waveplayer.o
                0x080015b0                WavePlayerStart
 .text.USBH_USR_Init
                0x080017e8        0x2 User\usbh_usr.o
                0x080017e8                USBH_USR_Init
 .text.USBH_USR_UnrecoveredError
                0x080017ea        0x2 User\usbh_usr.o
                0x080017ea                USBH_USR_UnrecoveredError
 .text.USBH_USR_ResetDevice
                0x080017ec        0x2 User\usbh_usr.o
                0x080017ec                USBH_USR_ResetDevice
 .text.USBH_USR_DeviceSpeedDetected
                0x080017ee        0x2 User\usbh_usr.o
                0x080017ee                USBH_USR_DeviceSpeedDetected
 .text.USBH_USR_Device_DescAvailable
                0x080017f0        0x2 User\usbh_usr.o
                0x080017f0                USBH_USR_Device_DescAvailable
 .text.USBH_USR_DeviceAddressAssigned
                0x080017f2        0x2 User\usbh_usr.o
                0x080017f2                USBH_USR_DeviceAddressAssigned
 .text.USBH_USR_Configuration_DescAvailable
                0x080017f4        0x2 User\usbh_usr.o
                0x080017f4                USBH_USR_Configuration_DescAvailable
 .text.USBH_USR_Manufacturer_String
                0x080017f6        0x2 User\usbh_usr.o
                0x080017f6                USBH_USR_Manufacturer_String
 .text.USBH_USR_Product_String
                0x080017f8        0x2 User\usbh_usr.o
                0x080017f8                USBH_USR_Product_String
 .text.USBH_USR_SerialNum_String
                0x080017fa        0x2 User\usbh_usr.o
                0x080017fa                USBH_USR_SerialNum_String
 .text.USBH_USR_DeviceNotSupported
                0x080017fc        0x2 User\usbh_usr.o
                0x080017fc                USBH_USR_DeviceNotSupported
 .text.USBH_USR_UserInput
                0x080017fe        0x4 User\usbh_usr.o
                0x080017fe                USBH_USR_UserInput
 .text.USBH_USR_OverCurrentDetected
                0x08001802        0x2 User\usbh_usr.o
                0x08001802                USBH_USR_OverCurrentDetected
 .text.USBH_USR_DeInit
                0x08001804        0xc User\usbh_usr.o
                0x08001804                USBH_USR_DeInit
 .text.USBH_USR_DeviceDisconnected
                0x08001810       0x60 User\usbh_usr.o
                0x08001810                USBH_USR_DeviceDisconnected
 .text.USBH_USR_DeviceAttached
                0x08001870       0x34 User\usbh_usr.o
                0x08001870                USBH_USR_DeviceAttached
 .text.COMMAND_AudioExecuteApplication
                0x080018a4       0x2c User\usbh_usr.o
                0x080018a4                COMMAND_AudioExecuteApplication
 .text.USBH_USR_MSC_Application
                0x080018d0       0x4c User\usbh_usr.o
                0x080018d0                USBH_USR_MSC_Application
 .text.USBH_USR_EnumerationDone
                0x0800191c       0x12 User\usbh_usr.o
                0x0800191c                USBH_USR_EnumerationDone
 *fill*         0x0800192e        0x2 00
 .text.BSP_Delay
                0x08001930       0x8c User\usb_bsp.o
 .text.USB_OTG_BSP_Init
                0x080019bc       0xbc User\usb_bsp.o
                0x080019bc                USB_OTG_BSP_Init
 .text.USB_OTG_BSP_EnableInterrupt
                0x08001a78       0x40 User\usb_bsp.o
                0x08001a78                USB_OTG_BSP_EnableInterrupt
 .text.USB_OTG_BSP_DriveVBUS
                0x08001ab8       0x18 User\usb_bsp.o
                0x08001ab8                USB_OTG_BSP_DriveVBUS
 .text.USB_OTG_BSP_uDelay
                0x08001ad0        0x6 User\usb_bsp.o
                0x08001ad0                USB_OTG_BSP_uDelay
 .text.USB_OTG_BSP_mDelay
                0x08001ad6        0x6 User\usb_bsp.o
                0x08001ad6                USB_OTG_BSP_mDelay
 .text.USB_OTG_BSP_ConfigVBUS
                0x08001adc       0x40 User\usb_bsp.o
                0x08001adc                USB_OTG_BSP_ConfigVBUS
 .text.USB_OTG_BSP_TimerIRQ
                0x08001b1c       0x38 User\usb_bsp.o
                0x08001b1c                USB_OTG_BSP_TimerIRQ
 .text.SystemInit
                0x08001b54      0x110 User\system_stm32f4xx.o
                0x08001b54                SystemInit
 .text.NMI_Handler
                0x08001c64        0x2 User\stm32f4xx_it.o
                0x08001c64                NMI_Handler
 .text.HardFault_Handler
                0x08001c66        0x2 User\stm32f4xx_it.o
                0x08001c66                HardFault_Handler
 .text.MemManage_Handler
                0x08001c68        0x2 User\stm32f4xx_it.o
                0x08001c68                MemManage_Handler
 .text.BusFault_Handler
                0x08001c6a        0x2 User\stm32f4xx_it.o
                0x08001c6a                BusFault_Handler
 .text.UsageFault_Handler
                0x08001c6c        0x2 User\stm32f4xx_it.o
                0x08001c6c                UsageFault_Handler
 .text.SVC_Handler
                0x08001c6e        0x2 User\stm32f4xx_it.o
                0x08001c6e                SVC_Handler
 .text.DebugMon_Handler
                0x08001c70        0x2 User\stm32f4xx_it.o
                0x08001c70                DebugMon_Handler
 .text.PendSV_Handler
                0x08001c72        0x2 User\stm32f4xx_it.o
                0x08001c72                PendSV_Handler
 .text.SysTick_Handler
                0x08001c74       0x24 User\stm32f4xx_it.o
                0x08001c74                SysTick_Handler
 .text.EXTI1_IRQHandler
                0x08001c98       0x38 User\stm32f4xx_it.o
                0x08001c98                EXTI1_IRQHandler
 .text.TIM4_IRQHandler
                0x08001cd0       0xe0 User\stm32f4xx_it.o
                0x08001cd0                TIM4_IRQHandler
 .text.EXTI0_IRQHandler
                0x08001db0       0x48 User\stm32f4xx_it.o
                0x08001db0                EXTI0_IRQHandler
 .text.TIM2_IRQHandler
                0x08001df8        0x4 User\stm32f4xx_it.o
                0x08001df8                TIM2_IRQHandler
 .text.OTG_FS_IRQHandler
                0x08001dfc        0xc User\stm32f4xx_it.o
                0x08001dfc                OTG_FS_IRQHandler
 .text.main     0x08001e08      0x154 User\main.o
                0x08001e08                main
 .text.Reset_Handler
                0x08001f5c       0x48 TrueSTUDIO\startup_stm32f4xx.o
                0x08001f5c                Reset_Handler
 .text.Default_Handler
                0x08001fa4        0x2 TrueSTUDIO\startup_stm32f4xx.o
                0x08001fa4                RTC_Alarm_IRQHandler
                0x08001fa4                HASH_RNG_IRQHandler
                0x08001fa4                EXTI2_IRQHandler
                0x08001fa4                TIM8_CC_IRQHandler
                0x08001fa4                TIM1_CC_IRQHandler
                0x08001fa4                DMA2_Stream5_IRQHandler
                0x08001fa4                DMA1_Stream5_IRQHandler
                0x08001fa4                PVD_IRQHandler
                0x08001fa4                SDIO_IRQHandler
                0x08001fa4                TAMP_STAMP_IRQHandler
                0x08001fa4                CAN2_RX1_IRQHandler
                0x08001fa4                EXTI3_IRQHandler
                0x08001fa4                TIM8_TRG_COM_TIM14_IRQHandler
                0x08001fa4                TIM1_UP_TIM10_IRQHandler
                0x08001fa4                TIM8_UP_TIM13_IRQHandler
                0x08001fa4                I2C3_ER_IRQHandler
                0x08001fa4                I2C2_EV_IRQHandler
                0x08001fa4                DMA1_Stream2_IRQHandler
                0x08001fa4                CAN1_RX0_IRQHandler
                0x08001fa4                FPU_IRQHandler
                0x08001fa4                OTG_HS_WKUP_IRQHandler
                0x08001fa4                CAN2_SCE_IRQHandler
                0x08001fa4                DMA2_Stream2_IRQHandler
                0x08001fa4                SPI1_IRQHandler
                0x08001fa4                TIM6_DAC_IRQHandler
                0x08001fa4                TIM1_BRK_TIM9_IRQHandler
                0x08001fa4                DCMI_IRQHandler
                0x08001fa4                CAN2_RX0_IRQHandler
                0x08001fa4                DMA2_Stream3_IRQHandler
                0x08001fa4                USART6_IRQHandler
                0x08001fa4                USART3_IRQHandler
                0x08001fa4                CRYP_IRQHandler
                0x08001fa4                CAN1_RX1_IRQHandler
                0x08001fa4                UART5_IRQHandler
                0x08001fa4                DMA2_Stream0_IRQHandler
                0x08001fa4                I2C1_EV_IRQHandler
                0x08001fa4                DMA1_Stream6_IRQHandler
                0x08001fa4                DMA1_Stream1_IRQHandler
                0x08001fa4                UART4_IRQHandler
                0x08001fa4                TIM3_IRQHandler
                0x08001fa4                RCC_IRQHandler
                0x08001fa4                TIM8_BRK_TIM12_IRQHandler
                0x08001fa4                Default_Handler
                0x08001fa4                EXTI15_10_IRQHandler
                0x08001fa4                ADC_IRQHandler
                0x08001fa4                TIM7_IRQHandler
                0x08001fa4                CAN2_TX_IRQHandler
                0x08001fa4                TIM5_IRQHandler
                0x08001fa4                DMA2_Stream7_IRQHandler
                0x08001fa4                I2C3_EV_IRQHandler
                0x08001fa4                EXTI9_5_IRQHandler
                0x08001fa4                RTC_WKUP_IRQHandler
                0x08001fa4                ETH_WKUP_IRQHandler
                0x08001fa4                OTG_HS_EP1_IN_IRQHandler
                0x08001fa4                CAN1_TX_IRQHandler
                0x08001fa4                EXTI4_IRQHandler
                0x08001fa4                FSMC_IRQHandler
                0x08001fa4                ETH_IRQHandler
                0x08001fa4                OTG_HS_EP1_OUT_IRQHandler
                0x08001fa4                WWDG_IRQHandler
                0x08001fa4                OTG_FS_WKUP_IRQHandler
                0x08001fa4                TIM1_TRG_COM_TIM11_IRQHandler
                0x08001fa4                OTG_HS_IRQHandler
                0x08001fa4                USART2_IRQHandler
                0x08001fa4                I2C2_ER_IRQHandler
                0x08001fa4                DMA2_Stream1_IRQHandler
                0x08001fa4                CAN1_SCE_IRQHandler
                0x08001fa4                FLASH_IRQHandler
                0x08001fa4                DMA2_Stream4_IRQHandler
                0x08001fa4                USART1_IRQHandler
                0x08001fa4                DMA1_Stream4_IRQHandler
                0x08001fa4                I2C1_ER_IRQHandler
                0x08001fa4                DMA2_Stream6_IRQHandler
                0x08001fa4                DMA1_Stream3_IRQHandler
 *fill*         0x08001fa6        0x2 00
 .text.USB_OTG_USBH_handle_sof_ISR
                0x08001fa8       0x30 STM32_USB_OTG_Driver\usb_hcd_int.o
 .text.USB_OTG_USBH_handle_Disconnect_ISR
                0x08001fd8       0x44 STM32_USB_OTG_Driver\usb_hcd_int.o
 .text.USB_OTG_USBH_handle_IncompletePeriodicXfer_ISR
                0x0800201c       0x54 STM32_USB_OTG_Driver\usb_hcd_int.o
 .text.USB_OTG_USBH_handle_rx_qlvl_ISR
                0x08002070      0x1d8 STM32_USB_OTG_Driver\usb_hcd_int.o
 .text.USB_OTG_USBH_handle_hc_n_In_ISR
                0x08002248      0x60c STM32_USB_OTG_Driver\usb_hcd_int.o
 .text.USB_OTG_USBH_handle_hc_n_Out_ISR
                0x08002854      0x564 STM32_USB_OTG_Driver\usb_hcd_int.o
 .text.USB_OTG_USBH_handle_port_ISR
                0x08002db8      0x184 STM32_USB_OTG_Driver\usb_hcd_int.o
 .text.USB_OTG_USBH_handle_ptxfempty_ISR
                0x08002f3c      0x1b4 STM32_USB_OTG_Driver\usb_hcd_int.o
 .text.USB_OTG_USBH_handle_nptxfempty_ISR
                0x080030f0      0x1b4 STM32_USB_OTG_Driver\usb_hcd_int.o
 .text.USB_OTG_USBH_handle_hc_ISR
                0x080032a4       0xac STM32_USB_OTG_Driver\usb_hcd_int.o
 .text.USBH_OTG_ISR_Handler
                0x08003350      0x154 STM32_USB_OTG_Driver\usb_hcd_int.o
                0x08003350                USBH_OTG_ISR_Handler
 .text.HCD_Init
                0x080034a4       0x5a STM32_USB_OTG_Driver\usb_hcd.o
                0x080034a4                HCD_Init
 .text.HCD_GetCurrentSpeed
                0x080034fe        0xc STM32_USB_OTG_Driver\usb_hcd.o
                0x080034fe                HCD_GetCurrentSpeed
 .text.HCD_ResetPort
                0x0800350a        0xa STM32_USB_OTG_Driver\usb_hcd.o
                0x0800350a                HCD_ResetPort
 .text.HCD_IsDeviceConnected
                0x08003514        0x6 STM32_USB_OTG_Driver\usb_hcd.o
                0x08003514                HCD_IsDeviceConnected
 .text.HCD_GetCurrentFrame
                0x0800351a        0x8 STM32_USB_OTG_Driver\usb_hcd.o
                0x0800351a                HCD_GetCurrentFrame
 .text.HCD_GetURB_State
                0x08003522        0x8 STM32_USB_OTG_Driver\usb_hcd.o
                0x08003522                HCD_GetURB_State
 .text.HCD_GetXferCnt
                0x0800352a        0x8 STM32_USB_OTG_Driver\usb_hcd.o
                0x0800352a                HCD_GetXferCnt
 .text.HCD_SubmitRequest
                0x08003532       0x18 STM32_USB_OTG_Driver\usb_hcd.o
                0x08003532                HCD_SubmitRequest
 *fill*         0x0800354a        0x2 00
 .text.USB_OTG_CoreReset
                0x0800354c       0x54 STM32_USB_OTG_Driver\usb_core.o
 .text.USB_OTG_WritePacket
                0x080035a0       0x26 STM32_USB_OTG_Driver\usb_core.o
                0x080035a0                USB_OTG_WritePacket
 .text.USB_OTG_ReadPacket
                0x080035c6       0x22 STM32_USB_OTG_Driver\usb_core.o
                0x080035c6                USB_OTG_ReadPacket
 .text.USB_OTG_SelectCore
                0x080035e8       0xb8 STM32_USB_OTG_Driver\usb_core.o
                0x080035e8                USB_OTG_SelectCore
 .text.USB_OTG_CoreInit
                0x080036a0       0xe2 STM32_USB_OTG_Driver\usb_core.o
                0x080036a0                USB_OTG_CoreInit
 .text.USB_OTG_EnableGlobalInt
                0x08003782        0xe STM32_USB_OTG_Driver\usb_core.o
                0x08003782                USB_OTG_EnableGlobalInt
 .text.USB_OTG_DisableGlobalInt
                0x08003790        0xe STM32_USB_OTG_Driver\usb_core.o
                0x08003790                USB_OTG_DisableGlobalInt
 *fill*         0x0800379e        0x2 00
 .text.USB_OTG_FlushTxFifo
                0x080037a0       0x40 STM32_USB_OTG_Driver\usb_core.o
                0x080037a0                USB_OTG_FlushTxFifo
 .text.USB_OTG_FlushRxFifo
                0x080037e0       0x38 STM32_USB_OTG_Driver\usb_core.o
                0x080037e0                USB_OTG_FlushRxFifo
 .text.USB_OTG_SetCurrentMode
                0x08003818       0x2a STM32_USB_OTG_Driver\usb_core.o
                0x08003818                USB_OTG_SetCurrentMode
 .text.USB_OTG_GetMode
                0x08003842        0xa STM32_USB_OTG_Driver\usb_core.o
                0x08003842                USB_OTG_GetMode
 .text.USB_OTG_IsHostMode
                0x0800384c       0x12 STM32_USB_OTG_Driver\usb_core.o
                0x0800384c                USB_OTG_IsHostMode
 .text.USB_OTG_ReadCoreItr
                0x0800385e        0xa STM32_USB_OTG_Driver\usb_core.o
                0x0800385e                USB_OTG_ReadCoreItr
 .text.USB_OTG_IsEvenFrame
                0x08003868        0xe STM32_USB_OTG_Driver\usb_core.o
                0x08003868                USB_OTG_IsEvenFrame
 *fill*         0x08003876        0x2 00
 .text.USB_OTG_EnableHostInt
                0x08003878       0x3c STM32_USB_OTG_Driver\usb_core.o
                0x08003878                USB_OTG_EnableHostInt
 .text.USB_OTG_InitFSLSPClkSel
                0x080038b4        0xc STM32_USB_OTG_Driver\usb_core.o
                0x080038b4                USB_OTG_InitFSLSPClkSel
 .text.USB_OTG_ReadHPRT0
                0x080038c0        0xc STM32_USB_OTG_Driver\usb_core.o
                0x080038c0                USB_OTG_ReadHPRT0
 .text.USB_OTG_DriveVbus
                0x080038cc       0x4c STM32_USB_OTG_Driver\usb_core.o
                0x080038cc                USB_OTG_DriveVbus
 .text.USB_OTG_CoreInitHost
                0x08003918       0x86 STM32_USB_OTG_Driver\usb_core.o
                0x08003918                USB_OTG_CoreInitHost
 .text.USB_OTG_ReadHostAllChannels_intr
                0x0800399e        0x6 STM32_USB_OTG_Driver\usb_core.o
                0x0800399e                USB_OTG_ReadHostAllChannels_intr
 .text.USB_OTG_ResetPort
                0x080039a4       0x2c STM32_USB_OTG_Driver\usb_core.o
                0x080039a4                USB_OTG_ResetPort
 .text.USB_OTG_HC_Init
                0x080039d0       0xec STM32_USB_OTG_Driver\usb_core.o
                0x080039d0                USB_OTG_HC_Init
 .text.USB_OTG_HC_StartXfer
                0x08003abc      0x116 STM32_USB_OTG_Driver\usb_core.o
                0x08003abc                USB_OTG_HC_StartXfer
 .text.USB_OTG_HC_Halt
                0x08003bd2       0x3e STM32_USB_OTG_Driver\usb_core.o
                0x08003bd2                USB_OTG_HC_Halt
 .text.USB_OTG_HC_DoPing
                0x08003c10       0x28 STM32_USB_OTG_Driver\usb_core.o
                0x08003c10                USB_OTG_HC_DoPing
 .text.USBH_GetNextDesc
                0x08003c38        0xe STM32_USB_HOST_Library\Core\usbh_stdreq.o
 .text.USBH_GetDescriptor
                0x08003c46       0x34 STM32_USB_HOST_Library\Core\usbh_stdreq.o
                0x08003c46                USBH_GetDescriptor
 .text.USBH_Get_StringDesc
                0x08003c7a       0x50 STM32_USB_HOST_Library\Core\usbh_stdreq.o
                0x08003c7a                USBH_Get_StringDesc
 .text.USBH_Get_CfgDesc
                0x08003cca      0x140 STM32_USB_HOST_Library\Core\usbh_stdreq.o
                0x08003cca                USBH_Get_CfgDesc
 .text.USBH_Get_DevDesc
                0x08003e0a       0xac STM32_USB_HOST_Library\Core\usbh_stdreq.o
                0x08003e0a                USBH_Get_DevDesc
 .text.USBH_SetAddress
                0x08003eb6       0x1c STM32_USB_HOST_Library\Core\usbh_stdreq.o
                0x08003eb6                USBH_SetAddress
 .text.USBH_SetCfg
                0x08003ed2       0x1c STM32_USB_HOST_Library\Core\usbh_stdreq.o
                0x08003ed2                USBH_SetCfg
 .text.USBH_ClrFeature
                0x08003eee       0x36 STM32_USB_HOST_Library\Core\usbh_stdreq.o
                0x08003eee                USBH_ClrFeature
 .text.USBH_CtlReq
                0x08003f24       0x54 STM32_USB_HOST_Library\Core\usbh_ioreq.o
                0x08003f24                USBH_CtlReq
 .text.USBH_CtlSendSetup
                0x08003f78       0x2e STM32_USB_HOST_Library\Core\usbh_ioreq.o
                0x08003f78                USBH_CtlSendSetup
 .text.USBH_CtlSendData
                0x08003fa6       0x54 STM32_USB_HOST_Library\Core\usbh_ioreq.o
                0x08003fa6                USBH_CtlSendData
 .text.USBH_CtlReceiveData
                0x08003ffa       0x2c STM32_USB_HOST_Library\Core\usbh_ioreq.o
                0x08003ffa                USBH_CtlReceiveData
 .text.USBH_BulkSendData
                0x08004026       0x38 STM32_USB_HOST_Library\Core\usbh_ioreq.o
                0x08004026                USBH_BulkSendData
 .text.USBH_BulkReceiveData
                0x0800405e       0x38 STM32_USB_HOST_Library\Core\usbh_ioreq.o
                0x0800405e                USBH_BulkReceiveData
 .text.USBH_Open_Channel
                0x08004096       0x54 STM32_USB_HOST_Library\Core\usbh_hcs.o
                0x08004096                USBH_Open_Channel
 .text.USBH_Modify_Channel
                0x080040ea       0x3a STM32_USB_HOST_Library\Core\usbh_hcs.o
                0x080040ea                USBH_Modify_Channel
 .text.USBH_Alloc_Channel
                0x08004124       0x32 STM32_USB_HOST_Library\Core\usbh_hcs.o
                0x08004124                USBH_Alloc_Channel
 .text.USBH_Free_Channel
                0x08004156       0x18 STM32_USB_HOST_Library\Core\usbh_hcs.o
                0x08004156                USBH_Free_Channel
 .text.USBH_DeAllocate_AllChannel
                0x0800416e       0x1e STM32_USB_HOST_Library\Core\usbh_hcs.o
                0x0800416e                USBH_DeAllocate_AllChannel
 .text.USBH_Connect
                0x0800418c       0x12 STM32_USB_HOST_Library\Core\usbh_core.o
                0x0800418c                USBH_Connect
 .text.USBH_Disconnect
                0x0800419e       0x12 STM32_USB_HOST_Library\Core\usbh_core.o
                0x0800419e                USBH_Disconnect
 .text.USBH_DeInit
                0x080041b0       0x32 STM32_USB_HOST_Library\Core\usbh_core.o
                0x080041b0                USBH_DeInit
 *fill*         0x080041e2        0x2 00
 .text.USBH_Init
                0x080041e4       0x54 STM32_USB_HOST_Library\Core\usbh_core.o
                0x080041e4                USBH_Init
 .text.USBH_ErrorHandle
                0x08004238       0x2c STM32_USB_HOST_Library\Core\usbh_core.o
                0x08004238                USBH_ErrorHandle
 .text.USBH_HandleControl
                0x08004264      0x1c8 STM32_USB_HOST_Library\Core\usbh_core.o
                0x08004264                USBH_HandleControl
 .text.USBH_Process
                0x0800442c      0x320 STM32_USB_HOST_Library\Core\usbh_core.o
                0x0800442c                USBH_Process
 .text.USBH_MSC_TestUnitReady
                0x0800474c       0x84 STM32_USB_HOST_Library\Class\MSC\usbh_msc_scsi.o
                0x0800474c                USBH_MSC_TestUnitReady
 .text.USBH_MSC_ReadCapacity10
                0x080047d0       0xa8 STM32_USB_HOST_Library\Class\MSC\usbh_msc_scsi.o
                0x080047d0                USBH_MSC_ReadCapacity10
 .text.USBH_MSC_ModeSense6
                0x08004878       0xa8 STM32_USB_HOST_Library\Class\MSC\usbh_msc_scsi.o
                0x08004878                USBH_MSC_ModeSense6
 .text.USBH_MSC_RequestSense
                0x08004920       0xa4 STM32_USB_HOST_Library\Class\MSC\usbh_msc_scsi.o
                0x08004920                USBH_MSC_RequestSense
 .text.USBH_MSC_Write10
                0x080049c4       0xa0 STM32_USB_HOST_Library\Class\MSC\usbh_msc_scsi.o
                0x080049c4                USBH_MSC_Write10
 .text.USBH_MSC_Read10
                0x08004a64       0xdc STM32_USB_HOST_Library\Class\MSC\usbh_msc_scsi.o
                0x08004a64                USBH_MSC_Read10
 .text.disk_initialize
                0x08004b40       0x20 STM32_USB_HOST_Library\Class\MSC\usbh_msc_fatfs.o
                0x08004b40                disk_initialize
 .text.disk_status
                0x08004b60       0x10 STM32_USB_HOST_Library\Class\MSC\usbh_msc_fatfs.o
                0x08004b60                disk_status
 .text.disk_read
                0x08004b70       0x64 STM32_USB_HOST_Library\Class\MSC\usbh_msc_fatfs.o
                0x08004b70                disk_read
 .text.disk_write
                0x08004bd4       0x70 STM32_USB_HOST_Library\Class\MSC\usbh_msc_fatfs.o
                0x08004bd4                disk_write
 .text.disk_ioctl
                0x08004c44       0x48 STM32_USB_HOST_Library\Class\MSC\usbh_msc_fatfs.o
                0x08004c44                disk_ioctl
 .text.USBH_MSC_ClassRequest
                0x08004c8c        0xc STM32_USB_HOST_Library\Class\MSC\usbh_msc_core.o
 .text.USBH_MSC_InterfaceDeInit
                0x08004c98       0x38 STM32_USB_HOST_Library\Class\MSC\usbh_msc_core.o
 .text.USBH_MSC_InterfaceInit
                0x08004cd0       0xa4 STM32_USB_HOST_Library\Class\MSC\usbh_msc_core.o
 .text.USBH_MSC_ErrorHandle
                0x08004d74       0x38 STM32_USB_HOST_Library\Class\MSC\usbh_msc_core.o
                0x08004d74                USBH_MSC_ErrorHandle
 .text.USBH_MSC_Handle
                0x08004dac      0x158 STM32_USB_HOST_Library\Class\MSC\usbh_msc_core.o
 .text.USBH_MSC_Init
                0x08004f04       0x40 STM32_USB_HOST_Library\Class\MSC\usbh_msc_bot.o
                0x08004f04                USBH_MSC_Init
 .text.USBH_MSC_BOT_Abort
                0x08004f44       0x38 STM32_USB_HOST_Library\Class\MSC\usbh_msc_bot.o
                0x08004f44                USBH_MSC_BOT_Abort
 .text.USBH_MSC_DecodeCSW
                0x08004f7c       0x60 STM32_USB_HOST_Library\Class\MSC\usbh_msc_bot.o
                0x08004f7c                USBH_MSC_DecodeCSW
 .text.USBH_MSC_HandleBOTXfer
                0x08004fdc      0x268 STM32_USB_HOST_Library\Class\MSC\usbh_msc_bot.o
                0x08004fdc                USBH_MSC_HandleBOTXfer
 .text.TIM_TimeBaseInit
                0x08005244       0x8c STM32F4xx_StdPeriph_Driver\stm32f4xx_tim.o
                0x08005244                TIM_TimeBaseInit
 .text.TIM_ARRPreloadConfig
                0x080052d0       0x1a STM32F4xx_StdPeriph_Driver\stm32f4xx_tim.o
                0x080052d0                TIM_ARRPreloadConfig
 .text.TIM_Cmd  0x080052ea       0x1a STM32F4xx_StdPeriph_Driver\stm32f4xx_tim.o
                0x080052ea                TIM_Cmd
 .text.TIM_OC1Init
                0x08005304       0x84 STM32F4xx_StdPeriph_Driver\stm32f4xx_tim.o
                0x08005304                TIM_OC1Init
 .text.TIM_SetCompare1
                0x08005388        0x4 STM32F4xx_StdPeriph_Driver\stm32f4xx_tim.o
                0x08005388                TIM_SetCompare1
 .text.TIM_OC1PreloadConfig
                0x0800538c       0x12 STM32F4xx_StdPeriph_Driver\stm32f4xx_tim.o
                0x0800538c                TIM_OC1PreloadConfig
 .text.TIM_GetCapture1
                0x0800539e        0x4 STM32F4xx_StdPeriph_Driver\stm32f4xx_tim.o
                0x0800539e                TIM_GetCapture1
 .text.TIM_ITConfig
                0x080053a2       0x16 STM32F4xx_StdPeriph_Driver\stm32f4xx_tim.o
                0x080053a2                TIM_ITConfig
 .text.TIM_GetITStatus
                0x080053b8       0x16 STM32F4xx_StdPeriph_Driver\stm32f4xx_tim.o
                0x080053b8                TIM_GetITStatus
 .text.TIM_ClearITPendingBit
                0x080053ce        0x8 STM32F4xx_StdPeriph_Driver\stm32f4xx_tim.o
                0x080053ce                TIM_ClearITPendingBit
 *fill*         0x080053d6        0x2 00
 .text.SYSCFG_EXTILineConfig
                0x080053d8       0x34 STM32F4xx_StdPeriph_Driver\stm32f4xx_syscfg.o
                0x080053d8                SYSCFG_EXTILineConfig
 .text.SPI_I2S_DeInit
                0x0800540c       0x64 STM32F4xx_StdPeriph_Driver\stm32f4xx_spi.o
                0x0800540c                SPI_I2S_DeInit
 .text.SPI_Init
                0x08005470       0x42 STM32F4xx_StdPeriph_Driver\stm32f4xx_spi.o
                0x08005470                SPI_Init
 *fill*         0x080054b2        0x2 00
 .text.I2S_Init
                0x080054b4       0xdc STM32F4xx_StdPeriph_Driver\stm32f4xx_spi.o
                0x080054b4                I2S_Init
 .text.SPI_Cmd  0x08005590       0x1a STM32F4xx_StdPeriph_Driver\stm32f4xx_spi.o
                0x08005590                SPI_Cmd
 .text.I2S_Cmd  0x080055aa       0x1a STM32F4xx_StdPeriph_Driver\stm32f4xx_spi.o
                0x080055aa                I2S_Cmd
 .text.SPI_I2S_ReceiveData
                0x080055c4        0x6 STM32F4xx_StdPeriph_Driver\stm32f4xx_spi.o
                0x080055c4                SPI_I2S_ReceiveData
 .text.SPI_I2S_SendData
                0x080055ca        0x4 STM32F4xx_StdPeriph_Driver\stm32f4xx_spi.o
                0x080055ca                SPI_I2S_SendData
 .text.SPI_I2S_DMACmd
                0x080055ce       0x16 STM32F4xx_StdPeriph_Driver\stm32f4xx_spi.o
                0x080055ce                SPI_I2S_DMACmd
 .text.SPI_I2S_ITConfig
                0x080055e4       0x1e STM32F4xx_StdPeriph_Driver\stm32f4xx_spi.o
                0x080055e4                SPI_I2S_ITConfig
 .text.SPI_I2S_GetFlagStatus
                0x08005602        0xc STM32F4xx_StdPeriph_Driver\stm32f4xx_spi.o
                0x08005602                SPI_I2S_GetFlagStatus
 .text.SPI_I2S_GetITStatus
                0x0800560e       0x26 STM32F4xx_StdPeriph_Driver\stm32f4xx_spi.o
                0x0800560e                SPI_I2S_GetITStatus
 .text.RCC_GetClocksFreq
                0x08005634       0xac STM32F4xx_StdPeriph_Driver\stm32f4xx_rcc.o
                0x08005634                RCC_GetClocksFreq
 .text.RCC_AHB1PeriphClockCmd
                0x080056e0       0x18 STM32F4xx_StdPeriph_Driver\stm32f4xx_rcc.o
                0x080056e0                RCC_AHB1PeriphClockCmd
 .text.RCC_AHB2PeriphClockCmd
                0x080056f8       0x18 STM32F4xx_StdPeriph_Driver\stm32f4xx_rcc.o
                0x080056f8                RCC_AHB2PeriphClockCmd
 .text.RCC_APB1PeriphClockCmd
                0x08005710       0x18 STM32F4xx_StdPeriph_Driver\stm32f4xx_rcc.o
                0x08005710                RCC_APB1PeriphClockCmd
 .text.RCC_APB2PeriphClockCmd
                0x08005728       0x18 STM32F4xx_StdPeriph_Driver\stm32f4xx_rcc.o
                0x08005728                RCC_APB2PeriphClockCmd
 .text.RCC_APB1PeriphResetCmd
                0x08005740       0x18 STM32F4xx_StdPeriph_Driver\stm32f4xx_rcc.o
                0x08005740                RCC_APB1PeriphResetCmd
 .text.RCC_APB2PeriphResetCmd
                0x08005758       0x18 STM32F4xx_StdPeriph_Driver\stm32f4xx_rcc.o
                0x08005758                RCC_APB2PeriphResetCmd
 .text.I2C_DeInit
                0x08005770       0x5c STM32F4xx_StdPeriph_Driver\stm32f4xx_i2c.o
                0x08005770                I2C_DeInit
 .text.I2C_Init
                0x080057cc       0xd8 STM32F4xx_StdPeriph_Driver\stm32f4xx_i2c.o
                0x080057cc                I2C_Init
 .text.I2C_Cmd  0x080058a4       0x1a STM32F4xx_StdPeriph_Driver\stm32f4xx_i2c.o
                0x080058a4                I2C_Cmd
 .text.I2C_GenerateSTART
                0x080058be       0x1a STM32F4xx_StdPeriph_Driver\stm32f4xx_i2c.o
                0x080058be                I2C_GenerateSTART
 .text.I2C_GenerateSTOP
                0x080058d8       0x1a STM32F4xx_StdPeriph_Driver\stm32f4xx_i2c.o
                0x080058d8                I2C_GenerateSTOP
 .text.I2C_Send7bitAddress
                0x080058f2       0x10 STM32F4xx_StdPeriph_Driver\stm32f4xx_i2c.o
                0x080058f2                I2C_Send7bitAddress
 .text.I2C_AcknowledgeConfig
                0x08005902       0x1a STM32F4xx_StdPeriph_Driver\stm32f4xx_i2c.o
                0x08005902                I2C_AcknowledgeConfig
 .text.I2C_SendData
                0x0800591c        0x4 STM32F4xx_StdPeriph_Driver\stm32f4xx_i2c.o
                0x0800591c                I2C_SendData
 .text.I2C_ReceiveData
                0x08005920        0x6 STM32F4xx_StdPeriph_Driver\stm32f4xx_i2c.o
                0x08005920                I2C_ReceiveData
 .text.I2C_CheckEvent
                0x08005926       0x1a STM32F4xx_StdPeriph_Driver\stm32f4xx_i2c.o
                0x08005926                I2C_CheckEvent
 .text.I2C_GetFlagStatus
                0x08005940       0x34 STM32F4xx_StdPeriph_Driver\stm32f4xx_i2c.o
                0x08005940                I2C_GetFlagStatus
 .text.I2C_ClearFlag
                0x08005974        0x8 STM32F4xx_StdPeriph_Driver\stm32f4xx_i2c.o
                0x08005974                I2C_ClearFlag
 .text.GPIO_Init
                0x0800597c       0x86 STM32F4xx_StdPeriph_Driver\stm32f4xx_gpio.o
                0x0800597c                GPIO_Init
 .text.GPIO_SetBits
                0x08005a02        0x4 STM32F4xx_StdPeriph_Driver\stm32f4xx_gpio.o
                0x08005a02                GPIO_SetBits
 .text.GPIO_ResetBits
                0x08005a06        0x4 STM32F4xx_StdPeriph_Driver\stm32f4xx_gpio.o
                0x08005a06                GPIO_ResetBits
 .text.GPIO_WriteBit
                0x08005a0a        0xa STM32F4xx_StdPeriph_Driver\stm32f4xx_gpio.o
                0x08005a0a                GPIO_WriteBit
 .text.GPIO_PinAFConfig
                0x08005a14       0x2e STM32F4xx_StdPeriph_Driver\stm32f4xx_gpio.o
                0x08005a14                GPIO_PinAFConfig
 *fill*         0x08005a42        0x2 00
 .text.EXTI_Init
                0x08005a44       0x7c STM32F4xx_StdPeriph_Driver\stm32f4xx_exti.o
                0x08005a44                EXTI_Init
 .text.EXTI_GetITStatus
                0x08005ac0       0x1c STM32F4xx_StdPeriph_Driver\stm32f4xx_exti.o
                0x08005ac0                EXTI_GetITStatus
 .text.EXTI_ClearITPendingBit
                0x08005adc        0xc STM32F4xx_StdPeriph_Driver\stm32f4xx_exti.o
                0x08005adc                EXTI_ClearITPendingBit
 .text.DMA_DeInit
                0x08005ae8      0x118 STM32F4xx_StdPeriph_Driver\stm32f4xx_dma.o
                0x08005ae8                DMA_DeInit
 .text.DMA_Init
                0x08005c00       0x5c STM32F4xx_StdPeriph_Driver\stm32f4xx_dma.o
                0x08005c00                DMA_Init
 .text.DMA_Cmd  0x08005c5c       0x14 STM32F4xx_StdPeriph_Driver\stm32f4xx_dma.o
                0x08005c5c                DMA_Cmd
 .text.DMA_GetCmdStatus
                0x08005c70        0x8 STM32F4xx_StdPeriph_Driver\stm32f4xx_dma.o
                0x08005c70                DMA_GetCmdStatus
 .text.DMA_GetFlagStatus
                0x08005c78       0x38 STM32F4xx_StdPeriph_Driver\stm32f4xx_dma.o
                0x08005c78                DMA_GetFlagStatus
 .text.DMA_ClearFlag
                0x08005cb0       0x30 STM32F4xx_StdPeriph_Driver\stm32f4xx_dma.o
                0x08005cb0                DMA_ClearFlag
 .text.DMA_ITConfig
                0x08005ce0       0x34 STM32F4xx_StdPeriph_Driver\stm32f4xx_dma.o
                0x08005ce0                DMA_ITConfig
 .text.DAC_Init
                0x08005d14       0x30 STM32F4xx_StdPeriph_Driver\stm32f4xx_dac.o
                0x08005d14                DAC_Init
 .text.DAC_Cmd  0x08005d44       0x20 STM32F4xx_StdPeriph_Driver\stm32f4xx_dac.o
                0x08005d44                DAC_Cmd
 .text.DAC_SetChannel1Data
                0x08005d64       0x20 STM32F4xx_StdPeriph_Driver\stm32f4xx_dac.o
                0x08005d64                DAC_SetChannel1Data
 .text.NVIC_PriorityGroupConfig
                0x08005d84       0x14 STM32F4xx_StdPeriph_Driver\misc.o
                0x08005d84                NVIC_PriorityGroupConfig
 .text.NVIC_Init
                0x08005d98       0x68 STM32F4xx_StdPeriph_Driver\misc.o
                0x08005d98                NVIC_Init
 .text.NVIC_SetVectorTable
                0x08005e00       0x14 STM32F4xx_StdPeriph_Driver\misc.o
                0x08005e00                NVIC_SetVectorTable
 .text.LIS302DL_SendByte
                0x08005e14       0x60 STM32F4-Discovery\stm32f4_discovery_lis302dl.o
 .text.LIS302DL_Write
                0x08005e74       0x40 STM32F4-Discovery\stm32f4_discovery_lis302dl.o
                0x08005e74                LIS302DL_Write
 .text.LIS302DL_Init
                0x08005eb4      0x15c STM32F4-Discovery\stm32f4_discovery_lis302dl.o
                0x08005eb4                LIS302DL_Init
 .text.LIS302DL_Read
                0x08006010       0x44 STM32F4-Discovery\stm32f4_discovery_lis302dl.o
                0x08006010                LIS302DL_Read
 .text.LIS302DL_InterruptConfig
                0x08006054       0x32 STM32F4-Discovery\stm32f4_discovery_lis302dl.o
                0x08006054                LIS302DL_InterruptConfig
 .text.Delay    0x08006086       0x16 STM32F4-Discovery\stm32f4_discovery_audio_codec.o
 .text.Audio_MAL_IRQHandler
                0x0800609c       0xb4 STM32F4-Discovery\stm32f4_discovery_audio_codec.o
 .text.Codec_WriteRegister
                0x08006150      0x244 STM32F4-Discovery\stm32f4_discovery_audio_codec.o
 .text.Codec_Mute
                0x08006394       0x18 STM32F4-Discovery\stm32f4_discovery_audio_codec.o
 .text.Codec_VolumeCtrl
                0x080063ac       0x3a STM32F4-Discovery\stm32f4_discovery_audio_codec.o
 *fill*         0x080063e6        0x2 00
 .text.Codec_Reset
                0x080063e8       0x28 STM32F4-Discovery\stm32f4_discovery_audio_codec.o
 .text.EVAL_AUDIO_SetAudioInterface
                0x08006410       0xe4 STM32F4-Discovery\stm32f4_discovery_audio_codec.o
                0x08006410                EVAL_AUDIO_SetAudioInterface
 .text.EVAL_AUDIO_PauseResume
                0x080064f4       0x88 STM32F4-Discovery\stm32f4_discovery_audio_codec.o
                0x080064f4                EVAL_AUDIO_PauseResume
 .text.EVAL_AUDIO_Stop
                0x0800657c       0x9c STM32F4-Discovery\stm32f4_discovery_audio_codec.o
                0x0800657c                EVAL_AUDIO_Stop
 .text.DMA1_Stream7_IRQHandler
                0x08006618        0x4 STM32F4-Discovery\stm32f4_discovery_audio_codec.o
                0x08006618                DMA1_Stream7_IRQHandler
 .text.DMA1_Stream0_IRQHandler
                0x0800661c        0x4 STM32F4-Discovery\stm32f4_discovery_audio_codec.o
                0x0800661c                DMA1_Stream0_IRQHandler
 .text.SPI3_IRQHandler
                0x08006620       0x3c STM32F4-Discovery\stm32f4_discovery_audio_codec.o
                0x08006620                SPI3_IRQHandler
 .text.Audio_MAL_Play
                0x0800665c       0x5c STM32F4-Discovery\stm32f4_discovery_audio_codec.o
                0x0800665c                Audio_MAL_Play
 .text.DAC_Config
                0x080066b8       0x50 STM32F4-Discovery\stm32f4_discovery_audio_codec.o
                0x080066b8                DAC_Config
 .text.EVAL_AUDIO_Init
                0x08006708      0x39c STM32F4-Discovery\stm32f4_discovery_audio_codec.o
                0x08006708                EVAL_AUDIO_Init
 .text.STM_EVAL_LEDInit
                0x08006aa4       0x48 STM32F4-Discovery\stm32f4_discovery.o
                0x08006aa4                STM_EVAL_LEDInit
 .text.STM_EVAL_LEDOn
                0x08006aec       0x18 STM32F4-Discovery\stm32f4_discovery.o
                0x08006aec                STM_EVAL_LEDOn
 .text.STM_EVAL_LEDOff
                0x08006b04       0x18 STM32F4-Discovery\stm32f4_discovery.o
                0x08006b04                STM_EVAL_LEDOff
 .text.STM_EVAL_LEDToggle
                0x08006b1c       0x20 STM32F4-Discovery\stm32f4_discovery.o
                0x08006b1c                STM_EVAL_LEDToggle
 .text.STM_EVAL_PBInit
                0x08006b3c       0xa8 STM32F4-Discovery\stm32f4_discovery.o
                0x08006b3c                STM_EVAL_PBInit
 .text.mem_cpy  0x08006be4       0x10 FAT_FS\ff.o
 .text.mem_set  0x08006bf4        0xc FAT_FS\ff.o
 .text.move_window
                0x08006c00       0x7c FAT_FS\ff.o
 .text.sync     0x08006c7c       0xb2 FAT_FS\ff.o
 *fill*         0x08006d2e        0x2 00
 .text.check_fs
                0x08006d30       0x88 FAT_FS\ff.o
 .text.validate
                0x08006db8       0x26 FAT_FS\ff.o
 .text.get_fat  0x08006dde       0xfe FAT_FS\ff.o
                0x08006dde                get_fat
 .text.put_fat  0x08006edc      0x118 FAT_FS\ff.o
                0x08006edc                put_fat
 .text.create_chain
                0x08006ff4       0xa2 FAT_FS\ff.o
 .text.remove_chain
                0x08007096       0x5a FAT_FS\ff.o
 .text.clust2sect
                0x080070f0       0x18 FAT_FS\ff.o
                0x080070f0                clust2sect
 .text.dir_seek
                0x08007108       0xa6 FAT_FS\ff.o
 .text.dir_remove
                0x080071ae       0x24 FAT_FS\ff.o
 .text.dir_next
                0x080071d2      0x11c FAT_FS\ff.o
 *fill*         0x080072ee        0x2 00
 .text.follow_path
                0x080072f0      0x198 FAT_FS\ff.o
 .text.dir_register
                0x08007488       0x68 FAT_FS\ff.o
 .text.dir_read
                0x080074f0       0x4a FAT_FS\ff.o
 *fill*         0x0800753a        0x2 00
 .text.chk_mounted
                0x0800753c      0x2e4 FAT_FS\ff.o
                0x0800753c                chk_mounted
 .text.f_mount  0x08007820       0x20 FAT_FS\ff.o
                0x08007820                f_mount
 .text.f_open   0x08007840      0x15a FAT_FS\ff.o
                0x08007840                f_open
 .text.f_read   0x0800799a      0x18c FAT_FS\ff.o
                0x0800799a                f_read
 .text.f_write  0x08007b26      0x1bc FAT_FS\ff.o
                0x08007b26                f_write
 .text.f_sync   0x08007ce2       0xa4 FAT_FS\ff.o
                0x08007ce2                f_sync
 .text.f_close  0x08007d86        0xe FAT_FS\ff.o
                0x08007d86                f_close
 .text.f_lseek  0x08007d94      0x186 FAT_FS\ff.o
                0x08007d94                f_lseek
 .text.f_opendir
                0x08007f1a       0x62 FAT_FS\ff.o
                0x08007f1a                f_opendir
 .text.f_unlink
                0x08007f7c       0xa0 FAT_FS\ff.o
                0x08007f7c                f_unlink
 .text.get_fattime
                0x0800801c        0x4 FAT_FS\fattime.o
                0x0800801c                get_fattime
 .text.PDM_Filter_Init
                0x08008020      0x108 ../../../../../Utilities/STM32F4-Discovery\libPDMFilter_GCC.a(pdm_filter.o)
                0x08008020                PDM_Filter_Init
 .text.PDM_Filter_64_LSB
                0x08008128      0x2e4 ../../../../../Utilities/STM32F4-Discovery\libPDMFilter_GCC.a(pdm_filter.o)
                0x08008128                PDM_Filter_64_LSB
 .text.__libc_init_array
                0x0800840c       0x48 c:/program files/atollic/truestudio for stmicroelectronics stm32 lite 2.2.0/armtools/bin/../lib/gcc/arm-atollic-eabi/4.5.1/../../../../arm-atollic-eabi/lib/thumb/thumb2\libc.a(lib_a-init.o)
                0x0800840c                __libc_init_array
 *(.rodata)
 *(.rodata*)
 .rodata.str1.1
                0x08008454        0xa User\waverecorder.o
 .rodata.str1.1
                0x0800845e        0xc User\waveplayer.o
                                 0x16 (size before relaxing)
 .rodata.str1.1
                0x0800846a        0x4 STM32_USB_HOST_Library\Core\usbh_core.o
 *fill*         0x0800846e        0x2 00
 .rodata.BUTTON_CLK
                0x08008470        0x4 STM32F4-Discovery\stm32f4_discovery.o
                0x08008470                BUTTON_CLK
 .rodata.BUTTON_PIN
                0x08008474        0x2 STM32F4-Discovery\stm32f4_discovery.o
                0x08008474                BUTTON_PIN
 *fill*         0x08008476        0x2 00
 .rodata.GPIO_CLK
                0x08008478       0x10 STM32F4-Discovery\stm32f4_discovery.o
                0x08008478                GPIO_CLK
 .rodata.GPIO_PIN
                0x08008488        0x8 STM32F4-Discovery\stm32f4_discovery.o
                0x08008488                GPIO_PIN
 .rodata.BUTTON_PORT_SOURCE
                0x08008490        0x1 STM32F4-Discovery\stm32f4_discovery.o
                0x08008490                BUTTON_PORT_SOURCE
 .rodata.BUTTON_PIN_SOURCE
                0x08008491        0x1 STM32F4-Discovery\stm32f4_discovery.o
                0x08008491                BUTTON_PIN_SOURCE
 .rodata.BUTTON_IRQn
                0x08008492        0x1 STM32F4-Discovery\stm32f4_discovery.o
                0x08008492                BUTTON_IRQn
 *fill*         0x08008493        0x1 00
 .rodata.BUTTON_EXTI_LINE
                0x08008494        0x2 STM32F4-Discovery\stm32f4_discovery.o
                0x08008494                BUTTON_EXTI_LINE
 .rodata.cvt.6243
                0x08008496       0x80 FAT_FS\ff.o
 .rodata.str1.1
                0x08008516       0x33 FAT_FS\ff.o
 *(.glue_7)
 .glue_7        0x00000000        0x0 linker stubs
 *(.glue_7t)
 .glue_7t       0x00000000        0x0 linker stubs
 *(.eh_frame)
 *(.init)
 *fill*         0x08008549        0x3 00
 .init          0x0800854c        0x4 c:/program files/atollic/truestudio for stmicroelectronics stm32 lite 2.2.0/armtools/bin/../lib/gcc/arm-atollic-eabi/4.5.1/thumb/thumb2/crti.o
                0x0800854c                _init
 .init          0x08008550        0x8 c:/program files/atollic/truestudio for stmicroelectronics stm32 lite 2.2.0/armtools/bin/../lib/gcc/arm-atollic-eabi/4.5.1/thumb/thumb2/crtn.o
 *(.fini)
 .fini          0x08008558        0x4 c:/program files/atollic/truestudio for stmicroelectronics stm32 lite 2.2.0/armtools/bin/../lib/gcc/arm-atollic-eabi/4.5.1/thumb/thumb2/crti.o
                0x08008558                _fini
 .fini          0x0800855c        0x8 c:/program files/atollic/truestudio for stmicroelectronics stm32 lite 2.2.0/armtools/bin/../lib/gcc/arm-atollic-eabi/4.5.1/thumb/thumb2/crtn.o
                0x08008564                . = ALIGN (0x4)
                0x08008564                _etext = .

.vfp11_veneer   0x08008564        0x0
 .vfp11_veneer  0x00000000        0x0 linker stubs

.v4_bx          0x08008564        0x0
 .v4_bx         0x00000000        0x0 linker stubs

.ARM.extab
 *(.ARM.extab* .gnu.linkonce.armextab.*)

.ARM            0x08008564        0x0
                0x08008564                __exidx_start = .
 *(.ARM.exidx*)
                0x08008564                __exidx_end = .

.preinit_array  0x08008564        0x0
                0x08008564                PROVIDE (__preinit_array_start, .)
 *(.preinit_array*)
                0x08008564                PROVIDE (__preinit_array_end, .)

.init_array     0x08008564        0x4
                0x08008564                PROVIDE (__init_array_start, .)
 *(SORT(.init_array.*))
 *(.init_array*)
 .init_array    0x08008564        0x4 c:/program files/atollic/truestudio for stmicroelectronics stm32 lite 2.2.0/armtools/bin/../lib/gcc/arm-atollic-eabi/4.5.1/thumb/thumb2/crtbegin.o
                0x08008568                PROVIDE (__init_array_end, .)

.fini_array     0x08008568        0x4
                0x08008568                PROVIDE (__fini_array_start, .)
 *(.fini_array*)
 .fini_array    0x08008568        0x4 c:/program files/atollic/truestudio for stmicroelectronics stm32 lite 2.2.0/armtools/bin/../lib/gcc/arm-atollic-eabi/4.5.1/thumb/thumb2/crtbegin.o
 *(SORT(.fini_array.*))
                0x0800856c                PROVIDE (__fini_array_end, .)
                0x0800856c                _sidata = .

.data           0x20000000      0x3d8 load address 0x0800856c
                0x20000000                . = ALIGN (0x4)
                0x20000000                _sdata = .
 *(.data)
 *(.data*)
 .data.AudioRecChnlNbr
                0x20000000        0x4 User\waverecorder.o
                0x20000000                AudioRecChnlNbr
 .data.AudioRecBitRes
                0x20000004        0x4 User\waverecorder.o
                0x20000004                AudioRecBitRes
 .data.volume   0x20000008        0x1 User\waveplayer.o
                0x20000008                volume
 .data.buffer_switch
                0x20000009        0x1 User\waveplayer.o
                0x20000009                buffer_switch
 .data.WaveFileStatus
                0x2000000a        0x1 User\waveplayer.o
                0x2000000a                WaveFileStatus
 *fill*         0x2000000b        0x1 00
 .data.USR_Callbacks
                0x2000000c       0x48 User\usbh_usr.o
                0x2000000c                USR_Callbacks
 .data.SystemCoreClock
                0x20000054        0x4 User\system_stm32f4xx.o
                0x20000054                SystemCoreClock
 .data.PauseResumeStatus
                0x20000058        0x1 User\stm32f4xx_it.o
                0x20000058                PauseResumeStatus
 *fill*         0x20000059        0x1 00
 .data.CCR_Val  0x2000005a        0x2 User\main.o
                0x2000005a                CCR_Val
 .data.USBH_DeviceConnStatus_cb
                0x2000005c        0xc STM32_USB_HOST_Library\Core\usbh_core.o
                0x2000005c                USBH_DeviceConnStatus_cb
 .data.status.5969
                0x20000068        0x1 STM32_USB_HOST_Library\Class\MSC\usbh_msc_scsi.o
 .data.Stat     0x20000069        0x1 STM32_USB_HOST_Library\Class\MSC\usbh_msc_fatfs.o
 *fill*         0x2000006a        0x2 00
 .data.USBH_MSC_cb
                0x2000006c       0x10 STM32_USB_HOST_Library\Class\MSC\usbh_msc_core.o
                0x2000006c                USBH_MSC_cb
 .data.APBAHBPrescTable
                0x2000007c       0x10 STM32F4xx_StdPeriph_Driver\stm32f4xx_rcc.o
 .data.LIS302DLTimeout
                0x2000008c        0x4 STM32F4-Discovery\stm32f4_discovery_lis302dl.o
                0x2000008c                LIS302DLTimeout
 .data.AUDIO_MAL_DMA_IRQ
                0x20000090        0x4 STM32F4-Discovery\stm32f4_discovery_audio_codec.o
                0x20000090                AUDIO_MAL_DMA_IRQ
 .data.AUDIO_MAL_DMA_FLAG_FE
                0x20000094        0x4 STM32F4-Discovery\stm32f4_discovery_audio_codec.o
                0x20000094                AUDIO_MAL_DMA_FLAG_FE
 .data.AUDIO_MAL_DMA_FLAG_HT
                0x20000098        0x4 STM32F4-Discovery\stm32f4_discovery_audio_codec.o
                0x20000098                AUDIO_MAL_DMA_FLAG_HT
 .data.AUDIO_MAL_DMA_FLAG_TC
                0x2000009c        0x4 STM32F4-Discovery\stm32f4_discovery_audio_codec.o
                0x2000009c                AUDIO_MAL_DMA_FLAG_TC
 .data.AUDIO_MAL_DMA_DREG
                0x200000a0        0x4 STM32F4-Discovery\stm32f4_discovery_audio_codec.o
                0x200000a0                AUDIO_MAL_DMA_DREG
 .data.AUDIO_MAL_DMA_FLAG_TE
                0x200000a4        0x4 STM32F4-Discovery\stm32f4_discovery_audio_codec.o
                0x200000a4                AUDIO_MAL_DMA_FLAG_TE
 .data.AUDIO_MAL_DMA_CLOCK
                0x200000a8        0x4 STM32F4-Discovery\stm32f4_discovery_audio_codec.o
                0x200000a8                AUDIO_MAL_DMA_CLOCK
 .data.AUDIO_MAL_DMA_FLAG_DME
                0x200000ac        0x4 STM32F4-Discovery\stm32f4_discovery_audio_codec.o
                0x200000ac                AUDIO_MAL_DMA_FLAG_DME
 .data.AUDIO_MAL_DMA_STREAM
                0x200000b0        0x4 STM32F4-Discovery\stm32f4_discovery_audio_codec.o
                0x200000b0                AUDIO_MAL_DMA_STREAM
 .data.AudioTotalSize
                0x200000b4        0x4 STM32F4-Discovery\stm32f4_discovery_audio_codec.o
                0x200000b4                AudioTotalSize
 .data.CurrAudioInterface
                0x200000b8        0x4 STM32F4-Discovery\stm32f4_discovery_audio_codec.o
                0x200000b8                CurrAudioInterface
 .data.AudioRemSize
                0x200000bc        0x4 STM32F4-Discovery\stm32f4_discovery_audio_codec.o
                0x200000bc                AudioRemSize
 .data.CODECTimeout
                0x200000c0        0x4 STM32F4-Discovery\stm32f4_discovery_audio_codec.o
                0x200000c0                CODECTimeout
 .data.GPIO_PORT
                0x200000c4       0x10 STM32F4-Discovery\stm32f4_discovery.o
                0x200000c4                GPIO_PORT
 .data.BUTTON_PORT
                0x200000d4        0x4 STM32F4-Discovery\stm32f4_discovery.o
                0x200000d4                BUTTON_PORT
 .data.T0       0x200000d8      0x100 ../../../../../Utilities/STM32F4-Discovery\libPDMFilter_GCC.a(pdm_filter.o)
                0x200000d8                T0
 .data.T1       0x200001d8      0x100 ../../../../../Utilities/STM32F4-Discovery\libPDMFilter_GCC.a(pdm_filter.o)
                0x200001d8                T1
 .data.T2       0x200002d8      0x100 ../../../../../Utilities/STM32F4-Discovery\libPDMFilter_GCC.a(pdm_filter.o)
                0x200002d8                T2
                0x200003d8                . = ALIGN (0x4)
                0x200003d8                _edata = .

.jcr            0x200003d8        0x0 load address 0x08008944
 .jcr           0x200003d8        0x0 c:/program files/atollic/truestudio for stmicroelectronics stm32 lite 2.2.0/armtools/bin/../lib/gcc/arm-atollic-eabi/4.5.1/thumb/thumb2/crtbegin.o
                0x200003d8                . = ALIGN (0x4)

.bss            0x200003d8     0x4214 load address 0x08008944
                0x200003d8                _sbss = .
                0x200003d8                __bss_start__ = _sbss
 *(.bss)
 .bss           0x200003d8        0x1 c:/program files/atollic/truestudio for stmicroelectronics stm32 lite 2.2.0/armtools/bin/../lib/gcc/arm-atollic-eabi/4.5.1/thumb/thumb2/crtbegin.o
 *(.bss*)
 *fill*         0x200003d9        0x1 00
 .bss.InternalBuffer
                0x200003da       0x80 User\waverecorder.o
 *fill*         0x2000045a        0x2 00
 .bss.AudioRecCurrSize
                0x2000045c        0x4 User\waverecorder.o
                0x2000045c                AudioRecCurrSize
 .bss.buf_idx   0x20000460        0x2 User\waverecorder.o
                0x20000460                buf_idx
 .bss.buf_idx1  0x20000462        0x2 User\waverecorder.o
                0x20000462                buf_idx1
 .bss.InternalBufferSize
                0x20000464        0x4 User\waverecorder.o
 .bss.AudioRecInited
                0x20000468        0x4 User\waverecorder.o
 .bss.Data_Status
                0x2000046c        0x4 User\waverecorder.o
                0x2000046c                Data_Status
 .bss.WaveRecStatus
                0x20000470        0x1 User\waverecorder.o
                0x20000470                WaveRecStatus
 *fill*         0x20000471        0x1 00
 .bss.counter   0x20000472        0x2 User\waverecorder.o
                0x20000472                counter
 .bss.Switch    0x20000474        0x1 User\waverecorder.o
                0x20000474                Switch
 *fill*         0x20000475        0x3 00
 .bss.SpeechDataOffset
                0x20000478        0x4 User\waveplayer.o
 .bss.WaveFileName
                0x2000047c        0x4 User\waveplayer.o
 .bss.TimingDelay
                0x20000480        0x4 User\waveplayer.o
 .bss.buffer1   0x20000484      0x800 User\waveplayer.o
                0x20000484                buffer1
 .bss.buffer2   0x20000c84      0x800 User\waveplayer.o
                0x20000c84                buffer2
 .bss.WaveDataLength
                0x20001484        0x4 User\waveplayer.o
                0x20001484                WaveDataLength
 .bss.AudioPlayStart
                0x20001488        0x1 User\waveplayer.o
                0x20001488                AudioPlayStart
 *fill*         0x20001489        0x3 00
 .bss.XferCplt  0x2000148c        0x4 User\waveplayer.o
                0x2000148c                XferCplt
 .bss.Command_index
                0x20001490        0x1 User\usbh_usr.o
                0x20001490                Command_index
 .bss.USBH_USR_ApplicationState
                0x20001491        0x1 User\usbh_usr.o
 *fill*         0x20001492        0x2 00
 .bss.BSP_delay
                0x20001494        0x4 User\usb_bsp.o
                0x20001494                BSP_delay
 .bss.Time_Rec_Base
                0x20001498        0x2 User\stm32f4xx_it.o
                0x20001498                Time_Rec_Base
 .bss.Count     0x2000149a        0x1 User\stm32f4xx_it.o
                0x2000149a                Count
 *fill*         0x2000149b        0x1 00
 .bss.capture   0x2000149c        0x2 User\stm32f4xx_it.o
                0x2000149c                capture
 .bss.LED_Toggle
                0x2000149e        0x1 User\stm32f4xx_it.o
                0x2000149e                LED_Toggle
 .bss.RepeatState
                0x2000149f        0x1 User\main.o
                0x2000149f                RepeatState
 .bss.timeout.5855
                0x200014a0        0x2 STM32_USB_HOST_Library\Core\usbh_core.o
 .bss.maxLunExceed.5941
                0x200014a2        0x1 STM32_USB_HOST_Library\Class\MSC\usbh_msc_core.o
 .bss.MSCErrorCount
                0x200014a3        0x1 STM32_USB_HOST_Library\Class\MSC\usbh_msc_core.o
                0x200014a3                MSCErrorCount
 .bss.datapointer.5917
                0x200014a4        0x4 STM32_USB_HOST_Library\Class\MSC\usbh_msc_bot.o
 .bss.remainingDataLength.5916
                0x200014a8        0x4 STM32_USB_HOST_Library\Class\MSC\usbh_msc_bot.o
 .bss.error_direction.5918
                0x200014ac        0x1 STM32_USB_HOST_Library\Class\MSC\usbh_msc_bot.o
 *fill*         0x200014ad        0x3 00
 .bss.BOTStallErrorCount
                0x200014b0        0x4 STM32_USB_HOST_Library\Class\MSC\usbh_msc_bot.o
 .bss.AUDIO_MAL_DMA_CHANNEL
                0x200014b4        0x4 STM32F4-Discovery\stm32f4_discovery_audio_codec.o
                0x200014b4                AUDIO_MAL_DMA_CHANNEL
 .bss.OutputDev
                0x200014b8        0x1 STM32F4-Discovery\stm32f4_discovery_audio_codec.o
                0x200014b8                OutputDev
 *fill*         0x200014b9        0x1 00
 .bss.Fsid      0x200014ba        0x2 FAT_FS\ff.o
 .bss.FatFs     0x200014bc        0x4 FAT_FS\ff.o
 .bss.stm32_crc
                0x200014c0        0x4 ../../../../../Utilities/STM32F4-Discovery\libPDMFilter_GCC.a(pdm_filter.o)
                0x200014c0                stm32_crc
 *(COMMON)
 COMMON         0x200014c4     0x19f0 User\waverecorder.o
                0x200014c4                bytesWritten
                0x200014c8                writebuffer
                0x200014cc                pAudioRecBuf
                0x200014d0                RAM_Buf
                0x20002088                RecBuf1
                0x200020a8                RecBuf
                0x200020c8                Filter
                0x200020fc                RecBufHeader
                0x200022fc                RAM_Buf1
 COMMON         0x20002eb4       0x26 User\waveplayer.o
                0x20002eb4                WAVE_Format
                0x20002ecc                BytesRead
                0x20002ed0                WaveCounter
                0x20002ed4                Buffer
 *fill*         0x20002eda        0x2 00
 COMMON         0x20002edc      0xcac User\usbh_usr.o
                0x20002edc                fileR
                0x20003300                fno
                0x20003318                file
                0x2000373c                dir
                0x20003758                fatfs
 COMMON         0x20003b88      0x544 User\main.o
                0x20003b88                USB_OTG_Core
                0x20004038                RCC_Clocks
                0x20004048                USB_Host
 COMMON         0x200040cc      0x410 STM32_USB_HOST_Library\Class\MSC\usbh_msc_scsi.o
                0x200040cc                USBH_DataInBuffer
                0x200042cc                USBH_MSC_Param
                0x200042dc                USBH_DataOutBuffer
 COMMON         0x200044dc       0x52 STM32_USB_HOST_Library\Class\MSC\usbh_msc_core.o
                0x200044dc                MSC_Machine
                0x20004526                MSC_Setup
 *fill*         0x2000452e        0x2 00
 COMMON         0x20004530       0x40 STM32_USB_HOST_Library\Class\MSC\usbh_msc_bot.o
                0x20004530                USBH_MSC_CSWData
                0x20004540                USBH_MSC_BOTXferParam
                0x20004550                USBH_MSC_CBWData
 COMMON         0x20004570       0x7c STM32F4-Discovery\stm32f4_discovery_audio_codec.o
                0x20004570                CurrentPos
                0x20004574                AUDIO_MAL_DMA_InitStructure
                0x200045b0                DMA_InitStructure
                0x200045ec                . = ALIGN (0x4)
                0x200045ec                _ebss = .
                0x200045ec                __bss_end__ = _ebss

._user_heap_stack
                0x200045ec      0x400 load address 0x0800cb58
                0x200045ec                . = ALIGN (0x4)
                0x200045ec                PROVIDE (end, .)
                0x200045ec                PROVIDE (_end, .)
                0x200045ec                . = (. + _Min_Heap_Size)
                0x200049ec                . = (. + _Min_Stack_Size)
 *fill*         0x200045ec      0x400 00
                0x200049ec                . = ALIGN (0x4)

.memory_b1_text
 *(.mb1text)
 *(.mb1text*)
 *(.mb1rodata)
 *(.mb1rodata*)

/DISCARD/
 libc.a(*)
 libm.a(*)
 libgcc.a(*)

.ARM.attributes
                0x00000000       0x2d
 *(.ARM.attributes)
 .ARM.attributes
                0x00000000       0x19 c:/program files/atollic/truestudio for stmicroelectronics stm32 lite 2.2.0/armtools/bin/../lib/gcc/arm-atollic-eabi/4.5.1/thumb/thumb2/crti.o
 .ARM.attributes
                0x00000019       0x29 c:/program files/atollic/truestudio for stmicroelectronics stm32 lite 2.2.0/armtools/bin/../lib/gcc/arm-atollic-eabi/4.5.1/thumb/thumb2/crtbegin.o
 .ARM.attributes
                0x00000042       0x31 User\waverecorder.o
 .ARM.attributes
                0x00000073       0x31 User\waveplayer.o
 .ARM.attributes
                0x000000a4       0x31 User\usbh_usr.o
 .ARM.attributes
                0x000000d5       0x31 User\usb_bsp.o
 .ARM.attributes
                0x00000106       0x31 User\system_stm32f4xx.o
 .ARM.attributes
                0x00000137       0x31 User\stm32f4xx_it.o
 .ARM.attributes
                0x00000168       0x31 User\main.o
 .ARM.attributes
                0x00000199       0x21 TrueSTUDIO\startup_stm32f4xx.o
 .ARM.attributes
                0x000001ba       0x31 STM32_USB_OTG_Driver\usb_hcd_int.o
 .ARM.attributes
                0x000001eb       0x31 STM32_USB_OTG_Driver\usb_hcd.o
 .ARM.attributes
                0x0000021c       0x31 STM32_USB_OTG_Driver\usb_core.o
 .ARM.attributes
                0x0000024d       0x31 STM32_USB_HOST_Library\Core\usbh_stdreq.o
 .ARM.attributes
                0x0000027e       0x31 STM32_USB_HOST_Library\Core\usbh_ioreq.o
 .ARM.attributes
                0x000002af       0x31 STM32_USB_HOST_Library\Core\usbh_hcs.o
 .ARM.attributes
                0x000002e0       0x31 STM32_USB_HOST_Library\Core\usbh_core.o
 .ARM.attributes
                0x00000311       0x31 STM32_USB_HOST_Library\Class\MSC\usbh_msc_scsi.o
 .ARM.attributes
                0x00000342       0x31 STM32_USB_HOST_Library\Class\MSC\usbh_msc_fatfs.o
 .ARM.attributes
                0x00000373       0x31 STM32_USB_HOST_Library\Class\MSC\usbh_msc_core.o
 .ARM.attributes
                0x000003a4       0x31 STM32_USB_HOST_Library\Class\MSC\usbh_msc_bot.o
 .ARM.attributes
                0x000003d5       0x31 STM32F4xx_StdPeriph_Driver\stm32f4xx_tim.o
 .ARM.attributes
                0x00000406       0x31 STM32F4xx_StdPeriph_Driver\stm32f4xx_syscfg.o
 .ARM.attributes
                0x00000437       0x31 STM32F4xx_StdPeriph_Driver\stm32f4xx_spi.o
 .ARM.attributes
                0x00000468       0x31 STM32F4xx_StdPeriph_Driver\stm32f4xx_rcc.o
 .ARM.attributes
                0x00000499       0x31 STM32F4xx_StdPeriph_Driver\stm32f4xx_i2c.o
 .ARM.attributes
                0x000004ca       0x31 STM32F4xx_StdPeriph_Driver\stm32f4xx_gpio.o
 .ARM.attributes
                0x000004fb       0x31 STM32F4xx_StdPeriph_Driver\stm32f4xx_flash.o
 .ARM.attributes
                0x0000052c       0x31 STM32F4xx_StdPeriph_Driver\stm32f4xx_exti.o
 .ARM.attributes
                0x0000055d       0x31 STM32F4xx_StdPeriph_Driver\stm32f4xx_dma.o
 .ARM.attributes
                0x0000058e       0x31 STM32F4xx_StdPeriph_Driver\stm32f4xx_dac.o
 .ARM.attributes
                0x000005bf       0x31 STM32F4xx_StdPeriph_Driver\stm32f4xx_adc.o
 .ARM.attributes
                0x000005f0       0x31 STM32F4xx_StdPeriph_Driver\misc.o
 .ARM.attributes
                0x00000621       0x31 STM32F4-Discovery\stm32f4_discovery_lis302dl.o
 .ARM.attributes
                0x00000652       0x31 STM32F4-Discovery\stm32f4_discovery_audio_codec.o
 .ARM.attributes
                0x00000683       0x31 STM32F4-Discovery\stm32f4_discovery.o
 .ARM.attributes
                0x000006b4       0x31 FAT_FS\ff.o
 .ARM.attributes
                0x000006e5       0x31 FAT_FS\fattime.o
 .ARM.attributes
                0x00000716       0x31 ../../../../../Utilities/STM32F4-Discovery\libPDMFilter_GCC.a(pdm_filter.o)
 .ARM.attributes
                0x00000747       0x1b c:/program files/atollic/truestudio for stmicroelectronics stm32 lite 2.2.0/armtools/bin/../lib/gcc/arm-atollic-eabi/4.5.1/thumb/thumb2\libgcc.a(_arm_addsubdf3.o)
 .ARM.attributes
                0x00000762       0x1b c:/program files/atollic/truestudio for stmicroelectronics stm32 lite 2.2.0/armtools/bin/../lib/gcc/arm-atollic-eabi/4.5.1/thumb/thumb2\libgcc.a(_arm_muldivdf3.o)
 .ARM.attributes
                0x0000077d       0x1b c:/program files/atollic/truestudio for stmicroelectronics stm32 lite 2.2.0/armtools/bin/../lib/gcc/arm-atollic-eabi/4.5.1/thumb/thumb2\libgcc.a(_arm_fixunsdfsi.o)
 .ARM.attributes
                0x00000798       0x1b c:/program files/atollic/truestudio for stmicroelectronics stm32 lite 2.2.0/armtools/bin/../lib/gcc/arm-atollic-eabi/4.5.1/thumb/thumb2\libgcc.a(_arm_muldivsf3.o)
 .ARM.attributes
                0x000007b3       0x1b c:/program files/atollic/truestudio for stmicroelectronics stm32 lite 2.2.0/armtools/bin/../lib/gcc/arm-atollic-eabi/4.5.1/thumb/thumb2\libgcc.a(_arm_cmpsf2.o)
 .ARM.attributes
                0x000007ce       0x29 c:/program files/atollic/truestudio for stmicroelectronics stm32 lite 2.2.0/armtools/bin/../lib/gcc/arm-atollic-eabi/4.5.1/../../../../arm-atollic-eabi/lib/thumb/thumb2\libc.a(lib_a-init.o)
 .ARM.attributes
                0x000007f7       0x29 c:/program files/atollic/truestudio for stmicroelectronics stm32 lite 2.2.0/armtools/bin/../lib/gcc/arm-atollic-eabi/4.5.1/thumb/thumb2/crtend.o
 .ARM.attributes
                0x00000820       0x19 c:/program files/atollic/truestudio for stmicroelectronics stm32 lite 2.2.0/armtools/bin/../lib/gcc/arm-atollic-eabi/4.5.1/thumb/thumb2/crtn.o
OUTPUT(MEDIA_USB_KEY.elf elf32-littlearm)

.debug_line     0x00000000     0x9a27
 .debug_line    0x00000000       0x6d c:/program files/atollic/truestudio for stmicroelectronics stm32 lite 2.2.0/armtools/bin/../lib/gcc/arm-atollic-eabi/4.5.1/thumb/thumb2/crti.o
 .debug_line    0x0000006d      0x485 User\waverecorder.o
 .debug_line    0x000004f2      0x5a0 User\waveplayer.o
 .debug_line    0x00000a92      0x405 User\usbh_usr.o
 .debug_line    0x00000e97      0x370 User\usb_bsp.o
 .debug_line    0x00001207      0x1d8 User\system_stm32f4xx.o
 .debug_line    0x000013df      0x30f User\stm32f4xx_it.o
 .debug_line    0x000016ee      0x39e User\main.o
 .debug_line    0x00001a8c       0xb1 TrueSTUDIO\startup_stm32f4xx.o
 .debug_line    0x00001b3d      0x413 STM32_USB_OTG_Driver\usb_hcd_int.o
 .debug_line    0x00001f50      0x27c STM32_USB_OTG_Driver\usb_hcd.o
 .debug_line    0x000021cc      0x5ea STM32_USB_OTG_Driver\usb_core.o
 .debug_line    0x000027b6      0x382 STM32_USB_HOST_Library\Core\usbh_stdreq.o
 .debug_line    0x00002b38      0x2d3 STM32_USB_HOST_Library\Core\usbh_ioreq.o
 .debug_line    0x00002e0b      0x26f STM32_USB_HOST_Library\Core\usbh_hcs.o
 .debug_line    0x0000307a      0x398 STM32_USB_HOST_Library\Core\usbh_core.o
 .debug_line    0x00003412      0x3a5 STM32_USB_HOST_Library\Class\MSC\usbh_msc_scsi.o
 .debug_line    0x000037b7      0x331 STM32_USB_HOST_Library\Class\MSC\usbh_msc_fatfs.o
 .debug_line    0x00003ae8      0x356 STM32_USB_HOST_Library\Class\MSC\usbh_msc_core.o
 .debug_line    0x00003e3e      0x356 STM32_USB_HOST_Library\Class\MSC\usbh_msc_bot.o
 .debug_line    0x00004194      0xab8 STM32F4xx_StdPeriph_Driver\stm32f4xx_tim.o
 .debug_line    0x00004c4c      0x205 STM32F4xx_StdPeriph_Driver\stm32f4xx_syscfg.o
 .debug_line    0x00004e51      0x474 STM32F4xx_StdPeriph_Driver\stm32f4xx_spi.o
 .debug_line    0x000052c5      0x56a STM32F4xx_StdPeriph_Driver\stm32f4xx_rcc.o
 .debug_line    0x0000582f      0x4ec STM32F4xx_StdPeriph_Driver\stm32f4xx_i2c.o
 .debug_line    0x00005d1b      0x327 STM32F4xx_StdPeriph_Driver\stm32f4xx_gpio.o
 .debug_line    0x00006042      0x461 STM32F4xx_StdPeriph_Driver\stm32f4xx_flash.o
 .debug_line    0x000064a3      0x28e STM32F4xx_StdPeriph_Driver\stm32f4xx_exti.o
 .debug_line    0x00006731      0x3bc STM32F4xx_StdPeriph_Driver\stm32f4xx_dma.o
 .debug_line    0x00006aed      0x340 STM32F4xx_StdPeriph_Driver\stm32f4xx_dac.o
 .debug_line    0x00006e2d      0x559 STM32F4xx_StdPeriph_Driver\stm32f4xx_adc.o
 .debug_line    0x00007386      0x23d STM32F4xx_StdPeriph_Driver\misc.o
 .debug_line    0x000075c3      0x3ed STM32F4-Discovery\stm32f4_discovery_lis302dl.o
 .debug_line    0x000079b0      0x6d7 STM32F4-Discovery\stm32f4_discovery_audio_codec.o
 .debug_line    0x00008087      0x2c9 STM32F4-Discovery\stm32f4_discovery.o
 .debug_line    0x00008350      0xdbd FAT_FS\ff.o
 .debug_line    0x0000910d      0x186 FAT_FS\fattime.o
 .debug_line    0x00009293      0x213 c:/program files/atollic/truestudio for stmicroelectronics stm32 lite 2.2.0/armtools/bin/../lib/gcc/arm-atollic-eabi/4.5.1/thumb/thumb2\libgcc.a(_arm_addsubdf3.o)
 .debug_line    0x000094a6      0x22f c:/program files/atollic/truestudio for stmicroelectronics stm32 lite 2.2.0/armtools/bin/../lib/gcc/arm-atollic-eabi/4.5.1/thumb/thumb2\libgcc.a(_arm_muldivdf3.o)
 .debug_line    0x000096d5       0x89 c:/program files/atollic/truestudio for stmicroelectronics stm32 lite 2.2.0/armtools/bin/../lib/gcc/arm-atollic-eabi/4.5.1/thumb/thumb2\libgcc.a(_arm_fixunsdfsi.o)
 .debug_line    0x0000975e      0x150 c:/program files/atollic/truestudio for stmicroelectronics stm32 lite 2.2.0/armtools/bin/../lib/gcc/arm-atollic-eabi/4.5.1/thumb/thumb2\libgcc.a(_arm_muldivsf3.o)
 .debug_line    0x000098ae      0x109 c:/program files/atollic/truestudio for stmicroelectronics stm32 lite 2.2.0/armtools/bin/../lib/gcc/arm-atollic-eabi/4.5.1/thumb/thumb2\libgcc.a(_arm_cmpsf2.o)
 .debug_line    0x000099b7       0x70 c:/program files/atollic/truestudio for stmicroelectronics stm32 lite 2.2.0/armtools/bin/../lib/gcc/arm-atollic-eabi/4.5.1/thumb/thumb2/crtn.o

.debug_info     0x00000000    0x248f8
 .debug_info    0x00000000       0x7e c:/program files/atollic/truestudio for stmicroelectronics stm32 lite 2.2.0/armtools/bin/../lib/gcc/arm-atollic-eabi/4.5.1/thumb/thumb2/crti.o
 .debug_info    0x0000007e     0x1a97 User\waverecorder.o
 .debug_info    0x00001b15     0x1db3 User\waveplayer.o
 .debug_info    0x000038c8      0xe01 User\usbh_usr.o
 .debug_info    0x000046c9     0x13c5 User\usb_bsp.o
 .debug_info    0x00005a8e      0x643 User\system_stm32f4xx.o
 .debug_info    0x000060d1      0xf3a User\stm32f4xx_it.o
 .debug_info    0x0000700b     0x1fa0 User\main.o
 .debug_info    0x00008fab      0x111 TrueSTUDIO\startup_stm32f4xx.o
 .debug_info    0x000090bc     0x1f6c STM32_USB_OTG_Driver\usb_hcd_int.o
 .debug_info    0x0000b028      0xdc2 STM32_USB_OTG_Driver\usb_hcd.o
 .debug_info    0x0000bdea     0x230c STM32_USB_OTG_Driver\usb_core.o
 .debug_info    0x0000e0f6     0x1972 STM32_USB_HOST_Library\Core\usbh_stdreq.o
 .debug_info    0x0000fa68     0x16fa STM32_USB_HOST_Library\Core\usbh_ioreq.o
 .debug_info    0x00011162      0xc5a STM32_USB_HOST_Library\Core\usbh_hcs.o
 .debug_info    0x00011dbc     0x1689 STM32_USB_HOST_Library\Core\usbh_core.o
 .debug_info    0x00013445     0x100f STM32_USB_HOST_Library\Class\MSC\usbh_msc_scsi.o
 .debug_info    0x00014454     0x168b STM32_USB_HOST_Library\Class\MSC\usbh_msc_fatfs.o
 .debug_info    0x00015adf     0x180a STM32_USB_HOST_Library\Class\MSC\usbh_msc_core.o
 .debug_info    0x000172e9     0x1892 STM32_USB_HOST_Library\Class\MSC\usbh_msc_bot.o
 .debug_info    0x00018b7b     0x1e1d STM32F4xx_StdPeriph_Driver\stm32f4xx_tim.o
 .debug_info    0x0001a998      0x279 STM32F4xx_StdPeriph_Driver\stm32f4xx_syscfg.o
 .debug_info    0x0001ac11      0xbb5 STM32F4xx_StdPeriph_Driver\stm32f4xx_spi.o
 .debug_info    0x0001b7c6      0xd05 STM32F4xx_StdPeriph_Driver\stm32f4xx_rcc.o
 .debug_info    0x0001c4cb      0xb6f STM32F4xx_StdPeriph_Driver\stm32f4xx_i2c.o
 .debug_info    0x0001d03a      0x62d STM32F4xx_StdPeriph_Driver\stm32f4xx_gpio.o
 .debug_info    0x0001d667      0x781 STM32F4xx_StdPeriph_Driver\stm32f4xx_flash.o
 .debug_info    0x0001dde8      0x370 STM32F4xx_StdPeriph_Driver\stm32f4xx_exti.o
 .debug_info    0x0001e158      0x78b STM32F4xx_StdPeriph_Driver\stm32f4xx_dma.o
 .debug_info    0x0001e8e3      0x689 STM32F4xx_StdPeriph_Driver\stm32f4xx_dac.o
 .debug_info    0x0001ef6c      0xcce STM32F4xx_StdPeriph_Driver\stm32f4xx_adc.o
 .debug_info    0x0001fc3a      0x596 STM32F4xx_StdPeriph_Driver\misc.o
 .debug_info    0x000201d0      0x870 STM32F4-Discovery\stm32f4_discovery_lis302dl.o
 .debug_info    0x00020a40     0x13ab STM32F4-Discovery\stm32f4_discovery_audio_codec.o
 .debug_info    0x00021deb      0x967 STM32F4-Discovery\stm32f4_discovery.o
 .debug_info    0x00022752     0x1cc0 FAT_FS\ff.o
 .debug_info    0x00024412       0xc6 FAT_FS\fattime.o
 .debug_info    0x000244d8       0xba c:/program files/atollic/truestudio for stmicroelectronics stm32 lite 2.2.0/armtools/bin/../lib/gcc/arm-atollic-eabi/4.5.1/thumb/thumb2\libgcc.a(_arm_addsubdf3.o)
 .debug_info    0x00024592       0xba c:/program files/atollic/truestudio for stmicroelectronics stm32 lite 2.2.0/armtools/bin/../lib/gcc/arm-atollic-eabi/4.5.1/thumb/thumb2\libgcc.a(_arm_muldivdf3.o)
 .debug_info    0x0002464c       0xba c:/program files/atollic/truestudio for stmicroelectronics stm32 lite 2.2.0/armtools/bin/../lib/gcc/arm-atollic-eabi/4.5.1/thumb/thumb2\libgcc.a(_arm_fixunsdfsi.o)
 .debug_info    0x00024706       0xba c:/program files/atollic/truestudio for stmicroelectronics stm32 lite 2.2.0/armtools/bin/../lib/gcc/arm-atollic-eabi/4.5.1/thumb/thumb2\libgcc.a(_arm_muldivsf3.o)
 .debug_info    0x000247c0       0xba c:/program files/atollic/truestudio for stmicroelectronics stm32 lite 2.2.0/armtools/bin/../lib/gcc/arm-atollic-eabi/4.5.1/thumb/thumb2\libgcc.a(_arm_cmpsf2.o)
 .debug_info    0x0002487a       0x7e c:/program files/atollic/truestudio for stmicroelectronics stm32 lite 2.2.0/armtools/bin/../lib/gcc/arm-atollic-eabi/4.5.1/thumb/thumb2/crtn.o

.debug_abbrev   0x00000000     0x4a29
 .debug_abbrev  0x00000000       0x12 c:/program files/atollic/truestudio for stmicroelectronics stm32 lite 2.2.0/armtools/bin/../lib/gcc/arm-atollic-eabi/4.5.1/thumb/thumb2/crti.o
 .debug_abbrev  0x00000012      0x293 User\waverecorder.o
 .debug_abbrev  0x000002a5      0x38b User\waveplayer.o
 .debug_abbrev  0x00000630      0x215 User\usbh_usr.o
 .debug_abbrev  0x00000845      0x2aa User\usb_bsp.o
 .debug_abbrev  0x00000aef      0x16e User\system_stm32f4xx.o
 .debug_abbrev  0x00000c5d      0x1d3 User\stm32f4xx_it.o
 .debug_abbrev  0x00000e30      0x2a1 User\main.o
 .debug_abbrev  0x000010d1       0x12 TrueSTUDIO\startup_stm32f4xx.o
 .debug_abbrev  0x000010e3      0x244 STM32_USB_OTG_Driver\usb_hcd_int.o
 .debug_abbrev  0x00001327      0x1aa STM32_USB_OTG_Driver\usb_hcd.o
 .debug_abbrev  0x000014d1      0x326 STM32_USB_OTG_Driver\usb_core.o
 .debug_abbrev  0x000017f7      0x2f4 STM32_USB_HOST_Library\Core\usbh_stdreq.o
 .debug_abbrev  0x00001aeb      0x208 STM32_USB_HOST_Library\Core\usbh_ioreq.o
 .debug_abbrev  0x00001cf3      0x1f0 STM32_USB_HOST_Library\Core\usbh_hcs.o
 .debug_abbrev  0x00001ee3      0x2d3 STM32_USB_HOST_Library\Core\usbh_core.o
 .debug_abbrev  0x000021b6      0x1d3 STM32_USB_HOST_Library\Class\MSC\usbh_msc_scsi.o
 .debug_abbrev  0x00002389      0x215 STM32_USB_HOST_Library\Class\MSC\usbh_msc_fatfs.o
 .debug_abbrev  0x0000259e      0x2b6 STM32_USB_HOST_Library\Class\MSC\usbh_msc_core.o
 .debug_abbrev  0x00002854      0x21b STM32_USB_HOST_Library\Class\MSC\usbh_msc_bot.o
 .debug_abbrev  0x00002a6f      0x20e STM32F4xx_StdPeriph_Driver\stm32f4xx_tim.o
 .debug_abbrev  0x00002c7d      0x152 STM32F4xx_StdPeriph_Driver\stm32f4xx_syscfg.o
 .debug_abbrev  0x00002dcf      0x1ae STM32F4xx_StdPeriph_Driver\stm32f4xx_spi.o
 .debug_abbrev  0x00002f7d      0x1f8 STM32F4xx_StdPeriph_Driver\stm32f4xx_rcc.o
 .debug_abbrev  0x00003175      0x196 STM32F4xx_StdPeriph_Driver\stm32f4xx_i2c.o
 .debug_abbrev  0x0000330b      0x1d0 STM32F4xx_StdPeriph_Driver\stm32f4xx_gpio.o
 .debug_abbrev  0x000034db      0x1c7 STM32F4xx_StdPeriph_Driver\stm32f4xx_flash.o
 .debug_abbrev  0x000036a2      0x1cf STM32F4xx_StdPeriph_Driver\stm32f4xx_exti.o
 .debug_abbrev  0x00003871      0x19e STM32F4xx_StdPeriph_Driver\stm32f4xx_dma.o
 .debug_abbrev  0x00003a0f      0x1d9 STM32F4xx_StdPeriph_Driver\stm32f4xx_dac.o
 .debug_abbrev  0x00003be8      0x1d7 STM32F4xx_StdPeriph_Driver\stm32f4xx_adc.o
 .debug_abbrev  0x00003dbf      0x14e STM32F4xx_StdPeriph_Driver\misc.o
 .debug_abbrev  0x00003f0d      0x1f9 STM32F4-Discovery\stm32f4_discovery_lis302dl.o
 .debug_abbrev  0x00004106      0x35c STM32F4-Discovery\stm32f4_discovery_audio_codec.o
 .debug_abbrev  0x00004462      0x19e STM32F4-Discovery\stm32f4_discovery.o
 .debug_abbrev  0x00004600      0x34b FAT_FS\ff.o
 .debug_abbrev  0x0000494b       0x68 FAT_FS\fattime.o
 .debug_abbrev  0x000049b3       0x14 c:/program files/atollic/truestudio for stmicroelectronics stm32 lite 2.2.0/armtools/bin/../lib/gcc/arm-atollic-eabi/4.5.1/thumb/thumb2\libgcc.a(_arm_addsubdf3.o)
 .debug_abbrev  0x000049c7       0x14 c:/program files/atollic/truestudio for stmicroelectronics stm32 lite 2.2.0/armtools/bin/../lib/gcc/arm-atollic-eabi/4.5.1/thumb/thumb2\libgcc.a(_arm_muldivdf3.o)
 .debug_abbrev  0x000049db       0x14 c:/program files/atollic/truestudio for stmicroelectronics stm32 lite 2.2.0/armtools/bin/../lib/gcc/arm-atollic-eabi/4.5.1/thumb/thumb2\libgcc.a(_arm_fixunsdfsi.o)
 .debug_abbrev  0x000049ef       0x14 c:/program files/atollic/truestudio for stmicroelectronics stm32 lite 2.2.0/armtools/bin/../lib/gcc/arm-atollic-eabi/4.5.1/thumb/thumb2\libgcc.a(_arm_muldivsf3.o)
 .debug_abbrev  0x00004a03       0x14 c:/program files/atollic/truestudio for stmicroelectronics stm32 lite 2.2.0/armtools/bin/../lib/gcc/arm-atollic-eabi/4.5.1/thumb/thumb2\libgcc.a(_arm_cmpsf2.o)
 .debug_abbrev  0x00004a17       0x12 c:/program files/atollic/truestudio for stmicroelectronics stm32 lite 2.2.0/armtools/bin/../lib/gcc/arm-atollic-eabi/4.5.1/thumb/thumb2/crtn.o

.debug_aranges  0x00000000     0x1640
 .debug_aranges
                0x00000000       0x28 c:/program files/atollic/truestudio for stmicroelectronics stm32 lite 2.2.0/armtools/bin/../lib/gcc/arm-atollic-eabi/4.5.1/thumb/thumb2/crti.o
 .debug_aranges
                0x00000028       0x48 User\waverecorder.o
 .debug_aranges
                0x00000070       0xa0 User\waveplayer.o
 .debug_aranges
                0x00000110       0xb0 User\usbh_usr.o
 .debug_aranges
                0x000001c0       0x60 User\usb_bsp.o
 .debug_aranges
                0x00000220       0x28 User\system_stm32f4xx.o
 .debug_aranges
                0x00000248       0x88 User\stm32f4xx_it.o
 .debug_aranges
                0x000002d0       0x20 User\main.o
 .debug_aranges
                0x000002f0       0x28 TrueSTUDIO\startup_stm32f4xx.o
 .debug_aranges
                0x00000318       0x70 STM32_USB_OTG_Driver\usb_hcd_int.o
 .debug_aranges
                0x00000388       0x68 STM32_USB_OTG_Driver\usb_hcd.o
 .debug_aranges
                0x000003f0       0xf8 STM32_USB_OTG_Driver\usb_core.o
 .debug_aranges
                0x000004e8       0x58 STM32_USB_HOST_Library\Core\usbh_stdreq.o
 .debug_aranges
                0x00000540       0x58 STM32_USB_HOST_Library\Core\usbh_ioreq.o
 .debug_aranges
                0x00000598       0x40 STM32_USB_HOST_Library\Core\usbh_hcs.o
 .debug_aranges
                0x000005d8       0x50 STM32_USB_HOST_Library\Core\usbh_core.o
 .debug_aranges
                0x00000628       0x48 STM32_USB_HOST_Library\Class\MSC\usbh_msc_scsi.o
 .debug_aranges
                0x00000670       0x40 STM32_USB_HOST_Library\Class\MSC\usbh_msc_fatfs.o
 .debug_aranges
                0x000006b0       0x40 STM32_USB_HOST_Library\Class\MSC\usbh_msc_core.o
 .debug_aranges
                0x000006f0       0x38 STM32_USB_HOST_Library\Class\MSC\usbh_msc_bot.o
 .debug_aranges
                0x00000728      0x2e8 STM32F4xx_StdPeriph_Driver\stm32f4xx_tim.o
 .debug_aranges
                0x00000a10       0x48 STM32F4xx_StdPeriph_Driver\stm32f4xx_syscfg.o
 .debug_aranges
                0x00000a58       0xe0 STM32F4xx_StdPeriph_Driver\stm32f4xx_spi.o
 .debug_aranges
                0x00000b38      0x178 STM32F4xx_StdPeriph_Driver\stm32f4xx_rcc.o
 .debug_aranges
                0x00000cb0      0x120 STM32F4xx_StdPeriph_Driver\stm32f4xx_i2c.o
 .debug_aranges
                0x00000dd0       0x88 STM32F4xx_StdPeriph_Driver\stm32f4xx_gpio.o
 .debug_aranges
                0x00000e58      0x108 STM32F4xx_StdPeriph_Driver\stm32f4xx_flash.o
 .debug_aranges
                0x00000f60       0x58 STM32F4xx_StdPeriph_Driver\stm32f4xx_exti.o
 .debug_aranges
                0x00000fb8       0xb0 STM32F4xx_StdPeriph_Driver\stm32f4xx_dma.o
 .debug_aranges
                0x00001068       0xa0 STM32F4xx_StdPeriph_Driver\stm32f4xx_dac.o
 .debug_aranges
                0x00001108      0x148 STM32F4xx_StdPeriph_Driver\stm32f4xx_adc.o
 .debug_aranges
                0x00001250       0x40 STM32F4xx_StdPeriph_Driver\misc.o
 .debug_aranges
                0x00001290       0x70 STM32F4-Discovery\stm32f4_discovery_lis302dl.o
 .debug_aranges
                0x00001300       0xb0 STM32F4-Discovery\stm32f4_discovery_audio_codec.o
 .debug_aranges
                0x000013b0       0x48 STM32F4-Discovery\stm32f4_discovery.o
 .debug_aranges
                0x000013f8      0x160 FAT_FS\ff.o
 .debug_aranges
                0x00001558       0x20 FAT_FS\fattime.o
 .debug_aranges
                0x00001578       0x20 c:/program files/atollic/truestudio for stmicroelectronics stm32 lite 2.2.0/armtools/bin/../lib/gcc/arm-atollic-eabi/4.5.1/thumb/thumb2\libgcc.a(_arm_addsubdf3.o)
 .debug_aranges
                0x00001598       0x20 c:/program files/atollic/truestudio for stmicroelectronics stm32 lite 2.2.0/armtools/bin/../lib/gcc/arm-atollic-eabi/4.5.1/thumb/thumb2\libgcc.a(_arm_muldivdf3.o)
 .debug_aranges
                0x000015b8       0x20 c:/program files/atollic/truestudio for stmicroelectronics stm32 lite 2.2.0/armtools/bin/../lib/gcc/arm-atollic-eabi/4.5.1/thumb/thumb2\libgcc.a(_arm_fixunsdfsi.o)
 .debug_aranges
                0x000015d8       0x20 c:/program files/atollic/truestudio for stmicroelectronics stm32 lite 2.2.0/armtools/bin/../lib/gcc/arm-atollic-eabi/4.5.1/thumb/thumb2\libgcc.a(_arm_muldivsf3.o)
 .debug_aranges
                0x000015f8       0x20 c:/program files/atollic/truestudio for stmicroelectronics stm32 lite 2.2.0/armtools/bin/../lib/gcc/arm-atollic-eabi/4.5.1/thumb/thumb2\libgcc.a(_arm_cmpsf2.o)
 .debug_aranges
                0x00001618       0x28 c:/program files/atollic/truestudio for stmicroelectronics stm32 lite 2.2.0/armtools/bin/../lib/gcc/arm-atollic-eabi/4.5.1/thumb/thumb2/crtn.o

.debug_ranges   0x00000000     0x15b0
 .debug_ranges  0x00000000       0x20 c:/program files/atollic/truestudio for stmicroelectronics stm32 lite 2.2.0/armtools/bin/../lib/gcc/arm-atollic-eabi/4.5.1/thumb/thumb2/crti.o
 .debug_ranges  0x00000020       0x68 User\waverecorder.o
 .debug_ranges  0x00000088       0xc0 User\waveplayer.o
 .debug_ranges  0x00000148       0xa0 User\usbh_usr.o
 .debug_ranges  0x000001e8       0x50 User\usb_bsp.o
 .debug_ranges  0x00000238       0x18 User\system_stm32f4xx.o